Component: ARM Compiler 5.06 update 5 (build 528) Tool: armlink [4d35e2]

==============================================================================

Section Cross References

    startup_stm32f407xx.o(RESET) refers to startup_stm32f407xx.o(STACK) for __initial_sp
    startup_stm32f407xx.o(RESET) refers to startup_stm32f407xx.o(.text) for Reset_Handler
    startup_stm32f407xx.o(RESET) refers to stm32f4xx_it.o(i.NMI_Handler) for NMI_Handler
    startup_stm32f407xx.o(RESET) refers to stm32f4xx_it.o(i.HardFault_Handler) for HardFault_Handler
    startup_stm32f407xx.o(RESET) refers to stm32f4xx_it.o(i.MemManage_Handler) for MemManage_Handler
    startup_stm32f407xx.o(RESET) refers to stm32f4xx_it.o(i.BusFault_Handler) for BusFault_Handler
    startup_stm32f407xx.o(RESET) refers to stm32f4xx_it.o(i.UsageFault_Handler) for UsageFault_Handler
    startup_stm32f407xx.o(RESET) refers to port.o(.emb_text) for SVC_Handler
    startup_stm32f407xx.o(RESET) refers to stm32f4xx_it.o(i.DebugMon_Handler) for DebugMon_Handler
    startup_stm32f407xx.o(RESET) refers to port.o(i.SysTick_Handler) for SysTick_Handler
    startup_stm32f407xx.o(RESET) refers to stm32f4xx_it.o(i.EXTI0_IRQHandler) for EXTI0_IRQHandler
    startup_stm32f407xx.o(RESET) refers to stm32f4xx_it.o(i.EXTI3_IRQHandler) for EXTI3_IRQHandler
    startup_stm32f407xx.o(RESET) refers to stm32f4xx_it.o(i.EXTI4_IRQHandler) for EXTI4_IRQHandler
    startup_stm32f407xx.o(RESET) refers to stm32f4xx_it.o(i.CAN1_RX0_IRQHandler) for CAN1_RX0_IRQHandler
    startup_stm32f407xx.o(RESET) refers to stm32f4xx_it.o(i.EXTI9_5_IRQHandler) for EXTI9_5_IRQHandler
    startup_stm32f407xx.o(RESET) refers to remote_receive.o(i.USART3_IRQHandler) for USART3_IRQHandler
    startup_stm32f407xx.o(RESET) refers to stm32f4xx_it.o(i.TIM6_DAC_IRQHandler) for TIM6_DAC_IRQHandler
    startup_stm32f407xx.o(RESET) refers to stm32f4xx_it.o(i.DMA2_Stream1_IRQHandler) for DMA2_Stream1_IRQHandler
    startup_stm32f407xx.o(RESET) refers to ins_task.o(i.DMA2_Stream2_IRQHandler) for DMA2_Stream2_IRQHandler
    startup_stm32f407xx.o(RESET) refers to stm32f4xx_it.o(i.CAN2_RX0_IRQHandler) for CAN2_RX0_IRQHandler
    startup_stm32f407xx.o(RESET) refers to stm32f4xx_it.o(i.OTG_FS_IRQHandler) for OTG_FS_IRQHandler
    startup_stm32f407xx.o(RESET) refers to stm32f4xx_it.o(i.DMA2_Stream6_IRQHandler) for DMA2_Stream6_IRQHandler
    startup_stm32f407xx.o(RESET) refers to stm32f4xx_it.o(i.DMA2_Stream7_IRQHandler) for DMA2_Stream7_IRQHandler
    startup_stm32f407xx.o(.text) refers to system_stm32f4xx.o(i.SystemInit) for SystemInit
    startup_stm32f407xx.o(.text) refers to entry.o(.ARM.Collect$$$$00000000) for __main
    main.o(i.HAL_TIM_PeriodElapsedCallback) refers to stm32f4xx_hal.o(i.HAL_IncTick) for HAL_IncTick
    main.o(i.SystemClock_Config) refers to memseta.o(.text) for __aeabi_memclr4
    main.o(i.SystemClock_Config) refers to stm32f4xx_hal_rcc.o(i.HAL_RCC_OscConfig) for HAL_RCC_OscConfig
    main.o(i.SystemClock_Config) refers to stm32f4xx_hal_rcc.o(i.HAL_RCC_ClockConfig) for HAL_RCC_ClockConfig
    main.o(i.main) refers to stm32f4xx_hal.o(i.HAL_Init) for HAL_Init
    main.o(i.main) refers to main.o(i.SystemClock_Config) for SystemClock_Config
    main.o(i.main) refers to gpio.o(i.MX_GPIO_Init) for MX_GPIO_Init
    main.o(i.main) refers to dma.o(i.MX_DMA_Init) for MX_DMA_Init
    main.o(i.main) refers to spi.o(i.MX_SPI1_Init) for MX_SPI1_Init
    main.o(i.main) refers to i2c.o(i.MX_I2C3_Init) for MX_I2C3_Init
    main.o(i.main) refers to usart.o(i.MX_USART3_UART_Init) for MX_USART3_UART_Init
    main.o(i.main) refers to tim.o(i.MX_TIM4_Init) for MX_TIM4_Init
    main.o(i.main) refers to can.o(i.MX_CAN1_Init) for MX_CAN1_Init
    main.o(i.main) refers to can.o(i.MX_CAN2_Init) for MX_CAN2_Init
    main.o(i.main) refers to usart.o(i.MX_USART1_UART_Init) for MX_USART1_UART_Init
    main.o(i.main) refers to tim.o(i.MX_TIM5_Init) for MX_TIM5_Init
    main.o(i.main) refers to tim.o(i.MX_TIM8_Init) for MX_TIM8_Init
    main.o(i.main) refers to usart.o(i.MX_USART6_UART_Init) for MX_USART6_UART_Init
    main.o(i.main) refers to tim.o(i.MX_TIM1_Init) for MX_TIM1_Init
    main.o(i.main) refers to stm32f4xx_hal_tim.o(i.HAL_TIM_Base_Start) for HAL_TIM_Base_Start
    main.o(i.main) refers to stm32f4xx_hal_tim.o(i.HAL_TIM_PWM_Start) for HAL_TIM_PWM_Start
    main.o(i.main) refers to remote_receive.o(i.remote_receive_init) for remote_receive_init
    main.o(i.main) refers to bsp_usart.o(i.usart1_tx_dma_init) for usart1_tx_dma_init
    main.o(i.main) refers to bsp_can.o(i.can_filter_init) for can_filter_init
    main.o(i.main) refers to freertos.o(i.MX_FREERTOS_Init) for MX_FREERTOS_Init
    main.o(i.main) refers to cmsis_os.o(i.osKernelStart) for osKernelStart
    main.o(i.main) refers to tim.o(.bss) for htim4
    gpio.o(i.MX_GPIO_Init) refers to memseta.o(.text) for __aeabi_memclr4
    gpio.o(i.MX_GPIO_Init) refers to stm32f4xx_hal_gpio.o(i.HAL_GPIO_WritePin) for HAL_GPIO_WritePin
[...]
    USBD_CoreFindEP                          0x080071e7   Thumb Code     4  usbd_core.o(i.USBD_CoreFindEP)
    USBD_CoreFindIF                          0x080071eb   Thumb Code     4  usbd_core.o(i.USBD_CoreFindIF)
    USBD_CtlContinueRx                       0x080071ef   Thumb Code    16  usbd_ioreq.o(i.USBD_CtlContinueRx)
    USBD_CtlContinueSendData                 0x080071ff   Thumb Code    16  usbd_ioreq.o(i.USBD_CtlContinueSendData)
    USBD_CtlError                            0x0800720f   Thumb Code    24  usbd_ctlreq.o(i.USBD_CtlError)
    USBD_CtlReceiveStatus                    0x08007227   Thumb Code    22  usbd_ioreq.o(i.USBD_CtlReceiveStatus)
    USBD_CtlSendData                         0x0800723d   Thumb Code    26  usbd_ioreq.o(i.USBD_CtlSendData)
    USBD_CtlSendStatus                       0x08007257   Thumb Code    22  usbd_ioreq.o(i.USBD_CtlSendStatus)
    USBD_Get_USB_Status                      0x0800748b   Thumb Code    36  usbd_conf.o(i.USBD_Get_USB_Status)
    USBD_LL_ClearStallEP                     0x080074af   Thumb Code    18  usbd_conf.o(i.USBD_LL_ClearStallEP)
    USBD_LL_DataInStage                      0x080074c1   Thumb Code   220  usbd_core.o(i.USBD_LL_DataInStage)
    USBD_LL_DataOutStage                     0x0800759d   Thumb Code   208  usbd_core.o(i.USBD_LL_DataOutStage)
    USBD_LL_DevConnected                     0x0800766d   Thumb Code     4  usbd_core.o(i.USBD_LL_DevConnected)
    USBD_LL_DevDisconnected                  0x08007671   Thumb Code    32  usbd_core.o(i.USBD_LL_DevDisconnected)
    USBD_LL_IsStallEP                        0x08007691   Thumb Code    32  usbd_conf.o(i.USBD_LL_IsStallEP)
    USBD_LL_IsoINIncomplete                  0x080076b1   Thumb Code    42  usbd_core.o(i.USBD_LL_IsoINIncomplete)
    USBD_LL_IsoOUTIncomplete                 0x080076db   Thumb Code    42  usbd_core.o(i.USBD_LL_IsoOUTIncomplete)
    USBD_LL_OpenEP                           0x08007705   Thumb Code    24  usbd_conf.o(i.USBD_LL_OpenEP)
    USBD_LL_PrepareReceive                   0x0800771d   Thumb Code    18  usbd_conf.o(i.USBD_LL_PrepareReceive)
    USBD_LL_Reset                            0x0800772f   Thumb Code    96  usbd_core.o(i.USBD_LL_Reset)
    USBD_LL_Resume                           0x0800778f   Thumb Code    20  usbd_core.o(i.USBD_LL_Resume)
    USBD_LL_SOF                              0x080077a3   Thumb Code    26  usbd_core.o(i.USBD_LL_SOF)
    USBD_LL_SetSpeed                         0x080077bd   Thumb Code     6  usbd_core.o(i.USBD_LL_SetSpeed)
    USBD_LL_SetUSBAddress                    0x080077c3   Thumb Code    18  usbd_conf.o(i.USBD_LL_SetUSBAddress)
    USBD_LL_SetupStage                       0x080077d5   Thumb Code   100  usbd_core.o(i.USBD_LL_SetupStage)
    USBD_LL_StallEP                          0x08007839   Thumb Code    18  usbd_conf.o(i.USBD_LL_StallEP)
    USBD_LL_Suspend                          0x0800784b   Thumb Code    26  usbd_core.o(i.USBD_LL_Suspend)
    USBD_LL_Transmit                         0x08007865   Thumb Code    18  usbd_conf.o(i.USBD_LL_Transmit)
    USBD_ParseSetupRequest                   0x08007877   Thumb Code    50  usbd_ctlreq.o(i.USBD_ParseSetupRequest)
    USBD_RunTestMode                         0x080078a9   Thumb Code     4  usbd_core.o(i.USBD_RunTestMode)
    USBD_SetClassConfig                      0x08007905   Thumb Code    20  usbd_core.o(i.USBD_SetClassConfig)
    USBD_StdDevReq                           0x08007a19   Thumb Code   118  usbd_ctlreq.o(i.USBD_StdDevReq)
    USBD_StdEPReq                            0x08007a8f   Thumb Code   558  usbd_ctlreq.o(i.USBD_StdEPReq)
    USBD_StdItfReq                           0x08007cbd   Thumb Code   142  usbd_ctlreq.o(i.USBD_StdItfReq)
    USB_ActivateEndpoint                     0x08007d4d   Thumb Code   122  stm32f4xx_ll_usb.o(i.USB_ActivateEndpoint)
    USB_ActivateSetup                        0x08007dcd   Thumb Code    28  stm32f4xx_ll_usb.o(i.USB_ActivateSetup)
    USB_EP0_OutStart                         0x08007de9   Thumb Code    84  stm32f4xx_ll_usb.o(i.USB_EP0_OutStart)
    USB_EPClearStall                         0x08007e41   Thumb Code    88  stm32f4xx_ll_usb.o(i.USB_EPClearStall)
    USB_EPSetStall                           0x08007e99   Thumb Code    88  stm32f4xx_ll_usb.o(i.USB_EPSetStall)
    USB_EPStartXfer                          0x08007ef1   Thumb Code   562  stm32f4xx_ll_usb.o(i.USB_EPStartXfer)
    USB_EPStopXfer                           0x08008129   Thumb Code   158  stm32f4xx_ll_usb.o(i.USB_EPStopXfer)
    USB_FlushTxFifo                          0x080081c7   Thumb Code    60  stm32f4xx_ll_usb.o(i.USB_FlushTxFifo)
    USB_GetDevSpeed                          0x08008203   Thumb Code    26  stm32f4xx_ll_usb.o(i.USB_GetDevSpeed)
    USB_GetMode                              0x0800821d   Thumb Code     8  stm32f4xx_ll_usb.o(i.USB_GetMode)
    USB_ReadDevAllInEpInterrupt              0x08008225   Thumb Code    14  stm32f4xx_ll_usb.o(i.USB_ReadDevAllInEpInterrupt)
    USB_ReadDevAllOutEpInterrupt             0x08008233   Thumb Code    14  stm32f4xx_ll_usb.o(i.USB_ReadDevAllOutEpInterrupt)
    USB_ReadDevInEPInterrupt                 0x08008241   Thumb Code    36  stm32f4xx_ll_usb.o(i.USB_ReadDevInEPInterrupt)
    USB_ReadDevOutEPInterrupt                0x08008265   Thumb Code    16  stm32f4xx_ll_usb.o(i.USB_ReadDevOutEPInterrupt)
    USB_ReadInterrupts                       0x08008275   Thumb Code     8  stm32f4xx_ll_usb.o(i.USB_ReadInterrupts)
    USB_ReadPacket                           0x0800827d   Thumb Code    62  stm32f4xx_ll_usb.o(i.USB_ReadPacket)
    USB_SetDevAddress                        0x080082bb   Thumb Code    34  stm32f4xx_ll_usb.o(i.USB_SetDevAddress)
    USB_SetTurnaroundTime                    0x080082dd   Thumb Code   158  stm32f4xx_ll_usb.o(i.USB_SetTurnaroundTime)
    USB_WritePacket                          0x080083c5   Thumb Code    40  stm32f4xx_ll_usb.o(i.USB_WritePacket)
    UsageFault_Handler                       0x080083ed   Thumb Code     2  stm32f4xx_it.o(i.UsageFault_Handler)
    __0vsprintf                              0x080083f1   Thumb Code    30  printfa.o(i.__0vsprintf)
    __1vsprintf                              0x080083f1   Thumb Code     0  printfa.o(i.__0vsprintf)
    __2vsprintf                              0x080083f1   Thumb Code     0  printfa.o(i.__0vsprintf)
    __c89vsprintf                            0x080083f1   Thumb Code     0  printfa.o(i.__0vsprintf)
    vsprintf                                 0x080083f1   Thumb Code     0  printfa.o(i.__0vsprintf)
    __ARM_fpclassifyf                        0x08008415   Thumb Code    38  fpclassifyf.o(i.__ARM_fpclassifyf)
    __hardfp_asinf                           0x0800845d   Thumb Code   258  asinf.o(i.__hardfp_asinf)
    __hardfp_atan2f                          0x08008589   Thumb Code   502  atan2f.o(i.__hardfp_atan2f)
    __hardfp_sqrtf                           0x080087d9   Thumb Code    58  sqrtf.o(i.__hardfp_sqrtf)
    __mathlib_flt_infnan                     0x08008813   Thumb Code     6  funder.o(i.__mathlib_flt_infnan)
    __mathlib_flt_infnan2                    0x08008819   Thumb Code     6  funder.o(i.__mathlib_flt_infnan2)
    __mathlib_flt_invalid                    0x08008821   Thumb Code    10  funder.o(i.__mathlib_flt_invalid)
    __mathlib_flt_underflow                  0x08008831   Thumb Code    10  funder.o(i.__mathlib_flt_underflow)
    __scatterload_copy                       0x08008841   Thumb Code    14  handlers.o(i.__scatterload_copy)
    __scatterload_null                       0x0800884f   Thumb Code     2  handlers.o(i.__scatterload_null)
    __scatterload_zeroinit                   0x08008851   Thumb Code    14  handlers.o(i.__scatterload_zeroinit)
    __set_errno                              0x08008861   Thumb Code     6  errno.o(i.__set_errno)
    aRGB_led_show                            0x08009129   Thumb Code    52  bsp_led.o(i.aRGB_led_show)
    adsorption_task                          0x0800952d   Thumb Code     8  adsorption_task.o(i.adsorption_task)
    bmi088_accel_init                        0x080096a1   Thumb Code   292  bmi088driver.o(i.bmi088_accel_init)
    bmi088_accel_self_test                   0x080097c9   Thumb Code   698  bmi088driver.o(i.bmi088_accel_self_test)
    bmi088_gyro_init                         0x08009a89   Thumb Code   214  bmi088driver.o(i.bmi088_gyro_init)
    bmi088_gyro_self_test                    0x08009b65   Thumb Code   202  bmi088driver.o(i.bmi088_gyro_self_test)
    buzzer_off                               0x08009c31   Thumb Code    10  bsp_buzzer.o(i.buzzer_off)
    buzzer_on                                0x08009c41   Thumb Code    12  bsp_buzzer.o(i.buzzer_on)
    buzzer_task                              0x08009c51   Thumb Code   134  buzzer_task.o(i.buzzer_task)
    can_filter_init                          0x08009ce1   Thumb Code    52  bsp_can.o(i.can_filter_init)
    car_task                                 0x08009d19   Thumb Code    40  car_task.o(i.car_task)
    chassis_control_calc                     0x08009d41   Thumb Code    22  chassis_control.o(i.chassis_control_calc)
    chassis_control_init                     0x08009d5d   Thumb Code    20  chassis_control.o(i.chassis_control_init)
    chassis_set_control                      0x08009d79   Thumb Code   128  chassis_control.o(i.chassis_set_control)
    delay_us                                 0x08009e45   Thumb Code    26  bsp_delay.o(i.delay_us)
    detect_hook                              0x08009e69   Thumb Code    74  detect_task.o(i.detect_hook)
    detect_task                              0x08009f31   Thumb Code   236  detect_task.o(i.detect_task)
    elongate_left_push_rog                   0x0800a029   Thumb Code    28  bsp_push_rog.o(i.elongate_left_push_rog)
    elongate_right_push_rog                  0x0800a049   Thumb Code    30  bsp_push_rog.o(i.elongate_right_push_rog)
    ft_protocol_init                         0x0800a06d   Thumb Code    16  ft_servo_protocol.o(i.ft_protocol_init)
    ft_protocol_read                         0x0800a081   Thumb Code   200  ft_servo_protocol.o(i.ft_protocol_read)
    ft_protocol_read_byte                    0x0800a14d   Thumb Code    26  ft_servo_protocol.o(i.ft_protocol_read_byte)
    ft_protocol_read_word                    0x0800a167   Thumb Code    36  ft_servo_protocol.o(i.ft_protocol_read_word)
    ft_protocol_scs2host                     0x0800a18d   Thumb Code    20  ft_servo_protocol.o(i.ft_protocol_scs2host)
    ft_protocol_write_byte                   0x0800a1a5   Thumb Code    42  ft_servo_protocol.o(i.ft_protocol_write_byte)
    ft_servo_app_init                        0x0800a1d1   Thumb Code    22  ft_servo_app.o(i.ft_servo_app_init)
    ft_servo_app_read_current                0x0800a1ed   Thumb Code    46  ft_servo_app.o(i.ft_servo_app_read_current)
    ft_servo_app_read_load                   0x0800a221   Thumb Code    46  ft_servo_app.o(i.ft_servo_app_read_load)
    ft_servo_app_read_move                   0x0800a255   Thumb Code    16  ft_servo_app.o(i.ft_servo_app_read_move)
    ft_servo_app_read_pos                    0x0800a269   Thumb Code    46  ft_servo_app.o(i.ft_servo_app_read_pos)
    ft_servo_app_read_speed                  0x0800a29d   Thumb Code    46  ft_servo_app.o(i.ft_servo_app_read_speed)
    ft_servo_app_read_temperature            0x0800a2d1   Thumb Code    16  ft_servo_app.o(i.ft_servo_app_read_temperature)
    ft_servo_app_read_voltage                0x0800a2e5   Thumb Code    16  ft_servo_app.o(i.ft_servo_app_read_voltage)
    ft_servo_app_torque_enable               0x0800a2f9   Thumb Code     8  ft_servo_app.o(i.ft_servo_app_torque_enable)
    ft_servo_hw_flush_rx                     0x0800a301   Thumb Code     4  ft_servo_hw.o(i.ft_servo_hw_flush_rx)
    ft_servo_hw_flush_tx                     0x0800a305   Thumb Code    22  ft_servo_hw.o(i.ft_servo_hw_flush_tx)
    ft_servo_hw_init                         0x0800a325   Thumb Code    14  ft_servo_hw.o(i.ft_servo_hw_init)
    ft_servo_hw_read                         0x0800a339   Thumb Code     4  ft_servo_hw.o(i.ft_servo_hw_read)
    ft_servo_hw_write                        0x0800a33d   Thumb Code    34  ft_servo_hw.o(i.ft_servo_hw_write)
    ft_servo_uart_delay                      0x0800a369   Thumb Code     6  ft_servo_uart.o(i.ft_servo_uart_delay)
    ft_servo_uart_init                       0x0800a371   Thumb Code    28  ft_servo_uart.o(i.ft_servo_uart_init)
    ft_servo_uart_receive                    0x0800a391   Thumb Code    28  ft_servo_uart.o(i.ft_servo_uart_receive)
    ft_servo_uart_send                       0x0800a3b1   Thumb Code    28  ft_servo_uart.o(i.ft_servo_uart_send)
    get_angle                                0x0800a3d1   Thumb Code   232  ahrs.o(i.get_angle)
    get_chassis_motor1_measure_point         0x0800a4b9   Thumb Code     4  can_receive.o(i.get_chassis_motor1_measure_point)
    get_chassis_motor2_measure_point         0x0800a4c1   Thumb Code     4  can_receive.o(i.get_chassis_motor2_measure_point)
    get_error_list_point                     0x0800a4c9   Thumb Code     4  detect_task.o(i.get_error_list_point)
    get_key_data_point                       0x0800a4d1   Thumb Code     4  key_task.o(i.get_key_data_point)
    get_remote_ch_point                      0x0800a4d9   Thumb Code     4  remote_receive.o(i.get_remote_ch_point)
    ist8310_GPIO_init                        0x0800a6dd   Thumb Code     2  ist8310driver_middleware.o(i.ist8310_GPIO_init)
    ist8310_IIC_read_muli_reg                0x0800a6e1   Thumb Code    22  ist8310driver_middleware.o(i.ist8310_IIC_read_muli_reg)
    ist8310_IIC_read_single_reg              0x0800a6fd   Thumb Code    32  ist8310driver_middleware.o(i.ist8310_IIC_read_single_reg)
    ist8310_IIC_write_single_reg             0x0800a721   Thumb Code    30  ist8310driver_middleware.o(i.ist8310_IIC_write_single_reg)
    ist8310_RST_H                            0x0800a745   Thumb Code    10  ist8310driver_middleware.o(i.ist8310_RST_H)
    ist8310_RST_L                            0x0800a755   Thumb Code    10  ist8310driver_middleware.o(i.ist8310_RST_L)
    ist8310_com_init                         0x0800a765   Thumb Code     2  ist8310driver_middleware.o(i.ist8310_com_init)
    ist8310_delay_ms                         0x0800a767   Thumb Code     4  ist8310driver_middleware.o(i.ist8310_delay_ms)
    ist8310_init                             0x0800a76d   Thumb Code   122  ist8310driver.o(i.ist8310_init)
    ist8310_read_mag                         0x0800a7ed   Thumb Code    80  ist8310driver.o(i.ist8310_read_mag)
    key_task                                 0x0800a841   Thumb Code   170  key_task.o(i.key_task)
    led_task                                 0x0800a8f5   Thumb Code   272  led_task.o(i.led_task)
    left_push_rog_off                        0x0800aa0d   Thumb Code    28  bsp_push_rog.o(i.left_push_rog_off)
    main                                     0x0800aa2d   Thumb Code   230  main.o(i.main)
    motor_control_calc                       0x0800ab31   Thumb Code    90  motor_control.o(i.motor_control_calc)
    motor_control_init                       0x0800ab91   Thumb Code   108  motor_control.o(i.motor_control_init)
    motor_speed_set                          0x0800ac0d   Thumb Code    92  motor_control.o(i.motor_speed_set)
    osDelay                                  0x0800ac7d   Thumb Code    16  cmsis_os.o(i.osDelay)
    osKernelStart                            0x0800ac8d   Thumb Code    10  cmsis_os.o(i.osKernelStart)
    osThreadCreate                           0x0800ac97   Thumb Code    92  cmsis_os.o(i.osThreadCreate)
    pcTaskGetName                            0x0800acf5   Thumb Code    30  tasks.o(i.pcTaskGetName)
    pvPortMalloc                             0x0800b1f9   Thumb Code   224  heap_4.o(i.pvPortMalloc)
    pxPortInitialiseStack                    0x0800b2e1   Thumb Code    38  port.o(i.pxPortInitialiseStack)
    remote_receive_init                      0x0800b391   Thumb Code    28  remote_receive.o(i.remote_receive_init)
    right_push_rog_off                       0x0800b3b1   Thumb Code    32  bsp_push_rog.o(i.right_push_rog_off)
    servo_receive_task                       0x0800b5a5   Thumb Code    92  servo_receive.o(i.servo_receive_task)
    shorten_left_push_rog                    0x0800b609   Thumb Code    28  bsp_push_rog.o(i.shorten_left_push_rog)
    shorten_right_push_rog                   0x0800b629   Thumb Code    30  bsp_push_rog.o(i.shorten_right_push_rog)
    sqrtf                                    0x0800b64d   Thumb Code    62  sqrtf.o(i.sqrtf)
    test_task                                0x0800b68d   Thumb Code    96  test_task.o(i.test_task)
    transform_task                           0x0800b6f1   Thumb Code     8  freertos.o(i.transform_task)
    ulTaskNotifyTake                         0x0800b6f9   Thumb Code    96  tasks.o(i.ulTaskNotifyTake)
    usart1_tx_dma_init                       0x0800b7dd   Thumb Code    60  bsp_usart.o(i.usart1_tx_dma_init)
    usb_task                                 0x0800b825   Thumb Code    44  usb_task.o(i.usb_task)
    uxListRemove                             0x0800b865   Thumb Code    38  list.o(i.uxListRemove)
    uxTaskGetStackHighWaterMark              0x0800b88d   Thumb Code    14  tasks.o(i.uxTaskGetStackHighWaterMark)
    vApplicationGetIdleTaskMemory            0x0800b8a1   Thumb Code    16  freertos.o(i.vApplicationGetIdleTaskMemory)
    vListInitialise                          0x0800b8b5   Thumb Code    22  list.o(i.vListInitialise)
    vListInitialiseItem                      0x0800b8cb   Thumb Code     6  list.o(i.vListInitialiseItem)
    vListInsert                              0x0800b8d1   Thumb Code    54  list.o(i.vListInsert)
    vListInsertEnd                           0x0800b907   Thumb Code    24  list.o(i.vListInsertEnd)
    vPortEnterCritical                       0x0800b921   Thumb Code    54  port.o(i.vPortEnterCritical)
    vPortExitCritical                        0x0800b961   Thumb Code    38  port.o(i.vPortExitCritical)
    vPortFree                                0x0800b98d   Thumb Code    94  heap_4.o(i.vPortFree)
    vPortSetupTimerInterrupt                 0x0800b9f1   Thumb Code    32  port.o(i.vPortSetupTimerInterrupt)
    vPortValidateInterruptPriority           0x0800ba15   Thumb Code    74  port.o(i.vPortValidateInterruptPriority)
    vTaskDelay                               0x0800ba69   Thumb Code    70  tasks.o(i.vTaskDelay)
    vTaskNotifyGiveFromISR                   0x0800bab9   Thumb Code   176  tasks.o(i.vTaskNotifyGiveFromISR)
    vTaskStartScheduler                      0x0800bb75   Thumb Code   120  tasks.o(i.vTaskStartScheduler)
    vTaskSuspendAll                          0x0800bbfd   Thumb Code    10  tasks.o(i.vTaskSuspendAll)
    vTaskSwitchContext                       0x0800bc0d   Thumb Code    86  tasks.o(i.vTaskSwitchContext)
    xPortStartScheduler                      0x0800bd01   Thumb Code   232  port.o(i.xPortStartScheduler)
    xTaskCreate                              0x0800be05   Thumb Code   108  tasks.o(i.xTaskCreate)
    xTaskCreateStatic                        0x0800be71   Thumb Code    96  tasks.o(i.xTaskCreateStatic)
    xTaskGetHandle                           0x0800bed1   Thumb Code   124  tasks.o(i.xTaskGetHandle)
    xTaskGetSchedulerState                   0x0800bf5d   Thumb Code    24  tasks.o(i.xTaskGetSchedulerState)
    xTaskGetTickCount                        0x0800bf79   Thumb Code     6  tasks.o(i.xTaskGetTickCount)
    xTaskIncrementTick                       0x0800bf85   Thumb Code   202  tasks.o(i.xTaskIncrementTick)
    xTaskResumeAll                           0x0800c059   Thumb Code   190  tasks.o(i.xTaskResumeAll)
    AHBPrescTable                            0x0800c260   Data          16  system_stm32f4xx.o(.constdata)
    APBPrescTable                            0x0800c270   Data           8  system_stm32f4xx.o(.constdata)
    sinTable_f32                             0x0800c348   Data        2052  arm_common_tables.o(.rodata.sinTable_f32)
    Region$$Table$$Base                      0x0800cb4c   Number         0  anon$$obj.o(Region$$Table)
    Region$$Table$$Limit                     0x0800cb6c   Number         0  anon$$obj.o(Region$$Table)
    imuTaskHandle                            0x20000000   Data           4  freertos.o(.data)
    testTaskHandle                           0x20000004   Data           4  freertos.o(.data)
    buzzerTaskHandle                         0x20000008   Data           4  freertos.o(.data)
    ledTaskHandle                            0x2000000c   Data           4  freertos.o(.data)
    usbTaskHandle                            0x20000010   Data           4  freertos.o(.data)
    detectTaskHandle                         0x20000014   Data           4  freertos.o(.data)
    keyTaskHandle                            0x20000018   Data           4  freertos.o(.data)
    transformTaskHandle                      0x2000001c   Data           4  freertos.o(.data)
    carTaskHandle                            0x20000020   Data           4  freertos.o(.data)
    servoRxTaskHandle                        0x20000024   Data           4  freertos.o(.data)
    adsorptionTaskHandle                     0x20000028   Data           4  freertos.o(.data)
    uwTickFreq                               0x20000030   Data           1  stm32f4xx_hal.o(.data)
    uwTickPrio                               0x20000034   Data           4  stm32f4xx_hal.o(.data)
    uwTick                                   0x20000038   Data           4  stm32f4xx_hal.o(.data)
    SystemCoreClock                          0x2000003c   Data           4  system_stm32f4xx.o(.data)
    pxCurrentTCB                             0x20000040   Data           4  tasks.o(.data)
    BMI088_ACCEL_SEN                         0x200000b0   Data           4  bmi088driver.o(.data)
    BMI088_GYRO_SEN                          0x200000b4   Data           4  bmi088driver.o(.data)
    gyro_update_flag                         0x200000dc   Data           1  ins_task.o(.data)
    accel_update_flag                        0x200000dd   Data           1  ins_task.o(.data)
    accel_temp_update_flag                   0x200000de   Data           1  ins_task.o(.data)
    mag_update_flag                          0x200000df   Data           1  ins_task.o(.data)
    imu_start_dma_flag                       0x200000e0   Data           1  ins_task.o(.data)
    accel_temp_dma_tx_buf                    0x200000e1   Data           4  ins_task.o(.data)
    accel_temp_dma_rx_buf                    0x200000f0   Data           4  ins_task.o(.data)
    gyro_dma_tx_buf                          0x200000f4   Data           8  ins_task.o(.data)
    gyro_dma_rx_buf                          0x200000fc   Data           8  ins_task.o(.data)
    accel_dma_tx_buf                         0x20000104   Data           9  ins_task.o(.data)
    gyro_scale_factor                        0x20000110   Data          36  ins_task.o(.data)
    accel_scale_factor                       0x20000134   Data          36  ins_task.o(.data)
    mag_scale_factor                         0x20000158   Data          36  ins_task.o(.data)
    test_short_press_cnt                     0x2000017c   Data           1  test_task.o(.data)
    test_long_press_cnt                      0x2000017d   Data           1  test_task.o(.data)
    key_data_point                           0x20000180   Data           4  test_task.o(.data)
    RGB_flow_color                           0x20000184   Data          28  led_task.o(.data)
    error_list_test_local                    0x200001a4   Data           4  buzzer_task.o(.data)
    detect_task_stack                        0x200001bc   Data           4  detect_task.o(.data)
    hcan1                                    0x2000048c   Data          40  can.o(.bss)
    hcan2                                    0x200004b4   Data          40  can.o(.bss)
    hi2c3                                    0x200004dc   Data          84  i2c.o(.bss)
    hspi1                                    0x20000530   Data          88  spi.o(.bss)
    hdma_spi1_rx                             0x20000588   Data          96  spi.o(.bss)
    hdma_spi1_tx                             0x200005e8   Data          96  spi.o(.bss)
    htim1                                    0x20000648   Data          72  tim.o(.bss)
    htim4                                    0x20000690   Data          72  tim.o(.bss)
    htim5                                    0x200006d8   Data          72  tim.o(.bss)
    htim8                                    0x20000720   Data          72  tim.o(.bss)
    huart1                                   0x20000768   Data          72  usart.o(.bss)
    huart3                                   0x200007b0   Data          72  usart.o(.bss)
    huart6                                   0x200007f8   Data          72  usart.o(.bss)
    hdma_usart1_tx                           0x20000840   Data          96  usart.o(.bss)
    hdma_usart3_rx                           0x200008a0   Data          96  usart.o(.bss)
    hdma_usart6_rx                           0x20000900   Data          96  usart.o(.bss)
    hdma_usart6_tx                           0x20000960   Data          96  usart.o(.bss)
    htim6                                    0x200009c0   Data          72  stm32f4xx_hal_timebase_tim.o(.bss)
    INS_angle                                0x20004750   Data          12  ins_task.o(.bss)
    accel_dma_rx_buf                         0x2000475c   Data           9  ins_task.o(.bss)
    bmi088_real_data                         0x20004768   Data          36  ins_task.o(.bss)
    gyro_offset                              0x2000478c   Data          12  ins_task.o(.bss)
    gyro_cali_offset                         0x20004798   Data          12  ins_task.o(.bss)
    accel_offset                             0x200047a4   Data          12  ins_task.o(.bss)
    ist8310_real_data                        0x200047b0   Data          16  ins_task.o(.bss)
    mag_offset                               0x200047c0   Data          12  ins_task.o(.bss)
    error_list                               0x200048f8   Data         216  detect_task.o(.bss)
    hUsbDeviceFS                             0x20004b7c   Data         732  usb_device.o(.bss)
    hpcd_USB_OTG_FS                          0x20005078   Data        1252  usbd_conf.o(.bss)
    __initial_sp                             0x20005960   Data           0  startup_stm32f407xx.o(STACK)



==============================================================================

Memory Map of the image

  Image Entry point : 0x08000189

  Load Region LR_IROM1 (Base: 0x08000000, Size: 0x0000cda4, Max: 0x00100000, ABSOLUTE, COMPRESSED[0x0000cc30])

    Execution Region ER_IROM1 (Exec base: 0x08000000, Load base: 0x08000000, Size: 0x0000cb6c, Max: 0x00100000, ABSOLUTE)

    Exec Addr    Load Addr    Size         Type   Attr      Idx    E Section Name        Object

    0x08000000   0x08000000   0x00000188   Data   RO            3    RESET               startup_stm32f407xx.o
    0x08000188   0x08000188   0x00000000   Code   RO         9998  * .ARM.Collect$$$$00000000  mc_w.l(entry.o)
    0x08000188   0x08000188   0x00000004   Code   RO        10060    .ARM.Collect$$$$00000001  mc_w.l(entry2.o)
    0x0800018c   0x0800018c   0x00000004   Code   RO        10063    .ARM.Collect$$$$00000004  mc_w.l(entry5.o)
    0x08000190   0x08000190   0x00000000   Code   RO        10065    .ARM.Collect$$$$00000008  mc_w.l(entry7b.o)
    0x08000190   0x08000190   0x00000000   Code   RO        10067    .ARM.Collect$$$$0000000A  mc_w.l(entry8b.o)
    0x08000190   0x08000190   0x00000008   Code   RO        10068    .ARM.Collect$$$$0000000B  mc_w.l(entry9a.o)
    0x08000198   0x08000198   0x00000000   Code   RO        10070    .ARM.Collect$$$$0000000D  mc_w.l(entry10a.o)
    0x08000198   0x08000198   0x00000000   Code   RO        10072    .ARM.Collect$$$$0000000F  mc_w.l(entry11a.o)
    0x08000198   0x08000198   0x00000004   Code   RO        10061    .ARM.Collect$$$$00002712  mc_w.l(entry2.o)
    0x0800019c   0x0800019c   0x000000be   Code   RO         6301    .emb_text           port.o
    0x0800025a   0x0800025a   0x00000002   PAD
    0x0800025c   0x0800025c   0x00000024   Code   RO            4    .text               startup_stm32f407xx.o
    0x08000280   0x08000280   0x00000062   Code   RO        10001    .text               mc_w.l(uldiv.o)
    0x080002e2   0x080002e2   0x00000024   Code   RO        10003    .text               mc_w.l(memcpya.o)
    0x08000306   0x08000306   0x00000024   Code   RO        10007    .text               mc_w.l(memseta.o)
    0x0800032a   0x0800032a   0x0000000e   Code   RO        10009    .text               mc_w.l(strlen.o)
    0x08000338   0x08000338   0x0000002c   Code   RO        10077    .text               mc_w.l(uidiv.o)
    0x08000364   0x08000364   0x0000001e   Code   RO        10079    .text               mc_w.l(llshl.o)
    0x08000382   0x08000382   0x00000020   Code   RO        10081    .text               mc_w.l(llushr.o)
    0x080003a2   0x080003a2   0x00000000   Code   RO        10090    .text               mc_w.l(iusefp.o)
    0x080003a2   0x080003a2   0x0000014e   Code   RO        10091    .text               mf_w.l(dadd.o)
    0x080004f0   0x080004f0   0x000000e4   Code   RO        10093    .text               mf_w.l(dmul.o)
    0x080005d4   0x080005d4   0x000000de   Code   RO        10095    .text               mf_w.l(ddiv.o)
    0x080006b2   0x080006b2   0x00000030   Code   RO        10097    .text               mf_w.l(dfixul.o)
    0x080006e2   0x080006e2   0x00000002   PAD
    0x080006e4   0x080006e4   0x00000030   Code   RO        10099    .text               mf_w.l(cdrcmple.o)
    0x08000714   0x08000714   0x00000024   Code   RO        10101    .text               mc_w.l(init.o)
    0x08000738   0x08000738   0x00000024   Code   RO        10104    .text               mc_w.l(llsshr.o)
    0x0800075c   0x0800075c   0x000000ba   Code   RO        10107    .text               mf_w.l(depilogue.o)
    0x08000816   0x08000816   0x00000056   Code   RO        10117    .text               mc_w.l(__dczerorl2.o)
    0x0800086c   0x0800086c   0x000000a0   Code   RO         9824    .text.arm_cos_f32   arm_cortexM4lf_math.lib(arm_cos_f32.o)
    0x0800090c   0x0800090c   0x00000098   Code   RO         9834    .text.arm_sin_f32   arm_cortexM4lf_math.lib(arm_sin_f32.o)
    0x080009a4   0x080009a4   0x00000004   Code   RO         7751    i.AHRS_asinf        ahrs_middleware.o
    0x080009a8   0x080009a8   0x00000004   Code   RO         7752    i.AHRS_atan2f       ahrs_middleware.o
    0x080009ac   0x080009ac   0x00000004   Code   RO         7753    i.AHRS_cosf         ahrs_middleware.o
    0x080009b0   0x080009b0   0x0000001a   Code   RO         9736    i.AHRS_fabs         AHRS.lib(ahrs.o)
    0x080009ca   0x080009ca   0x00000002   PAD
    0x080009cc   0x080009cc   0x00000014   Code   RO         7754    i.AHRS_get_height   ahrs_middleware.o
    0x080009e0   0x080009e0   0x0000000e   Code   RO         7755    i.AHRS_get_latitude  ahrs_middleware.o
    0x080009ee   0x080009ee   0x00000002   PAD
    0x080009f0   0x080009f0   0x0000029c   Code   RO         9737    i.AHRS_init         AHRS.lib(ahrs.o)
    0x08000c8c   0x08000c8c   0x00000014   Code   RO         7756    i.AHRS_invSqrt      ahrs_middleware.o
    0x08000ca0   0x08000ca0   0x00000004   Code   RO         7757    i.AHRS_sinf         ahrs_middleware.o
    0x08000ca4   0x08000ca4   0x0000013a   Code   RO         9738    i.AHRS_update       AHRS.lib(ahrs.o)
    0x08000dde   0x08000dde   0x00000002   PAD
    0x08000de0   0x08000de0   0x00000010   Code   RO         6986    i.BMI088_ACCEL_NS_H  bmi088middleware.o
    0x08000df0   0x08000df0   0x00000010   Code   RO         6987    i.BMI088_ACCEL_NS_L  bmi088middleware.o
    0x08000e00   0x08000e00   0x00000002   Code   RO         6988    i.BMI088_GPIO_init  bmi088middleware.o
    0x08000e02   0x08000e02   0x00000002   PAD
    0x08000e04   0x08000e04   0x00000010   Code   RO         6989    i.BMI088_GYRO_NS_H  bmi088middleware.o
    0x08000e14   0x08000e14   0x00000010   Code   RO         6990    i.BMI088_GYRO_NS_L  bmi088middleware.o
    0x08000e24   0x08000e24   0x00000080   Code   RO         6850    i.BMI088_accel_read_over  bmi088driver.o
    0x08000ea4   0x08000ea4   0x00000002   Code   RO         6991    i.BMI088_com_init   bmi088middleware.o
    0x08000ea6   0x08000ea6   0x00000004   Code   RO         6992    i.BMI088_delay_ms   bmi088middleware.o
    0x08000eaa   0x08000eaa   0x00000004   Code   RO         6993    i.BMI088_delay_us   bmi088middleware.o
    0x08000eae   0x08000eae   0x00000002   PAD
    0x08000eb0   0x08000eb0   0x00000060   Code   RO         6851    i.BMI088_gyro_read_over  bmi088driver.o
    0x08000f10   0x08000f10   0x0000002e   Code   RO         6852    i.BMI088_init       bmi088driver.o
    0x08000f3e   0x08000f3e   0x00000002   PAD
    0x08000f40   0x08000f40   0x00000158   Code   RO         6853    i.BMI088_read       bmi088driver.o
    0x08001098   0x08001098   0x00000024   Code   RO         6856    i.BMI088_read_muli_reg  bmi088driver.o
    0x080010bc   0x080010bc   0x00000016   Code   RO         6857    i.BMI088_read_single_reg  bmi088driver.o
    0x080010d2   0x080010d2   0x00000002   PAD
    0x080010d4   0x080010d4   0x00000020   Code   RO         6994    i.BMI088_read_write_byte  bmi088middleware.o
    0x080010f4   0x080010f4   0x0000002e   Code   RO         6858    i.BMI088_temperature_read_over  bmi088driver.o
    0x08001122   0x08001122   0x00000012   Code   RO         6859    i.BMI088_write_single_reg  bmi088driver.o
    0x08001134   0x08001134   0x00000002   Code   RO          686    i.BusFault_Handler  stm32f4xx_it.o
    0x08001136   0x08001136   0x00000002   PAD
    0x08001138   0x08001138   0x0000000c   Code   RO          687    i.CAN1_RX0_IRQHandler  stm32f4xx_it.o
    0x08001144   0x08001144   0x0000000c   Code   RO          688    i.CAN2_RX0_IRQHandler  stm32f4xx_it.o
    0x08001150   0x08001150   0x00000044   Code   RO         7494    i.CAN_cmd_chassis   can_receive.o
    0x08001194   0x08001194   0x0000002c   Code   RO         9054    i.CDC_Transmit_FS   usbd_cdc_if.o
    0x080011c0   0x080011c0   0x0000000c   Code   RO          689    i.DMA2_Stream1_IRQHandler  stm32f4xx_it.o
    0x080011cc   0x080011cc   0x000002d4   Code   RO         7170    i.DMA2_Stream2_IRQHandler  ins_task.o
    0x080014a0   0x080014a0   0x0000000c   Code   RO          690    i.DMA2_Stream6_IRQHandler  stm32f4xx_it.o
    0x080014ac   0x080014ac   0x0000000c   Code   RO          691    i.DMA2_Stream7_IRQHandler  stm32f4xx_it.o
    0x080014b8   0x080014b8   0x00000028   Code   RO         2890    i.DMA_CalcBaseAndBitshift  stm32f4xx_hal_dma.o
    0x080014e0   0x080014e0   0x00000054   Code   RO         2891    i.DMA_CheckFifoParam  stm32f4xx_hal_dma.o
    0x08001534   0x08001534   0x00000002   Code   RO          692    i.DebugMon_Handler  stm32f4xx_it.o
    0x08001536   0x08001536   0x00000006   Code   RO          693    i.EXTI0_IRQHandler  stm32f4xx_it.o
    0x0800153c   0x0800153c   0x00000006   Code   RO          694    i.EXTI3_IRQHandler  stm32f4xx_it.o
    0x08001542   0x08001542   0x00000006   Code   RO          695    i.EXTI4_IRQHandler  stm32f4xx_it.o
    0x08001548   0x08001548   0x00000006   Code   RO          696    i.EXTI9_5_IRQHandler  stm32f4xx_it.o
    0x0800154e   0x0800154e   0x00000004   Code   RO           13    i.Error_Handler     main.o
    0x08001552   0x08001552   0x00000024   Code   RO         3582    i.HAL_CAN_ActivateNotification  stm32f4xx_hal_can.o
    0x08001576   0x08001576   0x000000bc   Code   RO         3583    i.HAL_CAN_AddTxMessage  stm32f4xx_hal_can.o
    0x08001632   0x08001632   0x00000002   PAD
    0x08001634   0x08001634   0x0000010c   Code   RO         3584    i.HAL_CAN_ConfigFilter  stm32f4xx_hal_can.o
    0x08001740   0x08001740   0x00000002   Code   RO         3587    i.HAL_CAN_ErrorCallback  stm32f4xx_hal_can.o
    0x08001742   0x08001742   0x000000f4   Code   RO         3590    i.HAL_CAN_GetRxMessage  stm32f4xx_hal_can.o
    0x08001836   0x08001836   0x000001fc   Code   RO         3594    i.HAL_CAN_IRQHandler  stm32f4xx_hal_can.o
    0x08001a32   0x08001a32   0x0000011a   Code   RO         3595    i.HAL_CAN_Init      stm32f4xx_hal_can.o
    0x08001b4c   0x08001b4c   0x000000fc   Code   RO          410    i.HAL_CAN_MspInit   can.o
    0x08001c48   0x08001c48   0x00000002   Code   RO         3602    i.HAL_CAN_RxFifo0FullCallback  stm32f4xx_hal_can.o
    0x08001c4a   0x08001c4a   0x00000002   PAD
    0x08001c4c   0x08001c4c   0x0000006c   Code   RO         7495    i.HAL_CAN_RxFifo0MsgPendingCallback  can_receive.o
    0x08001cb8   0x08001cb8   0x00000002   Code   RO         3604    i.HAL_CAN_RxFifo1FullCallback  stm32f4xx_hal_can.o
    0x08001cba   0x08001cba   0x00000002   Code   RO         3605    i.HAL_CAN_RxFifo1MsgPendingCallback  stm32f4xx_hal_can.o
    0x08001cbc   0x08001cbc   0x00000002   Code   RO         3606    i.HAL_CAN_SleepCallback  stm32f4xx_hal_can.o
    0x08001cbe   0x08001cbe   0x00000002   PAD
    0x08001cc0   0x08001cc0   0x00000058   Code   RO         3607    i.HAL_CAN_Start     stm32f4xx_hal_can.o
    0x08001d18   0x08001d18   0x00000002   Code   RO         3609    i.HAL_CAN_TxMailbox0AbortCallback  stm32f4xx_hal_can.o
    0x08001d1a   0x08001d1a   0x00000002   Code   RO         3610    i.HAL_CAN_TxMailbox0CompleteCallback  stm32f4xx_hal_can.o
    0x08001d1c   0x08001d1c   0x00000002   Code   RO         3611    i.HAL_CAN_TxMailbox1AbortCallback  stm32f4xx_hal_can.o
    0x08001d1e   0x08001d1e   0x00000002   Code   RO         3612    i.HAL_CAN_TxMailbox1CompleteCallback  stm32f4xx_hal_can.o
    0x08001d20   0x08001d20   0x00000002   Code   RO         3613    i.HAL_CAN_TxMailbox2AbortCallback  stm32f4xx_hal_can.o
    0x08001d22   0x08001d22   0x00000002   Code   RO         3614    i.HAL_CAN_TxMailbox2CompleteCallback  stm32f4xx_hal_can.o
    0x08001d24   0x08001d24   0x00000002   Code   RO         3616    i.HAL_CAN_WakeUpFromRxMsgCallback  stm32f4xx_hal_can.o
    0x08001d26   0x08001d26   0x00000002   PAD
    0x08001d28   0x08001d28   0x000001a0   Code   RO         2898    i.HAL_DMA_IRQHandler  stm32f4xx_hal_dma.o
    0x08001ec8   0x08001ec8   0x000000d4   Code   RO         2899    i.HAL_DMA_Init      stm32f4xx_hal_dma.o
    0x08001f9c   0x08001f9c   0x00000024   Code   RO         3330    i.HAL_Delay         stm32f4xx_hal.o
    0x08001fc0   0x08001fc0   0x0000008c   Code   RO         7171    i.HAL_GPIO_EXTI_Callback  ins_task.o
    0x0800204c   0x0800204c   0x00000018   Code   RO         2785    i.HAL_GPIO_EXTI_IRQHandler  stm32f4xx_hal_gpio.o
    0x08002064   0x08002064   0x000001f0   Code   RO         2786    i.HAL_GPIO_Init     stm32f4xx_hal_gpio.o
    0x08002254   0x08002254   0x0000000a   Code   RO         2788    i.HAL_GPIO_ReadPin  stm32f4xx_hal_gpio.o
    0x0800225e   0x0800225e   0x0000000a   Code   RO         2790    i.HAL_GPIO_WritePin  stm32f4xx_hal_gpio.o
    0x08002268   0x08002268   0x0000000c   Code   RO         3336    i.HAL_GetTick       stm32f4xx_hal.o
    0x08002274   0x08002274   0x00000188   Code   RO         3826    i.HAL_I2C_Init      stm32f4xx_hal_i2c.o
    0x080023fc   0x080023fc   0x00000204   Code   RO         3844    i.HAL_I2C_Mem_Read  stm32f4xx_hal_i2c.o
    0x08002600   0x08002600   0x00000130   Code   RO         3847    i.HAL_I2C_Mem_Write  stm32f4xx_hal_i2c.o
    0x08002730   0x08002730   0x00000088   Code   RO          483    i.HAL_I2C_MspInit   i2c.o
    0x080027b8   0x080027b8   0x00000010   Code   RO         3342    i.HAL_IncTick       stm32f4xx_hal.o
    0x080027c8   0x080027c8   0x00000034   Code   RO         3343    i.HAL_Init          stm32f4xx_hal.o
    0x080027fc   0x080027fc   0x00000098   Code   RO          834    i.HAL_InitTick      stm32f4xx_hal_timebase_tim.o
    0x08002894   0x08002894   0x00000038   Code   RO          810    i.HAL_MspInit       stm32f4xx_hal_msp.o
    0x080028cc   0x080028cc   0x0000001a   Code   RO         3178    i.HAL_NVIC_EnableIRQ  stm32f4xx_hal_cortex.o
    0x080028e6   0x080028e6   0x00000002   PAD
    0x080028e8   0x080028e8   0x00000040   Code   RO         3184    i.HAL_NVIC_SetPriority  stm32f4xx_hal_cortex.o
    0x08002928   0x08002928   0x00000024   Code   RO         3185    i.HAL_NVIC_SetPriorityGrouping  stm32f4xx_hal_cortex.o
    0x0800294c   0x0800294c   0x00000002   Code   RO         2085    i.HAL_PCDEx_LPM_Callback  stm32f4xx_hal_pcd_ex.o
    0x0800294e   0x0800294e   0x00000008   Code   RO         9106    i.HAL_PCD_ConnectCallback  usbd_conf.o
    0x08002956   0x08002956   0x00000012   Code   RO         9107    i.HAL_PCD_DataInStageCallback  usbd_conf.o
    0x08002968   0x08002968   0x00000014   Code   RO         9108    i.HAL_PCD_DataOutStageCallback  usbd_conf.o
    0x0800297c   0x0800297c   0x00000008   Code   RO         9109    i.HAL_PCD_DisconnectCallback  usbd_conf.o
    0x08002984   0x08002984   0x0000001e   Code   RO         1855    i.HAL_PCD_EP_Abort  stm32f4xx_hal_pcd.o
    0x080029a2   0x080029a2   0x0000005a   Code   RO         1857    i.HAL_PCD_EP_ClrStall  stm32f4xx_hal_pcd.o
    0x080029fc   0x080029fc   0x00000062   Code   RO         1860    i.HAL_PCD_EP_Open   stm32f4xx_hal_pcd.o
    0x08002a5e   0x08002a5e   0x00000038   Code   RO         1861    i.HAL_PCD_EP_Receive  stm32f4xx_hal_pcd.o
    0x08002a96   0x08002a96   0x00000072   Code   RO         1862    i.HAL_PCD_EP_SetStall  stm32f4xx_hal_pcd.o
    0x08002b08   0x08002b08   0x00000032   Code   RO         1863    i.HAL_PCD_EP_Transmit  stm32f4xx_hal_pcd.o
    0x08002b3a   0x08002b3a   0x00000002   PAD
    0x08002b3c   0x08002b3c   0x0000055c   Code   RO         1865    i.HAL_PCD_IRQHandler  stm32f4xx_hal_pcd.o
    0x08003098   0x08003098   0x00000008   Code   RO         9110    i.HAL_PCD_ISOINIncompleteCallback  usbd_conf.o
    0x080030a0   0x080030a0   0x00000008   Code   RO         9111    i.HAL_PCD_ISOOUTIncompleteCallback  usbd_conf.o
    0x080030a8   0x080030a8   0x0000002e   Code   RO         9114    i.HAL_PCD_ResetCallback  usbd_conf.o
    0x080030d6   0x080030d6   0x00000008   Code   RO         9115    i.HAL_PCD_ResumeCallback  usbd_conf.o
    0x080030de   0x080030de   0x00000008   Code   RO         9116    i.HAL_PCD_SOFCallback  usbd_conf.o
    0x080030e6   0x080030e6   0x00000026   Code   RO         1874    i.HAL_PCD_SetAddress  stm32f4xx_hal_pcd.o
    0x0800310c   0x0800310c   0x0000000e   Code   RO         9117    i.HAL_PCD_SetupStageCallback  usbd_conf.o
    0x0800311a   0x0800311a   0x00000002   PAD
    0x0800311c   0x0800311c   0x00000030   Code   RO         9118    i.HAL_PCD_SuspendCallback  usbd_conf.o
    0x0800314c   0x0800314c   0x00000134   Code   RO         2432    i.HAL_RCC_ClockConfig  stm32f4xx_hal_rcc.o
    0x08003280   0x08003280   0x00000040   Code   RO         2436    i.HAL_RCC_GetClockConfig  stm32f4xx_hal_rcc.o
    0x080032c0   0x080032c0   0x0000000c   Code   RO         2437    i.HAL_RCC_GetHCLKFreq  stm32f4xx_hal_rcc.o
    0x080032cc   0x080032cc   0x00000020   Code   RO         2439    i.HAL_RCC_GetPCLK1Freq  stm32f4xx_hal_rcc.o
    0x080032ec   0x080032ec   0x00000020   Code   RO         2440    i.HAL_RCC_GetPCLK2Freq  stm32f4xx_hal_rcc.o
    0x0800330c   0x0800330c   0x00000064   Code   RO         2441    i.HAL_RCC_GetSysClockFreq  stm32f4xx_hal_rcc.o
    0x08003370   0x08003370   0x0000036c   Code   RO         2444    i.HAL_RCC_OscConfig  stm32f4xx_hal_rcc.o
    0x080036dc   0x080036dc   0x000000bc   Code   RO         4281    i.HAL_SPI_Init      stm32f4xx_hal_spi.o
    0x08003798   0x08003798   0x000000fc   Code   RO          525    i.HAL_SPI_MspInit   spi.o
    0x08003894   0x08003894   0x000001f0   Code   RO         4290    i.HAL_SPI_TransmitReceive  stm32f4xx_hal_spi.o
    0x08003a84   0x08003a84   0x00000002   Code   RO         1579    i.HAL_TIMEx_BreakCallback  stm32f4xx_hal_tim_ex.o
    0x08003a86   0x08003a86   0x00000002   Code   RO         1580    i.HAL_TIMEx_CommutCallback  stm32f4xx_hal_tim_ex.o
    0x08003a88   0x08003a88   0x00000054   Code   RO         1582    i.HAL_TIMEx_ConfigBreakDeadTime  stm32f4xx_hal_tim_ex.o
    0x08003adc   0x08003adc   0x00000090   Code   RO         1598    i.HAL_TIMEx_MasterConfigSynchronization  stm32f4xx_hal_tim_ex.o
    0x08003b6c   0x08003b6c   0x0000005a   Code   RO          875    i.HAL_TIM_Base_Init  stm32f4xx_hal_tim.o
    0x08003bc6   0x08003bc6   0x00000002   PAD
    0x08003bc8   0x08003bc8   0x00000078   Code   RO          567    i.HAL_TIM_Base_MspInit  tim.o
    0x08003c40   0x08003c40   0x00000078   Code   RO          878    i.HAL_TIM_Base_Start  stm32f4xx_hal_tim.o
    0x08003cb8   0x08003cb8   0x00000080   Code   RO          880    i.HAL_TIM_Base_Start_IT  stm32f4xx_hal_tim.o
    0x08003d38   0x08003d38   0x000000dc   Code   RO          884    i.HAL_TIM_ConfigClockSource  stm32f4xx_hal_tim.o
    0x08003e14   0x08003e14   0x00000002   Code   RO          909    i.HAL_TIM_IC_CaptureCallback  stm32f4xx_hal_tim.o
    0x08003e16   0x08003e16   0x00000130   Code   RO          923    i.HAL_TIM_IRQHandler  stm32f4xx_hal_tim.o
    0x08003f46   0x08003f46   0x00000002   PAD
    0x08003f48   0x08003f48   0x000000dc   Code   RO          568    i.HAL_TIM_MspPostInit  tim.o
    0x08004024   0x08004024   0x00000002   Code   RO          926    i.HAL_TIM_OC_DelayElapsedCallback  stm32f4xx_hal_tim.o
    0x08004026   0x08004026   0x000000cc   Code   RO          947    i.HAL_TIM_PWM_ConfigChannel  stm32f4xx_hal_tim.o
    0x080040f2   0x080040f2   0x0000005a   Code   RO          950    i.HAL_TIM_PWM_Init  stm32f4xx_hal_tim.o
    0x0800414c   0x0800414c   0x00000002   Code   RO          952    i.HAL_TIM_PWM_MspInit  stm32f4xx_hal_tim.o
    0x0800414e   0x0800414e   0x00000002   Code   RO          953    i.HAL_TIM_PWM_PulseFinishedCallback  stm32f4xx_hal_tim.o
    0x08004150   0x08004150   0x000000c8   Code   RO          955    i.HAL_TIM_PWM_Start  stm32f4xx_hal_tim.o
    0x08004218   0x08004218   0x00000014   Code   RO           14    i.HAL_TIM_PeriodElapsedCallback  main.o
    0x0800422c   0x0800422c   0x00000002   Code   RO          966    i.HAL_TIM_TriggerCallback  stm32f4xx_hal_tim.o
    0x0800422e   0x0800422e   0x00000064   Code   RO         4622    i.HAL_UART_Init     stm32f4xx_hal_uart.o
    0x08004292   0x08004292   0x00000002   PAD
    0x08004294   0x08004294   0x00000228   Code   RO          633    i.HAL_UART_MspInit  usart.o
    0x080044bc   0x080044bc   0x000000b0   Code   RO         4625    i.HAL_UART_Receive  stm32f4xx_hal_uart.o
    0x0800456c   0x0800456c   0x000000a0   Code   RO         4630    i.HAL_UART_Transmit  stm32f4xx_hal_uart.o
    0x0800460c   0x0800460c   0x00000002   Code   RO          697    i.HardFault_Handler  stm32f4xx_it.o
    0x0800460e   0x0800460e   0x0000002e   Code   RO         3869    i.I2C_IsAcknowledgeFailed  stm32f4xx_hal_i2c.o
    0x0800463c   0x0800463c   0x000000fc   Code   RO         3879    i.I2C_RequestMemoryRead  stm32f4xx_hal_i2c.o
    0x08004738   0x08004738   0x000000a8   Code   RO         3880    i.I2C_RequestMemoryWrite  stm32f4xx_hal_i2c.o
    0x080047e0   0x080047e0   0x00000056   Code   RO         3884    i.I2C_WaitOnBTFFlagUntilTimeout  stm32f4xx_hal_i2c.o
    0x08004836   0x08004836   0x00000002   PAD
    0x08004838   0x08004838   0x00000090   Code   RO         3885    i.I2C_WaitOnFlagUntilTimeout  stm32f4xx_hal_i2c.o
    0x080048c8   0x080048c8   0x000000bc   Code   RO         3886    i.I2C_WaitOnMasterAddressFlagUntilTimeout  stm32f4xx_hal_i2c.o
    0x08004984   0x08004984   0x00000070   Code   RO         3887    i.I2C_WaitOnRXNEFlagUntilTimeout  stm32f4xx_hal_i2c.o
    0x080049f4   0x080049f4   0x00000056   Code   RO         3888    i.I2C_WaitOnTXEFlagUntilTimeout  stm32f4xx_hal_i2c.o
    0x08004a4a   0x08004a4a   0x00000002   PAD
    0x08004a4c   0x08004a4c   0x00000228   Code   RO         7174    i.INS_task          ins_task.o
    0x08004c74   0x08004c74   0x00000044   Code   RO          411    i.MX_CAN1_Init      can.o
    0x08004cb8   0x08004cb8   0x00000044   Code   RO          412    i.MX_CAN2_Init      can.o
    0x08004cfc   0x08004cfc   0x0000008c   Code   RO          458    i.MX_DMA_Init       dma.o
    0x08004d88   0x08004d88   0x00000104   Code   RO          300    i.MX_FREERTOS_Init  freertos.o
    0x08004e8c   0x08004e8c   0x000001d0   Code   RO          275    i.MX_GPIO_Init      gpio.o
    0x0800505c   0x0800505c   0x00000040   Code   RO          484    i.MX_I2C3_Init      i2c.o
    0x0800509c   0x0800509c   0x00000048   Code   RO          526    i.MX_SPI1_Init      spi.o
    0x080050e4   0x080050e4   0x000000d8   Code   RO          569    i.MX_TIM1_Init      tim.o
    0x080051bc   0x080051bc   0x00000098   Code   RO          570    i.MX_TIM4_Init      tim.o
    0x08005254   0x08005254   0x000000bc   Code   RO          571    i.MX_TIM5_Init      tim.o
    0x08005310   0x08005310   0x000000c8   Code   RO          572    i.MX_TIM8_Init      tim.o
    0x080053d8   0x080053d8   0x00000038   Code   RO          634    i.MX_USART1_UART_Init  usart.o
    0x08005410   0x08005410   0x00000040   Code   RO          635    i.MX_USART3_UART_Init  usart.o
    0x08005450   0x08005450   0x00000038   Code   RO          636    i.MX_USART6_UART_Init  usart.o
    0x08005488   0x08005488   0x00000002   Code   RO          698    i.MemManage_Handler  stm32f4xx_it.o
    0x0800548a   0x0800548a   0x00000002   Code   RO          699    i.NMI_Handler       stm32f4xx_it.o
    0x0800548c   0x0800548c   0x0000000c   Code   RO          700    i.OTG_FS_IRQHandler  stm32f4xx_it.o
    0x08005498   0x08005498   0x000000cc   Code   RO         1881    i.PCD_EP_OutXfrComplete_int  stm32f4xx_hal_pcd.o
    0x08005564   0x08005564   0x000000a2   Code   RO         1882    i.PCD_WriteEmptyTxFifo  stm32f4xx_hal_pcd.o
    0x08005606   0x08005606   0x00000002   PAD
    0x08005608   0x08005608   0x00000060   Code   RO         6532    i.RC_Init           bsp_rc.o
    0x08005668   0x08005668   0x00001274   Code   RO         6381    i.SPI1_DMA_enable   bsp_spi.o
    0x080068dc   0x080068dc   0x000000f0   Code   RO         6382    i.SPI1_DMA_init     bsp_spi.o
    0x080069cc   0x080069cc   0x0000006c   Code   RO         4319    i.SPI_EndRxTxTransaction  stm32f4xx_hal_spi.o
    0x08006a38   0x08006a38   0x000000b8   Code   RO         4324    i.SPI_WaitFlagStateUntilTimeout  stm32f4xx_hal_spi.o
    0x08006af0   0x08006af0   0x0000002c   Code   RO         6302    i.SysTick_Handler   port.o
    0x08006b1c   0x08006b1c   0x00000094   Code   RO           15    i.SystemClock_Config  main.o
    0x08006bb0   0x08006bb0   0x00000010   Code   RO         4956    i.SystemInit        system_stm32f4xx.o
    0x08006bc0   0x08006bc0   0x0000000c   Code   RO          701    i.TIM6_DAC_IRQHandler  stm32f4xx_it.o
    0x08006bcc   0x08006bcc   0x000000d8   Code   RO          968    i.TIM_Base_SetConfig  stm32f4xx_hal_tim.o
    0x08006ca4   0x08006ca4   0x0000001a   Code   RO          969    i.TIM_CCxChannelCmd  stm32f4xx_hal_tim.o
    0x08006cbe   0x08006cbe   0x00000014   Code   RO          979    i.TIM_ETR_SetConfig  stm32f4xx_hal_tim.o
    0x08006cd2   0x08006cd2   0x00000010   Code   RO          980    i.TIM_ITRx_SetConfig  stm32f4xx_hal_tim.o
    0x08006ce2   0x08006ce2   0x00000002   PAD
    0x08006ce4   0x08006ce4   0x00000060   Code   RO          981    i.TIM_OC1_SetConfig  stm32f4xx_hal_tim.o
    0x08006d44   0x08006d44   0x0000006c   Code   RO          982    i.TIM_OC2_SetConfig  stm32f4xx_hal_tim.o
    0x08006db0   0x08006db0   0x00000068   Code   RO          983    i.TIM_OC3_SetConfig  stm32f4xx_hal_tim.o
    0x08006e18   0x08006e18   0x00000050   Code   RO          984    i.TIM_OC4_SetConfig  stm32f4xx_hal_tim.o
    0x08006e68   0x08006e68   0x00000022   Code   RO          986    i.TIM_TI1_ConfigInputStage  stm32f4xx_hal_tim.o
    0x08006e8a   0x08006e8a   0x00000024   Code   RO          988    i.TIM_TI2_ConfigInputStage  stm32f4xx_hal_tim.o
    0x08006eae   0x08006eae   0x0000004e   Code   RO         4645    i.UART_EndRxTransfer  stm32f4xx_hal_uart.o
    0x08006efc   0x08006efc   0x0000010c   Code   RO         4648    i.UART_SetConfig    stm32f4xx_hal_uart.o
    0x08007008   0x08007008   0x00000072   Code   RO         4651    i.UART_WaitOnFlagUntilTimeout  stm32f4xx_hal_uart.o
    0x0800707a   0x0800707a   0x00000002   PAD
    0x0800707c   0x0800707c   0x000000bc   Code   RO         7615    i.USART3_IRQHandler  remote_receive.o
    0x08007138   0x08007138   0x00000020   Code   RO         9645    i.USBD_CDC_SetTxBuffer  usbd_cdc.o
    0x08007158   0x08007158   0x00000054   Code   RO         9647    i.USBD_CDC_TransmitPacket  usbd_cdc.o
    0x080071ac   0x080071ac   0x00000014   Code   RO         9313    i.USBD_ClrClassConfig  usbd_core.o
    0x080071c0   0x080071c0   0x00000026   Code   RO         9475    i.USBD_ClrFeature   usbd_ctlreq.o
    0x080071e6   0x080071e6   0x00000004   Code   RO         9314    i.USBD_CoreFindEP   usbd_core.o
    0x080071ea   0x080071ea   0x00000004   Code   RO         9315    i.USBD_CoreFindIF   usbd_core.o
    0x080071ee   0x080071ee   0x00000010   Code   RO         9573    i.USBD_CtlContinueRx  usbd_ioreq.o
    0x080071fe   0x080071fe   0x00000010   Code   RO         9574    i.USBD_CtlContinueSendData  usbd_ioreq.o
    0x0800720e   0x0800720e   0x00000018   Code   RO         9476    i.USBD_CtlError     usbd_ctlreq.o
    0x08007226   0x08007226   0x00000016   Code   RO         9576    i.USBD_CtlReceiveStatus  usbd_ioreq.o
    0x0800723c   0x0800723c   0x0000001a   Code   RO         9577    i.USBD_CtlSendData  usbd_ioreq.o
    0x08007256   0x08007256   0x00000016   Code   RO         9578    i.USBD_CtlSendStatus  usbd_ioreq.o
    0x0800726c   0x0800726c   0x00000034   Code   RO         9477    i.USBD_GetConfig    usbd_ctlreq.o
    0x080072a0   0x080072a0   0x000001b4   Code   RO         9478    i.USBD_GetDescriptor  usbd_ctlreq.o
    0x08007454   0x08007454   0x00000036   Code   RO         9480    i.USBD_GetStatus    usbd_ctlreq.o
    0x0800748a   0x0800748a   0x00000024   Code   RO         9119    i.USBD_Get_USB_Status  usbd_conf.o
    0x080074ae   0x080074ae   0x00000012   Code   RO         9120    i.USBD_LL_ClearStallEP  usbd_conf.o
    0x080074c0   0x080074c0   0x000000dc   Code   RO         9320    i.USBD_LL_DataInStage  usbd_core.o
    0x0800759c   0x0800759c   0x000000d0   Code   RO         9321    i.USBD_LL_DataOutStage  usbd_core.o
    0x0800766c   0x0800766c   0x00000004   Code   RO         9322    i.USBD_LL_DevConnected  usbd_core.o
    0x08007670   0x08007670   0x00000020   Code   RO         9323    i.USBD_LL_DevDisconnected  usbd_core.o
    0x08007690   0x08007690   0x00000020   Code   RO         9127    i.USBD_LL_IsStallEP  usbd_conf.o
    0x080076b0   0x080076b0   0x0000002a   Code   RO         9324    i.USBD_LL_IsoINIncomplete  usbd_core.o
    0x080076da   0x080076da   0x0000002a   Code   RO         9325    i.USBD_LL_IsoOUTIncomplete  usbd_core.o
    0x08007704   0x08007704   0x00000018   Code   RO         9128    i.USBD_LL_OpenEP    usbd_conf.o
    0x0800771c   0x0800771c   0x00000012   Code   RO         9129    i.USBD_LL_PrepareReceive  usbd_conf.o
    0x0800772e   0x0800772e   0x00000060   Code   RO         9326    i.USBD_LL_Reset     usbd_core.o
    0x0800778e   0x0800778e   0x00000014   Code   RO         9327    i.USBD_LL_Resume    usbd_core.o
    0x080077a2   0x080077a2   0x0000001a   Code   RO         9328    i.USBD_LL_SOF       usbd_core.o
    0x080077bc   0x080077bc   0x00000006   Code   RO         9329    i.USBD_LL_SetSpeed  usbd_core.o
    0x080077c2   0x080077c2   0x00000012   Code   RO         9130    i.USBD_LL_SetUSBAddress  usbd_conf.o
    0x080077d4   0x080077d4   0x00000064   Code   RO         9330    i.USBD_LL_SetupStage  usbd_core.o
    0x08007838   0x08007838   0x00000012   Code   RO         9131    i.USBD_LL_StallEP   usbd_conf.o
    0x0800784a   0x0800784a   0x0000001a   Code   RO         9331    i.USBD_LL_Suspend   usbd_core.o
    0x08007864   0x08007864   0x00000012   Code   RO         9134    i.USBD_LL_Transmit  usbd_conf.o
    0x08007876   0x08007876   0x00000032   Code   RO         9482    i.USBD_ParseSetupRequest  usbd_ctlreq.o
    0x080078a8   0x080078a8   0x00000004   Code   RO         9333    i.USBD_RunTestMode  usbd_core.o
    0x080078ac   0x080078ac   0x00000058   Code   RO         9483    i.USBD_SetAddress   usbd_ctlreq.o
    0x08007904   0x08007904   0x00000014   Code   RO         9334    i.USBD_SetClassConfig  usbd_core.o
    0x08007918   0x08007918   0x000000dc   Code   RO         9484    i.USBD_SetConfig    usbd_ctlreq.o
    0x080079f4   0x080079f4   0x00000024   Code   RO         9485    i.USBD_SetFeature   usbd_ctlreq.o
    0x08007a18   0x08007a18   0x00000076   Code   RO         9486    i.USBD_StdDevReq    usbd_ctlreq.o
    0x08007a8e   0x08007a8e   0x0000022e   Code   RO         9487    i.USBD_StdEPReq     usbd_ctlreq.o
    0x08007cbc   0x08007cbc   0x0000008e   Code   RO         9488    i.USBD_StdItfReq    usbd_ctlreq.o
    0x08007d4a   0x08007d4a   0x00000002   PAD
    0x08007d4c   0x08007d4c   0x00000080   Code   RO         2127    i.USB_ActivateEndpoint  stm32f4xx_ll_usb.o
    0x08007dcc   0x08007dcc   0x0000001c   Code   RO         2129    i.USB_ActivateSetup  stm32f4xx_ll_usb.o
    0x08007de8   0x08007de8   0x00000058   Code   RO         2142    i.USB_EP0_OutStart  stm32f4xx_ll_usb.o
    0x08007e40   0x08007e40   0x00000058   Code   RO         2143    i.USB_EPClearStall  stm32f4xx_ll_usb.o
    0x08007e98   0x08007e98   0x00000058   Code   RO         2144    i.USB_EPSetStall    stm32f4xx_ll_usb.o
    0x08007ef0   0x08007ef0   0x00000238   Code   RO         2145    i.USB_EPStartXfer   stm32f4xx_ll_usb.o
    0x08008128   0x08008128   0x0000009e   Code   RO         2146    i.USB_EPStopXfer    stm32f4xx_ll_usb.o
    0x080081c6   0x080081c6   0x0000003c   Code   RO         2149    i.USB_FlushTxFifo   stm32f4xx_ll_usb.o
    0x08008202   0x08008202   0x0000001a   Code   RO         2151    i.USB_GetDevSpeed   stm32f4xx_ll_usb.o
    0x0800821c   0x0800821c   0x00000008   Code   RO         2153    i.USB_GetMode       stm32f4xx_ll_usb.o
    0x08008224   0x08008224   0x0000000e   Code   RO         2161    i.USB_ReadDevAllInEpInterrupt  stm32f4xx_ll_usb.o
    0x08008232   0x08008232   0x0000000e   Code   RO         2162    i.USB_ReadDevAllOutEpInterrupt  stm32f4xx_ll_usb.o
    0x08008240   0x08008240   0x00000024   Code   RO         2163    i.USB_ReadDevInEPInterrupt  stm32f4xx_ll_usb.o
    0x08008264   0x08008264   0x00000010   Code   RO         2164    i.USB_ReadDevOutEPInterrupt  stm32f4xx_ll_usb.o
    0x08008274   0x08008274   0x00000008   Code   RO         2165    i.USB_ReadInterrupts  stm32f4xx_ll_usb.o
    0x0800827c   0x0800827c   0x0000003e   Code   RO         2166    i.USB_ReadPacket    stm32f4xx_ll_usb.o
    0x080082ba   0x080082ba   0x00000022   Code   RO         2169    i.USB_SetDevAddress  stm32f4xx_ll_usb.o
    0x080082dc   0x080082dc   0x000000e8   Code   RO         2171    i.USB_SetTurnaroundTime  stm32f4xx_ll_usb.o
    0x080083c4   0x080083c4   0x00000028   Code   RO         2174    i.USB_WritePacket   stm32f4xx_ll_usb.o
    0x080083ec   0x080083ec   0x00000002   Code   RO          702    i.UsageFault_Handler  stm32f4xx_it.o
    0x080083ee   0x080083ee   0x00000002   PAD
    0x080083f0   0x080083f0   0x00000024   Code   RO        10020    i.__0vsprintf       mc_w.l(printfa.o)
    0x08008414   0x08008414   0x00000026   Code   RO        10041    i.__ARM_fpclassifyf  m_wm.l(fpclassifyf.o)
    0x0800843a   0x0800843a   0x00000020   Code   RO         3191    i.__NVIC_SetPriority  stm32f4xx_hal_cortex.o
    0x0800845a   0x0800845a   0x00000002   PAD
    0x0800845c   0x0800845c   0x0000012c   Code   RO         9950    i.__hardfp_asinf    m_wm.l(asinf.o)
    0x08008588   0x08008588   0x00000250   Code   RO         9962    i.__hardfp_atan2f   m_wm.l(atan2f.o)
    0x080087d8   0x080087d8   0x0000003a   Code   RO         9974    i.__hardfp_sqrtf    m_wm.l(sqrtf.o)
    0x08008812   0x08008812   0x00000006   Code   RO        10044    i.__mathlib_flt_infnan  m_wm.l(funder.o)
    0x08008818   0x08008818   0x00000006   Code   RO        10045    i.__mathlib_flt_infnan2  m_wm.l(funder.o)
    0x0800881e   0x0800881e   0x00000002   PAD
    0x08008820   0x08008820   0x00000010   Code   RO        10046    i.__mathlib_flt_invalid  m_wm.l(funder.o)
    0x08008830   0x08008830   0x00000010   Code   RO        10049    i.__mathlib_flt_underflow  m_wm.l(funder.o)
    0x08008840   0x08008840   0x0000000e   Code   RO        10111    i.__scatterload_copy  mc_w.l(handlers.o)
    0x0800884e   0x0800884e   0x00000002   Code   RO        10112    i.__scatterload_null  mc_w.l(handlers.o)
    0x08008850   0x08008850   0x0000000e   Code   RO        10113    i.__scatterload_zeroinit  mc_w.l(handlers.o)
    0x0800885e   0x0800885e   0x00000002   PAD
    0x08008860   0x08008860   0x0000000c   Code   RO        10085    i.__set_errno       mc_w.l(errno.o)
    0x0800886c   0x0800886c   0x00000184   Code   RO        10021    i._fp_digits        mc_w.l(printfa.o)
    0x080089f0   0x080089f0   0x000006dc   Code   RO        10022    i._printf_core      mc_w.l(printfa.o)
    0x080090cc   0x080090cc   0x00000024   Code   RO        10023    i._printf_post_padding  mc_w.l(printfa.o)
    0x080090f0   0x080090f0   0x0000002e   Code   RO        10024    i._printf_pre_padding  mc_w.l(printfa.o)
    0x0800911e   0x0800911e   0x0000000a   Code   RO        10026    i._sputc            mc_w.l(printfa.o)
    0x08009128   0x08009128   0x0000003c   Code   RO         6705    i.aRGB_led_show     bsp_led.o
    0x08009164   0x08009164   0x000001d0   Code   RO         9739    i.accel_comple_filter  AHRS.lib(ahrs.o)
    0x08009334   0x08009334   0x0000018c   Code   RO         9740    i.accel_update_kp_ki  AHRS.lib(ahrs.o)
    0x080094c0   0x080094c0   0x0000006c   Code   RO         8736    i.ack               ft_servo_protocol.o
    0x0800952c   0x0800952c   0x00000008   Code   RO         7723    i.adsorption_task   adsorption_task.o
    0x08009534   0x08009534   0x0000016c   Code   RO         9741    i.angle_to_quat     AHRS.lib(ahrs.o)
    0x080096a0   0x080096a0   0x00000128   Code   RO         6860    i.bmi088_accel_init  bmi088driver.o
    0x080097c8   0x080097c8   0x000002c0   Code   RO         6861    i.bmi088_accel_self_test  bmi088driver.o
    0x08009a88   0x08009a88   0x000000dc   Code   RO         6862    i.bmi088_gyro_init  bmi088driver.o
    0x08009b64   0x08009b64   0x000000ca   Code   RO         6863    i.bmi088_gyro_self_test  bmi088driver.o
    0x08009c2e   0x08009c2e   0x00000002   PAD
    0x08009c30   0x08009c30   0x00000010   Code   RO         6639    i.buzzer_off        bsp_buzzer.o
    0x08009c40   0x08009c40   0x00000010   Code   RO         6640    i.buzzer_on         bsp_buzzer.o
    0x08009c50   0x08009c50   0x00000090   Code   RO         7409    i.buzzer_task       buzzer_task.o
    0x08009ce0   0x08009ce0   0x00000038   Code   RO         6734    i.can_filter_init   bsp_can.o
    0x08009d18   0x08009d18   0x00000028   Code   RO         7699    i.car_task          car_task.o
    0x08009d40   0x08009d40   0x0000001c   Code   RO         8501    i.chassis_control_calc  chassis_control.o
    0x08009d5c   0x08009d5c   0x0000001c   Code   RO         8502    i.chassis_control_init  chassis_control.o
    0x08009d78   0x08009d78   0x00000094   Code   RO         8503    i.chassis_set_control  chassis_control.o
    0x08009e0c   0x08009e0c   0x00000038   Code   RO         8737    i.check_head        ft_servo_protocol.o
    0x08009e44   0x08009e44   0x00000024   Code   RO         6495    i.delay_us          bsp_delay.o
    0x08009e68   0x08009e68   0x00000050   Code   RO         7540    i.detect_hook       detect_task.o
    0x08009eb8   0x08009eb8   0x00000078   Code   RO         7541    i.detect_init       detect_task.o
    0x08009f30   0x08009f30   0x000000f8   Code   RO         7542    i.detect_task       detect_task.o
    0x0800a028   0x0800a028   0x00000020   Code   RO         6759    i.elongate_left_push_rog  bsp_push_rog.o
    0x0800a048   0x0800a048   0x00000024   Code   RO         6760    i.elongate_right_push_rog  bsp_push_rog.o
    0x0800a06c   0x0800a06c   0x00000014   Code   RO         8743    i.ft_protocol_init  ft_servo_protocol.o
    0x0800a080   0x0800a080   0x000000cc   Code   RO         8745    i.ft_protocol_read  ft_servo_protocol.o
    0x0800a14c   0x0800a14c   0x0000001a   Code   RO         8746    i.ft_protocol_read_byte  ft_servo_protocol.o
    0x0800a166   0x0800a166   0x00000024   Code   RO         8747    i.ft_protocol_read_word  ft_servo_protocol.o
    0x0800a18a   0x0800a18a   0x00000002   PAD
    0x0800a18c   0x0800a18c   0x00000018   Code   RO         8750    i.ft_protocol_scs2host  ft_servo_protocol.o
    0x0800a1a4   0x0800a1a4   0x0000002a   Code   RO         8754    i.ft_protocol_write_byte  ft_servo_protocol.o
    0x0800a1ce   0x0800a1ce   0x00000002   PAD
    0x0800a1d0   0x0800a1d0   0x0000001c   Code   RO         8541    i.ft_servo_app_init  ft_servo_app.o
    0x0800a1ec   0x0800a1ec   0x00000034   Code   RO         8543    i.ft_servo_app_read_current  ft_servo_app.o
    0x0800a220   0x0800a220   0x00000034   Code   RO         8544    i.ft_servo_app_read_load  ft_servo_app.o
    0x0800a254   0x0800a254   0x00000014   Code   RO         8545    i.ft_servo_app_read_move  ft_servo_app.o
    0x0800a268   0x0800a268   0x00000034   Code   RO         8546    i.ft_servo_app_read_pos  ft_servo_app.o
    0x0800a29c   0x0800a29c   0x00000034   Code   RO         8547    i.ft_servo_app_read_speed  ft_servo_app.o
    0x0800a2d0   0x0800a2d0   0x00000014   Code   RO         8548    i.ft_servo_app_read_temperature  ft_servo_app.o
    0x0800a2e4   0x0800a2e4   0x00000014   Code   RO         8549    i.ft_servo_app_read_voltage  ft_servo_app.o
    0x0800a2f8   0x0800a2f8   0x00000008   Code   RO         8553    i.ft_servo_app_torque_enable  ft_servo_app.o
    0x0800a300   0x0800a300   0x00000004   Code   RO         8685    i.ft_servo_hw_flush_rx  ft_servo_hw.o
    0x0800a304   0x0800a304   0x00000020   Code   RO         8686    i.ft_servo_hw_flush_tx  ft_servo_hw.o
    0x0800a324   0x0800a324   0x00000014   Code   RO         8687    i.ft_servo_hw_init  ft_servo_hw.o
    0x0800a338   0x0800a338   0x00000004   Code   RO         8688    i.ft_servo_hw_read  ft_servo_hw.o
    0x0800a33c   0x0800a33c   0x0000002c   Code   RO         8689    i.ft_servo_hw_write  ft_servo_hw.o
    0x0800a368   0x0800a368   0x00000006   Code   RO         8878    i.ft_servo_uart_delay  ft_servo_uart.o
    0x0800a36e   0x0800a36e   0x00000002   PAD
    0x0800a370   0x0800a370   0x00000020   Code   RO         8879    i.ft_servo_uart_init  ft_servo_uart.o
    0x0800a390   0x0800a390   0x00000020   Code   RO         8880    i.ft_servo_uart_receive  ft_servo_uart.o
    0x0800a3b0   0x0800a3b0   0x00000020   Code   RO         8881    i.ft_servo_uart_send  ft_servo_uart.o
    0x0800a3d0   0x0800a3d0   0x000000e8   Code   RO         9742    i.get_angle         AHRS.lib(ahrs.o)
    0x0800a4b8   0x0800a4b8   0x00000008   Code   RO         7496    i.get_chassis_motor1_measure_point  can_receive.o
    0x0800a4c0   0x0800a4c0   0x00000008   Code   RO         7497    i.get_chassis_motor2_measure_point  can_receive.o
    0x0800a4c8   0x0800a4c8   0x00000008   Code   RO         7543    i.get_error_list_point  detect_task.o
    0x0800a4d0   0x0800a4d0   0x00000008   Code   RO         7583    i.get_key_data_point  key_task.o
    0x0800a4d8   0x0800a4d8   0x00000008   Code   RO         7616    i.get_remote_ch_point  remote_receive.o
    0x0800a4e0   0x0800a4e0   0x000000ec   Code   RO         7181    i.imu_cali_slove    ins_task.o
    0x0800a5cc   0x0800a5cc   0x00000110   Code   RO         7182    i.imu_cmd_spi_dma   ins_task.o
    0x0800a6dc   0x0800a6dc   0x00000002   Code   RO         7091    i.ist8310_GPIO_init  ist8310driver_middleware.o
    0x0800a6de   0x0800a6de   0x00000002   PAD
    0x0800a6e0   0x0800a6e0   0x0000001c   Code   RO         7092    i.ist8310_IIC_read_muli_reg  ist8310driver_middleware.o
    0x0800a6fc   0x0800a6fc   0x00000024   Code   RO         7093    i.ist8310_IIC_read_single_reg  ist8310driver_middleware.o
    0x0800a720   0x0800a720   0x00000024   Code   RO         7095    i.ist8310_IIC_write_single_reg  ist8310driver_middleware.o
    0x0800a744   0x0800a744   0x00000010   Code   RO         7096    i.ist8310_RST_H     ist8310driver_middleware.o
    0x0800a754   0x0800a754   0x00000010   Code   RO         7097    i.ist8310_RST_L     ist8310driver_middleware.o
    0x0800a764   0x0800a764   0x00000002   Code   RO         7098    i.ist8310_com_init  ist8310driver_middleware.o
    0x0800a766   0x0800a766   0x00000004   Code   RO         7099    i.ist8310_delay_ms  ist8310driver_middleware.o
    0x0800a76a   0x0800a76a   0x00000002   PAD
    0x0800a76c   0x0800a76c   0x00000080   Code   RO         7056    i.ist8310_init      ist8310driver.o
    0x0800a7ec   0x0800a7ec   0x00000054   Code   RO         7057    i.ist8310_read_mag  ist8310driver.o
    0x0800a840   0x0800a840   0x000000b4   Code   RO         7584    i.key_task          key_task.o
    0x0800a8f4   0x0800a8f4   0x00000118   Code   RO         7379    i.led_task          led_task.o
    0x0800aa0c   0x0800aa0c   0x00000020   Code   RO         6761    i.left_push_rog_off  bsp_push_rog.o
    0x0800aa2c   0x0800aa2c   0x000000f8   Code   RO           16    i.main              main.o
    0x0800ab24   0x0800ab24   0x0000000c   Code   RO         5855    i.makeFreeRtosPriority  cmsis_os.o
    0x0800ab30   0x0800ab30   0x00000060   Code   RO         8462    i.motor_control_calc  motor_control.o
    0x0800ab90   0x0800ab90   0x0000007c   Code   RO         8463    i.motor_control_init  motor_control.o
    0x0800ac0c   0x0800ac0c   0x00000070   Code   RO         8464    i.motor_speed_set   motor_control.o
    0x0800ac7c   0x0800ac7c   0x00000010   Code   RO         5857    i.osDelay           cmsis_os.o
    0x0800ac8c   0x0800ac8c   0x0000000a   Code   RO         5860    i.osKernelStart     cmsis_os.o
    0x0800ac96   0x0800ac96   0x0000005c   Code   RO         5894    i.osThreadCreate    cmsis_os.o
    0x0800acf2   0x0800acf2   0x00000002   PAD
    0x0800acf4   0x0800acf4   0x00000024   Code   RO         5480    i.pcTaskGetName     tasks.o
    0x0800ad18   0x0800ad18   0x00000086   Code   RO         8465    i.pid_calc          motor_control.o
    0x0800ad9e   0x0800ad9e   0x00000002   PAD
    0x0800ada0   0x0800ada0   0x00000028   Code   RO         8466    i.pid_init          motor_control.o
    0x0800adc8   0x0800adc8   0x00000080   Code   RO         5481    i.prvAddCurrentTaskToDelayedList  tasks.o
    0x0800ae48   0x0800ae48   0x00000088   Code   RO         5482    i.prvAddNewTaskToReadyList  tasks.o
    0x0800aed0   0x0800aed0   0x00000040   Code   RO         5483    i.prvCheckTasksWaitingTermination  tasks.o
    0x0800af10   0x0800af10   0x00000040   Code   RO         5484    i.prvDeleteTCB      tasks.o
    0x0800af50   0x0800af50   0x00000050   Code   RO         6234    i.prvHeapInit       heap_4.o
    0x0800afa0   0x0800afa0   0x00000028   Code   RO         5485    i.prvIdleTask       tasks.o
    0x0800afc8   0x0800afc8   0x00000098   Code   RO         5486    i.prvInitialiseNewTask  tasks.o
    0x0800b060   0x0800b060   0x00000060   Code   RO         5487    i.prvInitialiseTaskLists  tasks.o
    0x0800b0c0   0x0800b0c0   0x0000005c   Code   RO         6235    i.prvInsertBlockIntoFreeList  heap_4.o
    0x0800b11c   0x0800b11c   0x00000024   Code   RO         5488    i.prvResetNextTaskUnblockTime  tasks.o
    0x0800b140   0x0800b140   0x0000006e   Code   RO         5489    i.prvSearchForNameWithinSingleList  tasks.o
    0x0800b1ae   0x0800b1ae   0x00000018   Code   RO         5490    i.prvTaskCheckFreeStackSpace  tasks.o
    0x0800b1c6   0x0800b1c6   0x00000002   PAD
    0x0800b1c8   0x0800b1c8   0x00000030   Code   RO         6303    i.prvTaskExitError  port.o
    0x0800b1f8   0x0800b1f8   0x000000e8   Code   RO         6236    i.pvPortMalloc      heap_4.o
    0x0800b2e0   0x0800b2e0   0x0000002c   Code   RO         6304    i.pxPortInitialiseStack  port.o
    0x0800b30c   0x0800b30c   0x00000084   Code   RO         9747    i.quat_normalization  AHRS.lib(ahrs.o)
    0x0800b390   0x0800b390   0x00000020   Code   RO         7617    i.remote_receive_init  remote_receive.o
    0x0800b3b0   0x0800b3b0   0x00000024   Code   RO         6762    i.right_push_rog_off  bsp_push_rog.o
    0x0800b3d4   0x0800b3d4   0x000001d0   Code   RO         7618    i.sbus_to_remote_ch  remote_receive.o
    0x0800b5a4   0x0800b5a4   0x00000064   Code   RO         7661    i.servo_receive_task  servo_receive.o
    0x0800b608   0x0800b608   0x00000020   Code   RO         6763    i.shorten_left_push_rog  bsp_push_rog.o
    0x0800b628   0x0800b628   0x00000024   Code   RO         6764    i.shorten_right_push_rog  bsp_push_rog.o
    0x0800b64c   0x0800b64c   0x0000003e   Code   RO         9976    i.sqrtf             m_wm.l(sqrtf.o)
    0x0800b68a   0x0800b68a   0x00000002   PAD
    0x0800b68c   0x0800b68c   0x00000064   Code   RO         7308    i.test_task         test_task.o
    0x0800b6f0   0x0800b6f0   0x00000008   Code   RO          309    i.transform_task    freertos.o
    0x0800b6f8   0x0800b6f8   0x00000068   Code   RO         5493    i.ulTaskNotifyTake  tasks.o
    0x0800b760   0x0800b760   0x0000007a   Code   RO         9748    i.update_w          AHRS.lib(ahrs.o)
    0x0800b7da   0x0800b7da   0x00000002   PAD
    0x0800b7dc   0x0800b7dc   0x00000048   Code   RO         6571    i.usart1_tx_dma_init  bsp_usart.o
    0x0800b824   0x0800b824   0x00000040   Code   RO         7440    i.usb_task          usb_task.o
    0x0800b864   0x0800b864   0x00000026   Code   RO         5094    i.uxListRemove      list.o
    0x0800b88a   0x0800b88a   0x00000002   PAD
    0x0800b88c   0x0800b88c   0x00000014   Code   RO         5496    i.uxTaskGetStackHighWaterMark  tasks.o
    0x0800b8a0   0x0800b8a0   0x00000014   Code   RO          311    i.vApplicationGetIdleTaskMemory  freertos.o
    0x0800b8b4   0x0800b8b4   0x00000016   Code   RO         5095    i.vListInitialise   list.o
    0x0800b8ca   0x0800b8ca   0x00000006   Code   RO         5096    i.vListInitialiseItem  list.o
    0x0800b8d0   0x0800b8d0   0x00000036   Code   RO         5097    i.vListInsert       list.o
    0x0800b906   0x0800b906   0x00000018   Code   RO         5098    i.vListInsertEnd    list.o
    0x0800b91e   0x0800b91e   0x00000002   PAD
    0x0800b920   0x0800b920   0x00000040   Code   RO         6306    i.vPortEnterCritical  port.o
    0x0800b960   0x0800b960   0x0000002c   Code   RO         6307    i.vPortExitCritical  port.o
    0x0800b98c   0x0800b98c   0x00000064   Code   RO         6237    i.vPortFree         heap_4.o
    0x0800b9f0   0x0800b9f0   0x00000024   Code   RO         6308    i.vPortSetupTimerInterrupt  port.o
    0x0800ba14   0x0800ba14   0x00000054   Code   RO         6309    i.vPortValidateInterruptPriority  port.o
    0x0800ba68   0x0800ba68   0x00000050   Code   RO         5501    i.vTaskDelay        tasks.o
    0x0800bab8   0x0800bab8   0x000000bc   Code   RO         5507    i.vTaskNotifyGiveFromISR  tasks.o
    0x0800bb74   0x0800bb74   0x00000088   Code   RO         5515    i.vTaskStartScheduler  tasks.o
    0x0800bbfc   0x0800bbfc   0x00000010   Code   RO         5517    i.vTaskSuspendAll   tasks.o
    0x0800bc0c   0x0800bc0c   0x00000060   Code   RO         5518    i.vTaskSwitchContext  tasks.o
    0x0800bc6c   0x0800bc6c   0x00000094   Code   RO         8756    i.write_buf         ft_servo_protocol.o
    0x0800bd00   0x0800bd00   0x00000104   Code   RO         6310    i.xPortStartScheduler  port.o
    0x0800be04   0x0800be04   0x0000006c   Code   RO         5522    i.xTaskCreate       tasks.o
    0x0800be70   0x0800be70   0x00000060   Code   RO         5523    i.xTaskCreateStatic  tasks.o
    0x0800bed0   0x0800bed0   0x0000008c   Code   RO         5527    i.xTaskGetHandle    tasks.o
    0x0800bf5c   0x0800bf5c   0x0000001c   Code   RO         5528    i.xTaskGetSchedulerState  tasks.o
    0x0800bf78   0x0800bf78   0x0000000c   Code   RO         5529    i.xTaskGetTickCount  tasks.o
    0x0800bf84   0x0800bf84   0x000000d4   Code   RO         5531    i.xTaskIncrementTick  tasks.o
    0x0800c058   0x0800c058   0x000000cc   Code   RO         5537    i.xTaskResumeAll    tasks.o
    0x0800c124   0x0800c124   0x00000134   Data   RO          313    .constdata          freertos.o
    0x0800c258   0x0800c258   0x00000008   Data   RO         2905    .constdata          stm32f4xx_hal_dma.o
    0x0800c260   0x0800c260   0x00000010   Data   RO         4957    .constdata          system_stm32f4xx.o
    0x0800c270   0x0800c270   0x00000008   Data   RO         4958    .constdata          system_stm32f4xx.o
    0x0800c278   0x0800c278   0x00000012   Data   RO         6868    .constdata          bmi088driver.o
    0x0800c28a   0x0800c28a   0x0000000c   Data   RO         7059    .constdata          ist8310driver.o
    0x0800c296   0x0800c296   0x00000002   PAD
    0x0800c298   0x0800c298   0x0000000c   Data   RO         7410    .constdata          buzzer_task.o
    0x0800c2a4   0x0800c2a4   0x0000001e   Data   RO         7546    .constdata          detect_task.o
    0x0800c2c2   0x0800c2c2   0x00000002   PAD
    0x0800c2c4   0x0800c2c4   0x0000000c   Data   RO         9749    .constdata          AHRS.lib(ahrs.o)
    0x0800c2d0   0x0800c2d0   0x00000078   Data   RO          314    .conststring        freertos.o
    0x0800c348   0x0800c348   0x00000804   Data   RO         9930    .rodata.sinTable_f32  arm_cortexM4lf_math.lib(arm_common_tables.o)
    0x0800cb4c   0x0800cb4c   0x00000020   Data   RO        10109    Region$$Table       anon$$obj.o


    Execution Region RW_IRAM1 (Exec base: 0x20000000, Load base: 0x0800cb6c, Size: 0x00005960, Max: 0x0001c000, ABSOLUTE, COMPRESSED[0x000000c4])

    Exec Addr    Load Addr    Size         Type   Attr      Idx    E Section Name        Object

    0x20000000   COMPRESSED   0x0000002c   Data   RW          315    .data               freertos.o
    0x2000002c   COMPRESSED   0x00000004   Data   RW          414    .data               can.o
    0x20000030   COMPRESSED   0x0000000c   Data   RW         3350    .data               stm32f4xx_hal.o
    0x2000003c   COMPRESSED   0x00000004   Data   RW         4959    .data               system_stm32f4xx.o
    0x20000040   COMPRESSED   0x0000003c   Data   RW         5540    .data               tasks.o
    0x2000007c   COMPRESSED   0x00000020   Data   RW         6243    .data               heap_4.o
    0x2000009c   COMPRESSED   0x0000000c   Data   RW         6311    .data               port.o
    0x200000a8   COMPRESSED   0x00000008   Data   RW         6706    .data               bsp_led.o
    0x200000b0   COMPRESSED   0x0000002c   Data   RW         6869    .data               bmi088driver.o
    0x200000dc   COMPRESSED   0x000000a0   Data   RW         7187    .data               ins_task.o
    0x2000017c   COMPRESSED   0x00000008   Data   RW         7309    .data               test_task.o
    0x20000184   COMPRESSED   0x0000001c   Data   RW         7380    .data               led_task.o
    0x200001a0   COMPRESSED   0x00000008   Data   RW         7411    .data               buzzer_task.o
    0x200001a8   COMPRESSED   0x00000004   Data   RW         7442    .data               usb_task.o
    0x200001ac   COMPRESSED   0x00000008   Data   RW         7499    .data               can_receive.o
    0x200001b4   COMPRESSED   0x0000000c   Data   RW         7547    .data               detect_task.o
    0x200001c0   COMPRESSED   0x00000002   Data   RW         7620    .data               remote_receive.o
    0x200001c2   COMPRESSED   0x00000002   Data   RW         8691    .data               ft_servo_hw.o
    0x200001c4   COMPRESSED   0x00000004   Data   RW         8757    .data               ft_servo_protocol.o
    0x200001c8   COMPRESSED   0x00000004   Data   RW         8882    .data               ft_servo_uart.o
    0x200001cc   COMPRESSED   0x00000001   Data   RW         9489    .data               usbd_ctlreq.o
    0x200001cd   COMPRESSED   0x00000003   PAD
    0x200001d0   COMPRESSED   0x00000053   Data   RW         9648    .data               usbd_cdc.o
    0x20000223   COMPRESSED   0x00000001   PAD
    0x20000224   COMPRESSED   0x00000010   Data   RW         9750    .data               AHRS.lib(ahrs.o)
    0x20000234   COMPRESSED   0x00000004   Data   RW        10086    .data               mc_w.l(errno.o)
    0x20000238        -       0x00000254   Zero   RW          312    .bss                freertos.o
    0x2000048c        -       0x00000050   Zero   RW          413    .bss                can.o
    0x200004dc        -       0x00000054   Zero   RW          485    .bss                i2c.o
    0x20000530        -       0x00000118   Zero   RW          527    .bss                spi.o
    0x20000648        -       0x00000120   Zero   RW          573    .bss                tim.o
    0x20000768        -       0x00000258   Zero   RW          637    .bss                usart.o
    0x200009c0        -       0x00000048   Zero   RW          837    .bss                stm32f4xx_hal_timebase_tim.o
    0x20000a08        -       0x000000f0   Zero   RW         5539    .bss                tasks.o
    0x20000af8        -       0x00003c00   Zero   RW         6242    .bss                heap_4.o
    0x200046f8        -       0x000000d4   Zero   RW         7183    .bss                ins_task.o
    0x200047cc        -       0x00000100   Zero   RW         7441    .bss                usb_task.o
    0x200048cc        -       0x0000002c   Zero   RW         7498    .bss                can_receive.o
    0x200048f8        -       0x000000d8   Zero   RW         7545    .bss                detect_task.o
    0x200049d0        -       0x00000014   Zero   RW         7585    .bss                key_task.o
    0x200049e4        -       0x00000068   Zero   RW         7619    .bss                remote_receive.o
    0x20004a4c        -       0x00000038   Zero   RW         7662    .bss                servo_receive.o
    0x20004a84        -       0x0000005c   Zero   RW         8467    .bss                motor_control.o
    0x20004ae0        -       0x0000000c   Zero   RW         8505    .bss                chassis_control.o
    0x20004aec        -       0x0000000f   Zero   RW         8559    .bss                ft_servo_app.o
    0x20004afb        -       0x00000080   Zero   RW         8690    .bss                ft_servo_hw.o
    0x20004b7b   COMPRESSED   0x00000001   PAD
    0x20004b7c        -       0x000002dc   Zero   RW         8923    .bss                usb_device.o
    0x20004e58        -       0x00000704   Zero   RW         9137    .bss                usbd_conf.o
    0x2000555c   COMPRESSED   0x00000004   PAD
    0x20005560        -       0x00000400   Zero   RW            1    STACK               startup_stm32f407xx.o


    Execution Region RW_IRAM2 (Exec base: 0x2001c000, Load base: 0x0800cc30, Size: 0x00000000, Max: 0x00004000, ABSOLUTE)

    **** No section assigned to this execution region ****


==============================================================================

Image component sizes


      Code (inc. data)   RO Data    RW Data    ZI Data      Debug   Object Name

         8          0          0          0          0        526   adsorption_task.o
        70          6          0          0          0       5108   ahrs_middleware.o
      2158         32         18         44          0      10683   bmi088driver.o
       108         28          0          0          0       4588   bmi088middleware.o
        32         10          0          0          0        997   bsp_buzzer.o
        56          4          0          0          0        566   bsp_can.o
        36         10          0          0          0        579   bsp_delay.o
        60          8          0          8          0        620   bsp_led.o
       204         28          0          0          0       3181   bsp_push_rog.o
        96         12          0          0          0       1026   bsp_rc.o
      4964         74          0          0          0     610574   bsp_spi.o
        72         12          0          0          0       1105   bsp_usart.o
       144         10         12          8          0       1714   buzzer_task.o
       388         42          0          4         80       2538   can.o
       192         26          0          8         44       3944   can_receive.o
        40          0          0          0          0       1091   car_task.o
       204         34          0          0         12       2628   chassis_control.o
       130          0          0          0          0      23039   cmsis_os.o
       456         32         30         12        216       3402   detect_task.o
       140          4          0          0          0        874   dma.o
         0          0          0          0          0      16688   event_groups.o
       288         16        428         44        596       3424   freertos.o
       304         42          0          0         15       6577   ft_servo_app.o
       104         26          0          2        128       3492   ft_servo_hw.o
       664         18          0          4          0       7663   ft_servo_protocol.o
       102         12          0          4          0       3064   ft_servo_uart.o
       464         30          0          0          0       1247   gpio.o
       504         32          0         32      15360       7663   heap_4.o
       200         32          0          0         84       1769   i2c.o
      1924        104          0        160        212      15201   ins_task.o
       212         10         12          0          0       2546   ist8310driver.o
       140         28          0          0          0       4999   ist8310driver_middleware.o
       188         14          0          0         20       1788   key_task.o
       280          8          0         28          0       1660   led_task.o
       144          0          0          0          0       3662   list.o
       420         32          0          0          0     765632   main.o
       506         48          0          0         92       4196   motor_control.o
       814         92          0         12          0      12129   port.o
       692         34          0          2        104       3500   remote_receive.o
       100          8          0          0         56       2070   servo_receive.o
       324         34          0          0        280       1959   spi.o
        36          8        392          0       1024        848   startup_stm32f407xx.o
       116         18          0         12          0       8794   stm32f4xx_hal.o
      1638          6          0          0          0      14531   stm32f4xx_hal_can.o
       158         14          0          0          0      33094   stm32f4xx_hal_cortex.o
       752         16          8          0          0       4128   stm32f4xx_hal_dma.o
       540         52          0          0          0       3538   stm32f4xx_hal_gpio.o
      2294         52          0          0          0      13334   stm32f4xx_hal_i2c.o
        56          4          0          0          0        890   stm32f4xx_hal_msp.o
      2214         12          0          0          0      10582   stm32f4xx_hal_pcd.o
         2          0          0          0          0        953   stm32f4xx_hal_pcd_ex.o
      1424         92          0          0          0       6465   stm32f4xx_hal_rcc.o
       976         14          0          0          0       4957   stm32f4xx_hal_spi.o
      2102        168          0          0          0      18023   stm32f4xx_hal_tim.o
       232         28          0          0          0       3361   stm32f4xx_hal_tim_ex.o
       152         20          0          0         72       1511   stm32f4xx_hal_timebase_tim.o
       896         10          0          0          0       6067   stm32f4xx_hal_uart.o
       120         42          0          0          0       8151   stm32f4xx_it.o
      1696         90          0          0          0      15902   stm32f4xx_ll_usb.o
         0          0          0          0          0        416   stream_buffer.o
        16          4         24          4          0       1163   system_stm32f4xx.o
      2326        200          0         60        240      28513   tasks.o
       100          4          0          8          0       2466   test_task.o
      1096         92          0          0        288       5111   tim.o
       728         80          0          0        600       3636   usart.o
         0          0          0          0        732       2058   usb_device.o
        64         20          0          4        256       1435   usb_task.o
       116          4          0         83          0       4356   usbd_cdc.o
        44          4          0          0          0       1129   usbd_cdc_if.o
       376          4          0          0       1796      13270   usbd_conf.o
       874          0          0          0          0      12979   usbd_core.o
      1816         28          0          1          0      16675   usbd_ctlreq.o
       102          0          0          0          0       3872   usbd_ioreq.o

    ----------------------------------------------------------------------
     41066       2078        960        548      22312    1801920   Object Totals
         0          0         32          0          0          0   (incl. Generated)
        72          0          4          4          5          0   (incl. Padding)

    ----------------------------------------------------------------------

      Code (inc. data)   RO Data    RW Data    ZI Data      Debug   Library Member Name

      2718         84         12         16          0       9922   ahrs.o
         0          0       2052          0          0       4961   arm_common_tables.o
       160         12          0          0          0       1103   arm_cos_f32.o
       152         12          0          0          0       1098   arm_sin_f32.o
       300         42          0          0          0        176   asinf.o
       592         90          0          0          0        184   atan2f.o
        38          0          0          0          0        116   fpclassifyf.o
        44         12          0          0          0        464   funder.o
       120          0          0          0          0        272   sqrtf.o
        86          0          0          0          0          0   __dczerorl2.o
         0          0          0          0          0          0   entry.o
         0          0          0          0          0          0   entry10a.o
         0          0          0          0          0          0   entry11a.o
         8          4          0          0          0          0   entry2.o
         4          0          0          0          0          0   entry5.o
         0          0          0          0          0          0   entry7b.o
         0          0          0          0          0          0   entry8b.o
         8          4          0          0          0          0   entry9a.o
        12          6          0          4          0         68   errno.o
        30          0          0          0          0          0   handlers.o
        36          8          0          0          0         68   init.o
         0          0          0          0          0          0   iusefp.o
        30          0          0          0          0         68   llshl.o
        36          0          0          0          0         68   llsshr.o
        32          0          0          0          0         68   llushr.o
        36          0          0          0          0         68   memcpya.o
        36          0          0          0          0        108   memseta.o
      2272         86          0          0          0        516   printfa.o
        14          0          0          0          0         68   strlen.o
        44          0          0          0          0         80   uidiv.o
        98          0          0          0          0         92   uldiv.o
        48          0          0          0          0         68   cdrcmple.o
       334          0          0          0          0        148   dadd.o
       222          0          0          0          0        100   ddiv.o
       186          0          0          0          0        176   depilogue.o
        48          0          0          0          0         68   dfixul.o
       228          0          0          0          0         96   dmul.o

    ----------------------------------------------------------------------
      7986        360       2064         20          0      20224   Library Totals
        14          0          0          0          0          0   (incl. Padding)

    ----------------------------------------------------------------------

      Code (inc. data)   RO Data    RW Data    ZI Data      Debug   Library Name

      2718         84         12         16          0       9922   AHRS.lib
       312         24       2052          0          0       7162   arm_cortexM4lf_math.lib
      1094        144          0          0          0       1212   m_wm.l
      2782        108          0          4          0       1272   mc_w.l
      1066          0          0          0          0        656   mf_w.l

    ----------------------------------------------------------------------
      7986        360       2064         20          0      20224   Library Totals

    ----------------------------------------------------------------------

==============================================================================


      Code (inc. data)   RO Data    RW Data    ZI Data      Debug   

     49052       2438       3024        568      22312    1782876   Grand Totals
     49052       2438       3024        196      22312    1782876   ELF Image Totals (compressed)
     49052       2438       3024        196          0          0   ROM Totals

==============================================================================

    Total RO  Size (Code + RO Data)                52076 (  50.86kB)
    Total RW  Size (RW Data + ZI Data)             22880 (  22.34kB)
    Total ROM Size (Code + RO Data + RW Data)      52272 (  51.05kB)

==============================================================================

