Component: ARM Compiler 5.06 update 5 (build 528) Tool: armlink [4d35e2]

==============================================================================

Section Cross References

    startup_stm32f407xx.o(RESET) refers to startup_stm32f407xx.o(STACK) for __initial_sp
    startup_stm32f407xx.o(RESET) refers to startup_stm32f407xx.o(.text) for Reset_Handler
    startup_stm32f407xx.o(RESET) refers to stm32f4xx_it.o(i.NMI_Handler) for NMI_Handler
    startup_stm32f407xx.o(RESET) refers to stm32f4xx_it.o(i.HardFault_Handler) for HardFault_Handler
    startup_stm32f407xx.o(RESET) refers to stm32f4xx_it.o(i.MemManage_Handler) for MemManage_Handler
    startup_stm32f407xx.o(RESET) refers to stm32f4xx_it.o(i.BusFault_Handler) for BusFault_Handler
    startup_stm32f407xx.o(RESET) refers to stm32f4xx_it.o(i.UsageFault_Handler) for UsageFault_Handler
    startup_stm32f407xx.o(RESET) refers to port.o(.emb_text) for SVC_Handler
    startup_stm32f407xx.o(RESET) refers to stm32f4xx_it.o(i.DebugMon_Handler) for DebugMon_Handler
    startup_stm32f407xx.o(RESET) refers to port.o(i.SysTick_Handler) for SysTick_Handler
    startup_stm32f407xx.o(RESET) refers to stm32f4xx_it.o(i.EXTI0_IRQHandler) for EXTI0_IRQHandler
    startup_stm32f407xx.o(RESET) refers to stm32f4xx_it.o(i.EXTI3_IRQHandler) for EXTI3_IRQHandler
    startup_stm32f407xx.o(RESET) refers to stm32f4xx_it.o(i.EXTI4_IRQHandler) for EXTI4_IRQHandler
    startup_stm32f407xx.o(RESET) refers to stm32f4xx_it.o(i.CAN1_RX0_IRQHandler) for CAN1_RX0_IRQHandler
    startup_stm32f407xx.o(RESET) refers to stm32f4xx_it.o(i.EXTI9_5_IRQHandler) for EXTI9_5_IRQHandler
    startup_stm32f407xx.o(RESET) refers to servo_receive.o(i.USART1_IRQHandler) for USART1_IRQHandler
    startup_stm32f407xx.o(RESET) refers to remote_receive.o(i.USART3_IRQHandler) for USART3_IRQHandler
    startup_stm32f407xx.o(RESET) refers to stm32f4xx_it.o(i.TIM6_DAC_IRQHandler) for TIM6_DAC_IRQHandler
    startup_stm32f407xx.o(RESET) refers to stm32f4xx_it.o(i.DMA2_Stream1_IRQHandler) for DMA2_Stream1_IRQHandler
    startup_stm32f407xx.o(RESET) refers to ins_task.o(i.DMA2_Stream2_IRQHandler) for DMA2_Stream2_IRQHandler
    startup_stm32f407xx.o(RESET) refers to stm32f4xx_it.o(i.CAN2_RX0_IRQHandler) for CAN2_RX0_IRQHandler
    startup_stm32f407xx.o(RESET) refers to stm32f4xx_it.o(i.OTG_FS_IRQHandler) for OTG_FS_IRQHandler
    startup_stm32f407xx.o(RESET) refers to stm32f4xx_it.o(i.DMA2_Stream5_IRQHandler) for DMA2_Stream5_IRQHandler
    startup_stm32f407xx.o(RESET) refers to stm32f4xx_it.o(i.DMA2_Stream6_IRQHandler) for DMA2_Stream6_IRQHandler
    startup_stm32f407xx.o(RESET) refers to stm32f4xx_it.o(i.DMA2_Stream7_IRQHandler) for DMA2_Stream7_IRQHandler
    startup_stm32f407xx.o(.text) refers to system_stm32f4xx.o(i.SystemInit) for SystemInit
    startup_stm32f407xx.o(.text) refers to entry.o(.ARM.Collect$$$$00000000) for __main
    main.o(i.HAL_TIM_PeriodElapsedCallback) refers to stm32f4xx_hal.o(i.HAL_IncTick) for HAL_IncTick
    main.o(i.SystemClock_Config) refers to memseta.o(.text) for __aeabi_memclr4
    main.o(i.SystemClock_Config) refers to stm32f4xx_hal_rcc.o(i.HAL_RCC_OscConfig) for HAL_RCC_OscConfig
    main.o(i.SystemClock_Config) refers to stm32f4xx_hal_rcc.o(i.HAL_RCC_ClockConfig) for HAL_RCC_ClockConfig
    main.o(i.main) refers to stm32f4xx_hal.o(i.HAL_Init) for HAL_Init
    main.o(i.main) refers to main.o(i.SystemClock_Config) for SystemClock_Config
    main.o(i.main) refers to gpio.o(i.MX_GPIO_Init) for MX_GPIO_Init
    main.o(i.main) refers to dma.o(i.MX_DMA_Init) for MX_DMA_Init
    main.o(i.main) refers to spi.o(i.MX_SPI1_Init) for MX_SPI1_Init
    main.o(i.main) refers to i2c.o(i.MX_I2C3_Init) for MX_I2C3_Init
    main.o(i.main) refers to usart.o(i.MX_USART3_UART_Init) for MX_USART3_UART_Init
    main.o(i.main) refers to tim.o(i.MX_TIM4_Init) for MX_TIM4_Init
    main.o(i.main) refers to can.o(i.MX_CAN1_Init) for MX_CAN1_Init
    main.o(i.main) refers to can.o(i.MX_CAN2_Init) for MX_CAN2_Init
    main.o(i.main) refers to usart.o(i.MX_USART1_UART_Init) for MX_USART1_UART_Init
    main.o(i.main) refers to tim.o(i.MX_TIM5_Init) for MX_TIM5_Init
    main.o(i.main) refers to tim.o(i.MX_TIM8_Init) for MX_TIM8_Init
    main.o(i.main) refers to usart.o(i.MX_USART6_UART_Init) for MX_USART6_UART_Init
    main.o(i.main) refers to tim.o(i.MX_TIM1_Init) for MX_TIM1_Init
    main.o(i.main) refers to stm32f4xx_hal_tim.o(i.HAL_TIM_Base_Start) for HAL_TIM_Base_Start
    main.o(i.main) refers to stm32f4xx_hal_tim.o(i.HAL_TIM_PWM_Start) for HAL_TIM_PWM_Start
    main.o(i.main) refers to remote_receive.o(i.remote_receive_init) for remote_receive_init
    main.o(i.main) refers to bsp_usart.o(i.usart1_tx_dma_init) for usart1_tx_dma_init
    main.o(i.main) refers to bsp_can.o(i.can_filter_init) for can_filter_init
    main.o(i.main) refers to freertos.o(i.MX_FREERTOS_Init) for MX_FREERTOS_Init
    main.o(i.main) refers to cmsis_os.o(i.osKernelStart) for osKernelStart
[...]
    MX_SPI1_Init                             0x08004e39   Thumb Code    64  spi.o(i.MX_SPI1_Init)
    MX_TIM1_Init                             0x08004e81   Thumb Code   240  tim.o(i.MX_TIM1_Init)
    MX_TIM4_Init                             0x08004f79   Thumb Code   144  tim.o(i.MX_TIM4_Init)
    MX_TIM5_Init                             0x08005011   Thumb Code   178  tim.o(i.MX_TIM5_Init)
    MX_TIM8_Init                             0x080050cd   Thumb Code   190  tim.o(i.MX_TIM8_Init)
    MX_USART1_UART_Init                      0x08005195   Thumb Code    48  usart.o(i.MX_USART1_UART_Init)
    MX_USART3_UART_Init                      0x080051cd   Thumb Code    50  usart.o(i.MX_USART3_UART_Init)
    MX_USART6_UART_Init                      0x0800520d   Thumb Code    48  usart.o(i.MX_USART6_UART_Init)
    MemManage_Handler                        0x08005245   Thumb Code     2  stm32f4xx_it.o(i.MemManage_Handler)
    NMI_Handler                              0x08005247   Thumb Code     2  stm32f4xx_it.o(i.NMI_Handler)
    OTG_FS_IRQHandler                        0x08005249   Thumb Code     6  stm32f4xx_it.o(i.OTG_FS_IRQHandler)
    RC_Init                                  0x080053c5   Thumb Code    84  bsp_rc.o(i.RC_Init)
    Read                                     0x08005425   Thumb Code   200  scs.o(i.Read)
    SCS2Host                                 0x080054f1   Thumb Code    20  scs.o(i.SCS2Host)
    SCSCL_FeedBack                           0x08005509   Thumb Code    24  scscl.o(i.SCSCL_FeedBack)
    SCSCL_ReadLoad                           0x08005525   Thumb Code    38  scscl.o(i.SCSCL_ReadLoad)
    SCSCL_ReadMove                           0x08005551   Thumb Code    18  scscl.o(i.SCSCL_ReadMove)
    SCSCL_ReadPos                            0x08005569   Thumb Code    24  scscl.o(i.SCSCL_ReadPos)
    SCSCL_ReadSpeed                          0x08005585   Thumb Code    38  scscl.o(i.SCSCL_ReadSpeed)
    SCSCL_ReadTemper                         0x080055b1   Thumb Code    18  scscl.o(i.SCSCL_ReadTemper)
    SCSCL_ReadVoltage                        0x080055c9   Thumb Code    18  scscl.o(i.SCSCL_ReadVoltage)
    SCSCL_WritePWM                           0x080055e1   Thumb Code    40  scscl.o(i.SCSCL_WritePWM)
    SCSCL_WritePos                           0x08005609   Thumb Code    58  scscl.o(i.SCSCL_WritePos)
    SPI1_DMA_enable                          0x08005645   Thumb Code  4706  bsp_spi.o(i.SPI1_DMA_enable)
    SPI1_DMA_init                            0x080068b9   Thumb Code   216  bsp_spi.o(i.SPI1_DMA_init)
    SysTick_Handler                          0x08006acd   Thumb Code    38  port.o(i.SysTick_Handler)
    SystemClock_Config                       0x08006af9   Thumb Code   140  main.o(i.SystemClock_Config)
    SystemInit                               0x08006b8d   Thumb Code    12  system_stm32f4xx.o(i.SystemInit)
    TIM6_DAC_IRQHandler                      0x08006b9d   Thumb Code     6  stm32f4xx_it.o(i.TIM6_DAC_IRQHandler)
    TIM_Base_SetConfig                       0x08006ba9   Thumb Code   170  stm32f4xx_hal_tim.o(i.TIM_Base_SetConfig)
    TIM_CCxChannelCmd                        0x08006c81   Thumb Code    26  stm32f4xx_hal_tim.o(i.TIM_CCxChannelCmd)
    TIM_ETR_SetConfig                        0x08006c9b   Thumb Code    20  stm32f4xx_hal_tim.o(i.TIM_ETR_SetConfig)
    TIM_OC2_SetConfig                        0x08006d21   Thumb Code    98  stm32f4xx_hal_tim.o(i.TIM_OC2_SetConfig)
    USART1_IRQHandler                        0x08006f99   Thumb Code   100  servo_receive.o(i.USART1_IRQHandler)
    USART3_IRQHandler                        0x08007009   Thumb Code   184  remote_receive.o(i.USART3_IRQHandler)
    USBD_CDC_SetTxBuffer                     0x080070d9   Thumb Code    32  usbd_cdc.o(i.USBD_CDC_SetTxBuffer)
    USBD_CDC_TransmitPacket                  0x080070f9   Thumb Code    80  usbd_cdc.o(i.USBD_CDC_TransmitPacket)
    USBD_ClrClassConfig                      0x0800714d   Thumb Code    20  usbd_core.o(i.USBD_ClrClassConfig)
    USBD_CoreFindEP                          0x08007187   Thumb Code     4  usbd_core.o(i.USBD_CoreFindEP)
    USBD_CoreFindIF                          0x0800718b   Thumb Code     4  usbd_core.o(i.USBD_CoreFindIF)
    USBD_CtlContinueRx                       0x0800718f   Thumb Code    16  usbd_ioreq.o(i.USBD_CtlContinueRx)
    USBD_CtlContinueSendData                 0x0800719f   Thumb Code    16  usbd_ioreq.o(i.USBD_CtlContinueSendData)
    USBD_CtlError                            0x080071af   Thumb Code    24  usbd_ctlreq.o(i.USBD_CtlError)
    USBD_CtlReceiveStatus                    0x080071c7   Thumb Code    22  usbd_ioreq.o(i.USBD_CtlReceiveStatus)
    USBD_CtlSendData                         0x080071dd   Thumb Code    26  usbd_ioreq.o(i.USBD_CtlSendData)
    USBD_CtlSendStatus                       0x080071f7   Thumb Code    22  usbd_ioreq.o(i.USBD_CtlSendStatus)
    USBD_Get_USB_Status                      0x0800742b   Thumb Code    36  usbd_conf.o(i.USBD_Get_USB_Status)
    USBD_LL_ClearStallEP                     0x0800744f   Thumb Code    18  usbd_conf.o(i.USBD_LL_ClearStallEP)
    USBD_LL_DataInStage                      0x08007461   Thumb Code   220  usbd_core.o(i.USBD_LL_DataInStage)
    USBD_LL_DataOutStage                     0x0800753d   Thumb Code   208  usbd_core.o(i.USBD_LL_DataOutStage)
    USBD_LL_DevConnected                     0x0800760d   Thumb Code     4  usbd_core.o(i.USBD_LL_DevConnected)
    USBD_LL_DevDisconnected                  0x08007611   Thumb Code    32  usbd_core.o(i.USBD_LL_DevDisconnected)
    USBD_LL_IsStallEP                        0x08007631   Thumb Code    32  usbd_conf.o(i.USBD_LL_IsStallEP)
    USBD_LL_IsoINIncomplete                  0x08007651   Thumb Code    42  usbd_core.o(i.USBD_LL_IsoINIncomplete)
    USBD_LL_IsoOUTIncomplete                 0x0800767b   Thumb Code    42  usbd_core.o(i.USBD_LL_IsoOUTIncomplete)
    USBD_LL_OpenEP                           0x080076a5   Thumb Code    24  usbd_conf.o(i.USBD_LL_OpenEP)
    USBD_LL_PrepareReceive                   0x080076bd   Thumb Code    18  usbd_conf.o(i.USBD_LL_PrepareReceive)
    USBD_LL_Reset                            0x080076cf   Thumb Code    96  usbd_core.o(i.USBD_LL_Reset)
    USBD_LL_Resume                           0x0800772f   Thumb Code    20  usbd_core.o(i.USBD_LL_Resume)
    USBD_LL_SOF                              0x08007743   Thumb Code    26  usbd_core.o(i.USBD_LL_SOF)
    USBD_LL_SetSpeed                         0x0800775d   Thumb Code     6  usbd_core.o(i.USBD_LL_SetSpeed)
    USBD_LL_SetUSBAddress                    0x08007763   Thumb Code    18  usbd_conf.o(i.USBD_LL_SetUSBAddress)
    USBD_LL_SetupStage                       0x08007775   Thumb Code   100  usbd_core.o(i.USBD_LL_SetupStage)
    USBD_LL_StallEP                          0x080077d9   Thumb Code    18  usbd_conf.o(i.USBD_LL_StallEP)
    USBD_LL_Suspend                          0x080077eb   Thumb Code    26  usbd_core.o(i.USBD_LL_Suspend)
    USBD_LL_Transmit                         0x08007805   Thumb Code    18  usbd_conf.o(i.USBD_LL_Transmit)
    USBD_ParseSetupRequest                   0x08007817   Thumb Code    50  usbd_ctlreq.o(i.USBD_ParseSetupRequest)
    USBD_RunTestMode                         0x08007849   Thumb Code     4  usbd_core.o(i.USBD_RunTestMode)
    USBD_SetClassConfig                      0x080078a5   Thumb Code    20  usbd_core.o(i.USBD_SetClassConfig)
    USBD_StdDevReq                           0x080079b9   Thumb Code   118  usbd_ctlreq.o(i.USBD_StdDevReq)
    USBD_StdEPReq                            0x08007a2f   Thumb Code   558  usbd_ctlreq.o(i.USBD_StdEPReq)
    USBD_StdItfReq                           0x08007c5d   Thumb Code   142  usbd_ctlreq.o(i.USBD_StdItfReq)
    USB_ActivateEndpoint                     0x08007ced   Thumb Code   122  stm32f4xx_ll_usb.o(i.USB_ActivateEndpoint)
    USB_ActivateSetup                        0x08007d6d   Thumb Code    28  stm32f4xx_ll_usb.o(i.USB_ActivateSetup)
    USB_EP0_OutStart                         0x08007d89   Thumb Code    84  stm32f4xx_ll_usb.o(i.USB_EP0_OutStart)
    USB_EPClearStall                         0x08007de1   Thumb Code    88  stm32f4xx_ll_usb.o(i.USB_EPClearStall)
    USB_EPSetStall                           0x08007e39   Thumb Code    88  stm32f4xx_ll_usb.o(i.USB_EPSetStall)
    USB_EPStartXfer                          0x08007e91   Thumb Code   562  stm32f4xx_ll_usb.o(i.USB_EPStartXfer)
    USB_EPStopXfer                           0x080080c9   Thumb Code   158  stm32f4xx_ll_usb.o(i.USB_EPStopXfer)
    USB_FlushTxFifo                          0x08008167   Thumb Code    60  stm32f4xx_ll_usb.o(i.USB_FlushTxFifo)
    USB_GetDevSpeed                          0x080081a3   Thumb Code    26  stm32f4xx_ll_usb.o(i.USB_GetDevSpeed)
    USB_GetMode                              0x080081bd   Thumb Code     8  stm32f4xx_ll_usb.o(i.USB_GetMode)
    USB_ReadDevAllInEpInterrupt              0x080081c5   Thumb Code    14  stm32f4xx_ll_usb.o(i.USB_ReadDevAllInEpInterrupt)
    USB_ReadDevAllOutEpInterrupt             0x080081d3   Thumb Code    14  stm32f4xx_ll_usb.o(i.USB_ReadDevAllOutEpInterrupt)
    USB_ReadDevInEPInterrupt                 0x080081e1   Thumb Code    36  stm32f4xx_ll_usb.o(i.USB_ReadDevInEPInterrupt)
    USB_ReadDevOutEPInterrupt                0x08008205   Thumb Code    16  stm32f4xx_ll_usb.o(i.USB_ReadDevOutEPInterrupt)
    USB_ReadInterrupts                       0x08008215   Thumb Code     8  stm32f4xx_ll_usb.o(i.USB_ReadInterrupts)
    USB_ReadPacket                           0x0800821d   Thumb Code    62  stm32f4xx_ll_usb.o(i.USB_ReadPacket)
    USB_SetDevAddress                        0x0800825b   Thumb Code    34  stm32f4xx_ll_usb.o(i.USB_SetDevAddress)
    USB_SetTurnaroundTime                    0x0800827d   Thumb Code   158  stm32f4xx_ll_usb.o(i.USB_SetTurnaroundTime)
    USB_WritePacket                          0x08008365   Thumb Code    40  stm32f4xx_ll_usb.o(i.USB_WritePacket)
    UsageFault_Handler                       0x0800838d   Thumb Code     2  stm32f4xx_it.o(i.UsageFault_Handler)
    __0vsprintf                              0x08008391   Thumb Code    30  printfa.o(i.__0vsprintf)
    __1vsprintf                              0x08008391   Thumb Code     0  printfa.o(i.__0vsprintf)
    __2vsprintf                              0x08008391   Thumb Code     0  printfa.o(i.__0vsprintf)
    __c89vsprintf                            0x08008391   Thumb Code     0  printfa.o(i.__0vsprintf)
    vsprintf                                 0x08008391   Thumb Code     0  printfa.o(i.__0vsprintf)
    __ARM_fpclassifyf                        0x080083b5   Thumb Code    38  fpclassifyf.o(i.__ARM_fpclassifyf)
    __hardfp_asinf                           0x080083fd   Thumb Code   258  asinf.o(i.__hardfp_asinf)
    __hardfp_atan2f                          0x08008529   Thumb Code   502  atan2f.o(i.__hardfp_atan2f)
    __hardfp_sqrtf                           0x08008779   Thumb Code    58  sqrtf_full.o(i.__hardfp_sqrtf)
    __mathlib_flt_infnan                     0x080087b3   Thumb Code     6  funder.o(i.__mathlib_flt_infnan)
    __mathlib_flt_infnan2                    0x080087b9   Thumb Code     6  funder.o(i.__mathlib_flt_infnan2)
    __mathlib_flt_invalid                    0x080087c1   Thumb Code    10  funder.o(i.__mathlib_flt_invalid)
    __mathlib_flt_underflow                  0x080087d1   Thumb Code    10  funder.o(i.__mathlib_flt_underflow)
    __scatterload_copy                       0x080087e1   Thumb Code    14  handlers.o(i.__scatterload_copy)
    __scatterload_null                       0x080087ef   Thumb Code     2  handlers.o(i.__scatterload_null)
    __scatterload_zeroinit                   0x080087f1   Thumb Code    14  handlers.o(i.__scatterload_zeroinit)
    __set_errno                              0x08008801   Thumb Code     6  errno.o(i.__set_errno)
    aRGB_led_show                            0x080090c9   Thumb Code    52  bsp_led.o(i.aRGB_led_show)
    bmi088_accel_init                        0x080095cd   Thumb Code   292  bmi088driver.o(i.bmi088_accel_init)
    bmi088_accel_self_test                   0x080096f5   Thumb Code   698  bmi088driver.o(i.bmi088_accel_self_test)
    bmi088_gyro_init                         0x080099b5   Thumb Code   214  bmi088driver.o(i.bmi088_gyro_init)
    bmi088_gyro_self_test                    0x08009a91   Thumb Code   202  bmi088driver.o(i.bmi088_gyro_self_test)
    buzzer_off                               0x08009b5d   Thumb Code    10  bsp_buzzer.o(i.buzzer_off)
    buzzer_on                                0x08009b6d   Thumb Code    12  bsp_buzzer.o(i.buzzer_on)
    buzzer_task                              0x08009b7d   Thumb Code   134  buzzer_task.o(i.buzzer_task)
    can_filter_init                          0x08009c0d   Thumb Code    80  bsp_can.o(i.can_filter_init)
    car_task                                 0x08009c65   Thumb Code     8  car_task.o(i.car_task)
    checkHead                                0x08009c6d   Thumb Code    56  scs.o(i.checkHead)
    delay_us                                 0x08009ca5   Thumb Code    26  bsp_delay.o(i.delay_us)
    detect_hook                              0x08009cc9   Thumb Code    74  detect_task.o(i.detect_hook)
    detect_task                              0x08009d91   Thumb Code   236  detect_task.o(i.detect_task)
    elongate_left_push_rog                   0x08009e89   Thumb Code    20  bsp_push_rog.o(i.elongate_left_push_rog)
    elongate_right_push_rog                  0x08009ea5   Thumb Code    20  bsp_push_rog.o(i.elongate_right_push_rog)
    genWrite                                 0x08009ec1   Thumb Code    44  scs.o(i.genWrite)
    getLastError                             0x08009eed   Thumb Code     6  scs.o(i.getLastError)
    get_angle                                0x08009ef9   Thumb Code   232  ahrs.o(i.get_angle)
    get_error_list_point                     0x08009fe1   Thumb Code     4  detect_task.o(i.get_error_list_point)
    get_key_data_point                       0x08009fe9   Thumb Code     4  key_task.o(i.get_key_data_point)
    get_remote_ch_point                      0x08009ff1   Thumb Code     4  remote_receive.o(i.get_remote_ch_point)
    get_servo_measure_point                  0x08009ff9   Thumb Code    22  servo_receive.o(i.get_servo_measure_point)
    ist8310_GPIO_init                        0x0800a211   Thumb Code     2  ist8310driver_middleware.o(i.ist8310_GPIO_init)
    ist8310_IIC_read_muli_reg                0x0800a215   Thumb Code    22  ist8310driver_middleware.o(i.ist8310_IIC_read_muli_reg)
    ist8310_IIC_read_single_reg              0x0800a231   Thumb Code    32  ist8310driver_middleware.o(i.ist8310_IIC_read_single_reg)
    ist8310_IIC_write_single_reg             0x0800a255   Thumb Code    30  ist8310driver_middleware.o(i.ist8310_IIC_write_single_reg)
    ist8310_RST_H                            0x0800a279   Thumb Code    10  ist8310driver_middleware.o(i.ist8310_RST_H)
    ist8310_RST_L                            0x0800a289   Thumb Code    10  ist8310driver_middleware.o(i.ist8310_RST_L)
    ist8310_com_init                         0x0800a299   Thumb Code     2  ist8310driver_middleware.o(i.ist8310_com_init)
    ist8310_delay_ms                         0x0800a29b   Thumb Code     4  ist8310driver_middleware.o(i.ist8310_delay_ms)
    ist8310_init                             0x0800a2a1   Thumb Code   122  ist8310driver.o(i.ist8310_init)
    ist8310_read_mag                         0x0800a321   Thumb Code    80  ist8310driver.o(i.ist8310_read_mag)
    key_task                                 0x0800a375   Thumb Code   170  key_task.o(i.key_task)
    led_task                                 0x0800a429   Thumb Code   272  led_task.o(i.led_task)
    left_push_rog_off                        0x0800a541   Thumb Code    18  bsp_push_rog.o(i.left_push_rog_off)
    main                                     0x0800a55d   Thumb Code   178  main.o(i.main)
    osDelay                                  0x0800a62d   Thumb Code    16  cmsis_os.o(i.osDelay)
    osKernelStart                            0x0800a63d   Thumb Code    10  cmsis_os.o(i.osKernelStart)
    osThreadCreate                           0x0800a647   Thumb Code    92  cmsis_os.o(i.osThreadCreate)
    pcTaskGetName                            0x0800a6a5   Thumb Code    30  tasks.o(i.pcTaskGetName)
    pvPortMalloc                             0x0800aaf9   Thumb Code   224  heap_4.o(i.pvPortMalloc)
    pxPortInitialiseStack                    0x0800abe1   Thumb Code    38  port.o(i.pxPortInitialiseStack)
    rFlushSCS                                0x0800ac91   Thumb Code     6  scserail.o(i.rFlushSCS)
    readByte                                 0x0800ac97   Thumb Code    26  scs.o(i.readByte)
    readSCS                                  0x0800acb1   Thumb Code    20  scserail.o(i.readSCS)
    readWord                                 0x0800acc9   Thumb Code    36  scs.o(i.readWord)
    remote_receive_init                      0x0800aced   Thumb Code    28  remote_receive.o(i.remote_receive_init)
    right_push_rog_off                       0x0800ad0d   Thumb Code    18  bsp_push_rog.o(i.right_push_rog_off)
    sbus_to_usart1                           0x0800aef9   Thumb Code    58  remote_receive.o(i.sbus_to_usart1)
    servo_receive_task                       0x0800af3d   Thumb Code   120  servo_receive.o(i.servo_receive_task)
    setEnd                                   0x0800afb9   Thumb Code     6  scs.o(i.setEnd)
    shorten_left_push_rog                    0x0800afc5   Thumb Code    20  bsp_push_rog.o(i.shorten_left_push_rog)
    shorten_right_push_rog                   0x0800afe1   Thumb Code    20  bsp_push_rog.o(i.shorten_right_push_rog)
    sqrtf                                    0x0800affd   Thumb Code    62  sqrtf_full.o(i.sqrtf)
    test_task                                0x0800b03d   Thumb Code    78  test_task.o(i.test_task)
    toe_is_error                             0x0800b091   Thumb Code    18  detect_task.o(i.toe_is_error)
    transform_task                           0x0800b239   Thumb Code    70  transform_task.o(i.transform_task)
    ulTaskNotifyTake                         0x0800b285   Thumb Code    96  tasks.o(i.ulTaskNotifyTake)
    usart1_rx_dma_init                       0x0800b369   Thumb Code   128  bsp_usart.o(i.usart1_rx_dma_init)
    usart1_tx_dma_enable                     0x0800b3fd   Thumb Code    88  bsp_usart.o(i.usart1_tx_dma_enable)
    usart1_tx_dma_init                       0x0800b461   Thumb Code    60  bsp_usart.o(i.usart1_tx_dma_init)
    usb_task                                 0x0800b4a9   Thumb Code    44  usb_task.o(i.usb_task)
    uxListRemove                             0x0800b4e9   Thumb Code    38  list.o(i.uxListRemove)
    uxTaskGetStackHighWaterMark              0x0800b511   Thumb Code    14  tasks.o(i.uxTaskGetStackHighWaterMark)
    vApplicationGetIdleTaskMemory            0x0800b525   Thumb Code    16  freertos.o(i.vApplicationGetIdleTaskMemory)
    vListInitialise                          0x0800b539   Thumb Code    22  list.o(i.vListInitialise)
    vListInitialiseItem                      0x0800b54f   Thumb Code     6  list.o(i.vListInitialiseItem)
    vListInsert                              0x0800b555   Thumb Code    54  list.o(i.vListInsert)
    vListInsertEnd                           0x0800b58b   Thumb Code    24  list.o(i.vListInsertEnd)
    vPortEnterCritical                       0x0800b5a5   Thumb Code    54  port.o(i.vPortEnterCritical)
    vPortExitCritical                        0x0800b5e5   Thumb Code    38  port.o(i.vPortExitCritical)
    vPortFree                                0x0800b611   Thumb Code    94  heap_4.o(i.vPortFree)
    vPortSetupTimerInterrupt                 0x0800b675   Thumb Code    32  port.o(i.vPortSetupTimerInterrupt)
    vPortValidateInterruptPriority           0x0800b699   Thumb Code    74  port.o(i.vPortValidateInterruptPriority)
    vTaskDelay                               0x0800b6ed   Thumb Code    70  tasks.o(i.vTaskDelay)
    vTaskNotifyGiveFromISR                   0x0800b73d   Thumb Code   176  tasks.o(i.vTaskNotifyGiveFromISR)
    vTaskStartScheduler                      0x0800b7f9   Thumb Code   120  tasks.o(i.vTaskStartScheduler)
    vTaskSuspendAll                          0x0800b881   Thumb Code    10  tasks.o(i.vTaskSuspendAll)
    vTaskSwitchContext                       0x0800b891   Thumb Code    86  tasks.o(i.vTaskSwitchContext)
    wFlushSCS                                0x0800b8f1   Thumb Code    22  scserail.o(i.wFlushSCS)
    writeBuf                                 0x0800b911   Thumb Code   148  scs.o(i.writeBuf)
    writeSCS                                 0x0800b9a5   Thumb Code    32  scserail.o(i.writeSCS)
    xPortStartScheduler                      0x0800b9cd   Thumb Code   232  port.o(i.xPortStartScheduler)
    xTaskCreate                              0x0800bad1   Thumb Code   108  tasks.o(i.xTaskCreate)
    xTaskCreateStatic                        0x0800bb3d   Thumb Code    96  tasks.o(i.xTaskCreateStatic)
    xTaskGetHandle                           0x0800bb9d   Thumb Code   124  tasks.o(i.xTaskGetHandle)
    xTaskGetSchedulerState                   0x0800bc29   Thumb Code    24  tasks.o(i.xTaskGetSchedulerState)
    xTaskGetTickCount                        0x0800bc45   Thumb Code     6  tasks.o(i.xTaskGetTickCount)
    xTaskIncrementTick                       0x0800bc51   Thumb Code   202  tasks.o(i.xTaskIncrementTick)
    xTaskResumeAll                           0x0800bd25   Thumb Code   190  tasks.o(i.xTaskResumeAll)
    AHBPrescTable                            0x0800bf10   Data          16  system_stm32f4xx.o(.constdata)
    APBPrescTable                            0x0800bf20   Data           8  system_stm32f4xx.o(.constdata)
    sinTable_f32                             0x0800bf80   Data        2052  arm_common_tables.o(.constdata)
    Region$$Table$$Base                      0x0800c7ec   Number         0  anon$$obj.o(Region$$Table)
    Region$$Table$$Limit                     0x0800c80c   Number         0  anon$$obj.o(Region$$Table)
    imuTaskHandle                            0x20000000   Data           4  freertos.o(.data)
    testTaskHandle                           0x20000004   Data           4  freertos.o(.data)
    buzzerTaskHandle                         0x20000008   Data           4  freertos.o(.data)
    ledTaskHandle                            0x2000000c   Data           4  freertos.o(.data)
    usbTaskHandle                            0x20000010   Data           4  freertos.o(.data)
    detectTaskHandle                         0x20000014   Data           4  freertos.o(.data)
    keyTaskHandle                            0x20000018   Data           4  freertos.o(.data)
    transformTaskHandle                      0x2000001c   Data           4  freertos.o(.data)
    carTaskHandle                            0x20000020   Data           4  freertos.o(.data)
    servoRxTaskHandle                        0x20000024   Data           4  freertos.o(.data)
    uwTickFreq                               0x2000002c   Data           1  stm32f4xx_hal.o(.data)
    uwTickPrio                               0x20000030   Data           4  stm32f4xx_hal.o(.data)
    uwTick                                   0x20000034   Data           4  stm32f4xx_hal.o(.data)
    SystemCoreClock                          0x20000038   Data           4  system_stm32f4xx.o(.data)
    pxCurrentTCB                             0x2000003c   Data           4  tasks.o(.data)
    BMI088_ACCEL_SEN                         0x200000ac   Data           4  bmi088driver.o(.data)
    BMI088_GYRO_SEN                          0x200000b0   Data           4  bmi088driver.o(.data)
    gyro_update_flag                         0x200000d8   Data           1  ins_task.o(.data)
    accel_update_flag                        0x200000d9   Data           1  ins_task.o(.data)
    accel_temp_update_flag                   0x200000da   Data           1  ins_task.o(.data)
    mag_update_flag                          0x200000db   Data           1  ins_task.o(.data)
    imu_start_dma_flag                       0x200000dc   Data           1  ins_task.o(.data)
    accel_temp_dma_tx_buf                    0x200000dd   Data           4  ins_task.o(.data)
    accel_temp_dma_rx_buf                    0x200000ec   Data           4  ins_task.o(.data)
    gyro_dma_tx_buf                          0x200000f0   Data           8  ins_task.o(.data)
    gyro_dma_rx_buf                          0x200000f8   Data           8  ins_task.o(.data)
    accel_dma_tx_buf                         0x20000100   Data           9  ins_task.o(.data)
    gyro_scale_factor                        0x2000010c   Data          36  ins_task.o(.data)
    accel_scale_factor                       0x20000130   Data          36  ins_task.o(.data)
    mag_scale_factor                         0x20000154   Data          36  ins_task.o(.data)
    test_short_press_cnt                     0x20000178   Data           1  test_task.o(.data)
    test_long_press_cnt                      0x20000179   Data           1  test_task.o(.data)
    key_data_point                           0x2000017c   Data           4  test_task.o(.data)
    RGB_flow_color                           0x20000180   Data          28  led_task.o(.data)
    error_list_test_local                    0x200001a0   Data           4  buzzer_task.o(.data)
    detect_task_stack                        0x200001b4   Data           4  detect_task.o(.data)
    wLen                                     0x200001c2   Data           1  scserail.o(.data)
    hcan1                                    0x20000480   Data          40  can.o(.bss)
    hcan2                                    0x200004a8   Data          40  can.o(.bss)
    hi2c3                                    0x200004d0   Data          84  i2c.o(.bss)
    hspi1                                    0x20000524   Data          88  spi.o(.bss)
    hdma_spi1_rx                             0x2000057c   Data          96  spi.o(.bss)
    hdma_spi1_tx                             0x200005dc   Data          96  spi.o(.bss)
    htim1                                    0x2000063c   Data          72  tim.o(.bss)
    htim4                                    0x20000684   Data          72  tim.o(.bss)
    htim5                                    0x200006cc   Data          72  tim.o(.bss)
    htim8                                    0x20000714   Data          72  tim.o(.bss)
    huart1                                   0x2000075c   Data          72  usart.o(.bss)
    huart3                                   0x200007a4   Data          72  usart.o(.bss)
    huart6                                   0x200007ec   Data          72  usart.o(.bss)
    hdma_usart1_tx                           0x20000834   Data          96  usart.o(.bss)
    hdma_usart1_rx                           0x20000894   Data          96  usart.o(.bss)
    hdma_usart3_rx                           0x200008f4   Data          96  usart.o(.bss)
    hdma_usart6_rx                           0x20000954   Data          96  usart.o(.bss)
    hdma_usart6_tx                           0x200009b4   Data          96  usart.o(.bss)
    htim6                                    0x20000a14   Data          72  stm32f4xx_hal_timebase_tim.o(.bss)
    INS_angle                                0x200047a4   Data          12  ins_task.o(.bss)
    accel_dma_rx_buf                         0x200047b0   Data           9  ins_task.o(.bss)
    bmi088_real_data                         0x200047bc   Data          36  ins_task.o(.bss)
    gyro_offset                              0x200047e0   Data          12  ins_task.o(.bss)
    gyro_cali_offset                         0x200047ec   Data          12  ins_task.o(.bss)
    accel_offset                             0x200047f8   Data          12  ins_task.o(.bss)
    ist8310_real_data                        0x20004804   Data          16  ins_task.o(.bss)
    mag_offset                               0x20004814   Data          12  ins_task.o(.bss)
    error_list                               0x20004920   Data         216  detect_task.o(.bss)
    remote_ch                                0x20004a20   Data          32  remote_receive.o(.bss)
    usart1_rx_buf                            0x20004a9c   Data         256  servo_receive.o(.bss)
    wBuf                                     0x20004be3   Data         128  scserail.o(.bss)
    hUsbDeviceFS                             0x20004c64   Data         732  usb_device.o(.bss)
    hpcd_USB_OTG_FS                          0x20005160   Data        1252  usbd_conf.o(.bss)
    __initial_sp                             0x20005a48   Data           0  startup_stm32f407xx.o(STACK)



==============================================================================

Memory Map of the image

  Image Entry point : 0x08000189

  Load Region LR_IROM1 (Base: 0x08000000, Size: 0x0000ca38, Max: 0x00100000, ABSOLUTE, COMPRESSED[0x0000c8d0])

    Execution Region ER_IROM1 (Exec base: 0x08000000, Load base: 0x08000000, Size: 0x0000c80c, Max: 0x00100000, ABSOLUTE)

    Exec Addr    Load Addr    Size         Type   Attr      Idx    E Section Name        Object

    0x08000000   0x08000000   0x00000188   Data   RO            3    RESET               startup_stm32f407xx.o
    0x08000188   0x08000188   0x00000000   Code   RO         9544  * .ARM.Collect$$$$00000000  mc_w.l(entry.o)
    0x08000188   0x08000188   0x00000004   Code   RO         9606    .ARM.Collect$$$$00000001  mc_w.l(entry2.o)
    0x0800018c   0x0800018c   0x00000004   Code   RO         9609    .ARM.Collect$$$$00000004  mc_w.l(entry5.o)
    0x08000190   0x08000190   0x00000000   Code   RO         9611    .ARM.Collect$$$$00000008  mc_w.l(entry7b.o)
    0x08000190   0x08000190   0x00000000   Code   RO         9613    .ARM.Collect$$$$0000000A  mc_w.l(entry8b.o)
    0x08000190   0x08000190   0x00000008   Code   RO         9614    .ARM.Collect$$$$0000000B  mc_w.l(entry9a.o)
    0x08000198   0x08000198   0x00000000   Code   RO         9616    .ARM.Collect$$$$0000000D  mc_w.l(entry10a.o)
    0x08000198   0x08000198   0x00000000   Code   RO         9618    .ARM.Collect$$$$0000000F  mc_w.l(entry11a.o)
    0x08000198   0x08000198   0x00000004   Code   RO         9607    .ARM.Collect$$$$00002712  mc_w.l(entry2.o)
    0x0800019c   0x0800019c   0x000000be   Code   RO         6301    .emb_text           port.o
    0x0800025a   0x0800025a   0x00000002   PAD
    0x0800025c   0x0800025c   0x00000024   Code   RO            4    .text               startup_stm32f407xx.o
    0x08000280   0x08000280   0x00000078   Code   RO         9328    .text               arm_cortexM4lf_math.lib(arm_cos_f32.o)
    0x080002f8   0x080002f8   0x00000074   Code   RO         9381    .text               arm_cortexM4lf_math.lib(arm_sin_f32.o)
    0x0800036c   0x0800036c   0x00000062   Code   RO         9547    .text               mc_w.l(uldiv.o)
    0x080003ce   0x080003ce   0x00000024   Code   RO         9549    .text               mc_w.l(memcpya.o)
    0x080003f2   0x080003f2   0x00000024   Code   RO         9553    .text               mc_w.l(memseta.o)
    0x08000416   0x08000416   0x0000000e   Code   RO         9555    .text               mc_w.l(strlen.o)
    0x08000424   0x08000424   0x0000002c   Code   RO         9623    .text               mc_w.l(uidiv.o)
    0x08000450   0x08000450   0x0000001e   Code   RO         9625    .text               mc_w.l(llshl.o)
    0x0800046e   0x0800046e   0x00000020   Code   RO         9627    .text               mc_w.l(llushr.o)
    0x0800048e   0x0800048e   0x00000000   Code   RO         9636    .text               mc_w.l(iusefp.o)
    0x0800048e   0x0800048e   0x0000014e   Code   RO         9637    .text               mf_w.l(dadd.o)
    0x080005dc   0x080005dc   0x000000e4   Code   RO         9639    .text               mf_w.l(dmul.o)
    0x080006c0   0x080006c0   0x000000de   Code   RO         9641    .text               mf_w.l(ddiv.o)
    0x0800079e   0x0800079e   0x00000030   Code   RO         9643    .text               mf_w.l(dfixul.o)
    0x080007ce   0x080007ce   0x00000002   PAD
    0x080007d0   0x080007d0   0x00000030   Code   RO         9645    .text               mf_w.l(cdrcmple.o)
    0x08000800   0x08000800   0x00000024   Code   RO         9649    .text               mc_w.l(init.o)
    0x08000824   0x08000824   0x00000024   Code   RO         9652    .text               mc_w.l(llsshr.o)
    0x08000848   0x08000848   0x000000ba   Code   RO         9657    .text               mf_w.l(depilogue.o)
    0x08000902   0x08000902   0x00000056   Code   RO         9667    .text               mc_w.l(__dczerorl2.o)
    0x08000958   0x08000958   0x00000004   Code   RO         7725    i.AHRS_asinf        ahrs_middleware.o
    0x0800095c   0x0800095c   0x00000004   Code   RO         7726    i.AHRS_atan2f       ahrs_middleware.o
    0x08000960   0x08000960   0x00000004   Code   RO         7727    i.AHRS_cosf         ahrs_middleware.o
    0x08000964   0x08000964   0x0000001a   Code   RO         9238    i.AHRS_fabs         AHRS.lib(ahrs.o)
    0x0800097e   0x0800097e   0x00000002   PAD
    0x08000980   0x08000980   0x00000014   Code   RO         7728    i.AHRS_get_height   ahrs_middleware.o
    0x08000994   0x08000994   0x0000000e   Code   RO         7729    i.AHRS_get_latitude  ahrs_middleware.o
    0x080009a2   0x080009a2   0x00000002   PAD
    0x080009a4   0x080009a4   0x0000029c   Code   RO         9239    i.AHRS_init         AHRS.lib(ahrs.o)
    0x08000c40   0x08000c40   0x00000014   Code   RO         7730    i.AHRS_invSqrt      ahrs_middleware.o
    0x08000c54   0x08000c54   0x00000004   Code   RO         7731    i.AHRS_sinf         ahrs_middleware.o
    0x08000c58   0x08000c58   0x0000013a   Code   RO         9240    i.AHRS_update       AHRS.lib(ahrs.o)
    0x08000d92   0x08000d92   0x00000002   PAD
    0x08000d94   0x08000d94   0x0000006c   Code   RO         7877    i.Ack               scs.o
    0x08000e00   0x08000e00   0x00000010   Code   RO         6959    i.BMI088_ACCEL_NS_H  bmi088middleware.o
    0x08000e10   0x08000e10   0x00000010   Code   RO         6960    i.BMI088_ACCEL_NS_L  bmi088middleware.o
    0x08000e20   0x08000e20   0x00000002   Code   RO         6961    i.BMI088_GPIO_init  bmi088middleware.o
    0x08000e22   0x08000e22   0x00000002   PAD
    0x08000e24   0x08000e24   0x00000010   Code   RO         6962    i.BMI088_GYRO_NS_H  bmi088middleware.o
    0x08000e34   0x08000e34   0x00000010   Code   RO         6963    i.BMI088_GYRO_NS_L  bmi088middleware.o
    0x08000e44   0x08000e44   0x00000080   Code   RO         6823    i.BMI088_accel_read_over  bmi088driver.o
    0x08000ec4   0x08000ec4   0x00000002   Code   RO         6964    i.BMI088_com_init   bmi088middleware.o
    0x08000ec6   0x08000ec6   0x00000004   Code   RO         6965    i.BMI088_delay_ms   bmi088middleware.o
    0x08000eca   0x08000eca   0x00000004   Code   RO         6966    i.BMI088_delay_us   bmi088middleware.o
    0x08000ece   0x08000ece   0x00000002   PAD
    0x08000ed0   0x08000ed0   0x00000060   Code   RO         6824    i.BMI088_gyro_read_over  bmi088driver.o
    0x08000f30   0x08000f30   0x0000002e   Code   RO         6825    i.BMI088_init       bmi088driver.o
    0x08000f5e   0x08000f5e   0x00000002   PAD
    0x08000f60   0x08000f60   0x00000158   Code   RO         6826    i.BMI088_read       bmi088driver.o
    0x080010b8   0x080010b8   0x00000024   Code   RO         6829    i.BMI088_read_muli_reg  bmi088driver.o
    0x080010dc   0x080010dc   0x00000016   Code   RO         6830    i.BMI088_read_single_reg  bmi088driver.o
    0x080010f2   0x080010f2   0x00000002   PAD
    0x080010f4   0x080010f4   0x00000020   Code   RO         6967    i.BMI088_read_write_byte  bmi088middleware.o
    0x08001114   0x08001114   0x0000002e   Code   RO         6831    i.BMI088_temperature_read_over  bmi088driver.o
    0x08001142   0x08001142   0x00000012   Code   RO         6832    i.BMI088_write_single_reg  bmi088driver.o
    0x08001154   0x08001154   0x00000002   Code   RO          680    i.BusFault_Handler  stm32f4xx_it.o
    0x08001156   0x08001156   0x00000002   PAD
    0x08001158   0x08001158   0x0000000c   Code   RO          681    i.CAN1_RX0_IRQHandler  stm32f4xx_it.o
    0x08001164   0x08001164   0x0000000c   Code   RO          682    i.CAN2_RX0_IRQHandler  stm32f4xx_it.o
    0x08001170   0x08001170   0x0000002c   Code   RO         8556    i.CDC_Transmit_FS   usbd_cdc_if.o
    0x0800119c   0x0800119c   0x0000000c   Code   RO          683    i.DMA2_Stream1_IRQHandler  stm32f4xx_it.o
    0x080011a8   0x080011a8   0x000002d4   Code   RO         7143    i.DMA2_Stream2_IRQHandler  ins_task.o
    0x0800147c   0x0800147c   0x0000000c   Code   RO          684    i.DMA2_Stream5_IRQHandler  stm32f4xx_it.o
    0x08001488   0x08001488   0x0000000c   Code   RO          685    i.DMA2_Stream6_IRQHandler  stm32f4xx_it.o
    0x08001494   0x08001494   0x0000000c   Code   RO          686    i.DMA2_Stream7_IRQHandler  stm32f4xx_it.o
    0x080014a0   0x080014a0   0x00000028   Code   RO         2890    i.DMA_CalcBaseAndBitshift  stm32f4xx_hal_dma.o
    0x080014c8   0x080014c8   0x00000054   Code   RO         2891    i.DMA_CheckFifoParam  stm32f4xx_hal_dma.o
    0x0800151c   0x0800151c   0x00000002   Code   RO          687    i.DebugMon_Handler  stm32f4xx_it.o
    0x0800151e   0x0800151e   0x00000006   Code   RO          688    i.EXTI0_IRQHandler  stm32f4xx_it.o
    0x08001524   0x08001524   0x00000006   Code   RO          689    i.EXTI3_IRQHandler  stm32f4xx_it.o
    0x0800152a   0x0800152a   0x00000006   Code   RO          690    i.EXTI4_IRQHandler  stm32f4xx_it.o
    0x08001530   0x08001530   0x00000006   Code   RO          691    i.EXTI9_5_IRQHandler  stm32f4xx_it.o
    0x08001536   0x08001536   0x00000004   Code   RO           13    i.Error_Handler     main.o
    0x0800153a   0x0800153a   0x00000024   Code   RO         3582    i.HAL_CAN_ActivateNotification  stm32f4xx_hal_can.o
    0x0800155e   0x0800155e   0x00000002   PAD
    0x08001560   0x08001560   0x0000010c   Code   RO         3584    i.HAL_CAN_ConfigFilter  stm32f4xx_hal_can.o
    0x0800166c   0x0800166c   0x00000002   Code   RO         3587    i.HAL_CAN_ErrorCallback  stm32f4xx_hal_can.o
    0x0800166e   0x0800166e   0x000000f4   Code   RO         3590    i.HAL_CAN_GetRxMessage  stm32f4xx_hal_can.o
    0x08001762   0x08001762   0x000001fc   Code   RO         3594    i.HAL_CAN_IRQHandler  stm32f4xx_hal_can.o
    0x0800195e   0x0800195e   0x0000011a   Code   RO         3595    i.HAL_CAN_Init      stm32f4xx_hal_can.o
    0x08001a78   0x08001a78   0x000000fc   Code   RO          404    i.HAL_CAN_MspInit   can.o
    0x08001b74   0x08001b74   0x00000002   Code   RO         3602    i.HAL_CAN_RxFifo0FullCallback  stm32f4xx_hal_can.o
    0x08001b76   0x08001b76   0x00000002   PAD
    0x08001b78   0x08001b78   0x00000024   Code   RO         7452    i.HAL_CAN_RxFifo0MsgPendingCallback  can_receive.o
    0x08001b9c   0x08001b9c   0x00000002   Code   RO         3604    i.HAL_CAN_RxFifo1FullCallback  stm32f4xx_hal_can.o
    0x08001b9e   0x08001b9e   0x00000002   Code   RO         3605    i.HAL_CAN_RxFifo1MsgPendingCallback  stm32f4xx_hal_can.o
    0x08001ba0   0x08001ba0   0x00000002   Code   RO         3606    i.HAL_CAN_SleepCallback  stm32f4xx_hal_can.o
    0x08001ba2   0x08001ba2   0x00000002   PAD
    0x08001ba4   0x08001ba4   0x00000058   Code   RO         3607    i.HAL_CAN_Start     stm32f4xx_hal_can.o
    0x08001bfc   0x08001bfc   0x00000002   Code   RO         3609    i.HAL_CAN_TxMailbox0AbortCallback  stm32f4xx_hal_can.o
    0x08001bfe   0x08001bfe   0x00000002   Code   RO         3610    i.HAL_CAN_TxMailbox0CompleteCallback  stm32f4xx_hal_can.o
    0x08001c00   0x08001c00   0x00000002   Code   RO         3611    i.HAL_CAN_TxMailbox1AbortCallback  stm32f4xx_hal_can.o
    0x08001c02   0x08001c02   0x00000002   Code   RO         3612    i.HAL_CAN_TxMailbox1CompleteCallback  stm32f4xx_hal_can.o
    0x08001c04   0x08001c04   0x00000002   Code   RO         3613    i.HAL_CAN_TxMailbox2AbortCallback  stm32f4xx_hal_can.o
    0x08001c06   0x08001c06   0x00000002   Code   RO         3614    i.HAL_CAN_TxMailbox2CompleteCallback  stm32f4xx_hal_can.o
    0x08001c08   0x08001c08   0x00000002   Code   RO         3616    i.HAL_CAN_WakeUpFromRxMsgCallback  stm32f4xx_hal_can.o
    0x08001c0a   0x08001c0a   0x00000002   PAD
    0x08001c0c   0x08001c0c   0x000001a0   Code   RO         2898    i.HAL_DMA_IRQHandler  stm32f4xx_hal_dma.o
    0x08001dac   0x08001dac   0x000000d4   Code   RO         2899    i.HAL_DMA_Init      stm32f4xx_hal_dma.o
    0x08001e80   0x08001e80   0x0000008c   Code   RO         7144    i.HAL_GPIO_EXTI_Callback  ins_task.o
    0x08001f0c   0x08001f0c   0x00000018   Code   RO         2785    i.HAL_GPIO_EXTI_IRQHandler  stm32f4xx_hal_gpio.o
    0x08001f24   0x08001f24   0x000001f0   Code   RO         2786    i.HAL_GPIO_Init     stm32f4xx_hal_gpio.o
    0x08002114   0x08002114   0x0000000a   Code   RO         2788    i.HAL_GPIO_ReadPin  stm32f4xx_hal_gpio.o
    0x0800211e   0x0800211e   0x0000000a   Code   RO         2790    i.HAL_GPIO_WritePin  stm32f4xx_hal_gpio.o
    0x08002128   0x08002128   0x0000000c   Code   RO         3336    i.HAL_GetTick       stm32f4xx_hal.o
    0x08002134   0x08002134   0x00000188   Code   RO         3826    i.HAL_I2C_Init      stm32f4xx_hal_i2c.o
    0x080022bc   0x080022bc   0x00000204   Code   RO         3844    i.HAL_I2C_Mem_Read  stm32f4xx_hal_i2c.o
    0x080024c0   0x080024c0   0x00000130   Code   RO         3847    i.HAL_I2C_Mem_Write  stm32f4xx_hal_i2c.o
    0x080025f0   0x080025f0   0x00000088   Code   RO          477    i.HAL_I2C_MspInit   i2c.o
    0x08002678   0x08002678   0x00000010   Code   RO         3342    i.HAL_IncTick       stm32f4xx_hal.o
    0x08002688   0x08002688   0x00000034   Code   RO         3343    i.HAL_Init          stm32f4xx_hal.o
    0x080026bc   0x080026bc   0x00000098   Code   RO          834    i.HAL_InitTick      stm32f4xx_hal_timebase_tim.o
    0x08002754   0x08002754   0x00000038   Code   RO          810    i.HAL_MspInit       stm32f4xx_hal_msp.o
    0x0800278c   0x0800278c   0x0000001a   Code   RO         3178    i.HAL_NVIC_EnableIRQ  stm32f4xx_hal_cortex.o
    0x080027a6   0x080027a6   0x00000002   PAD
    0x080027a8   0x080027a8   0x00000040   Code   RO         3184    i.HAL_NVIC_SetPriority  stm32f4xx_hal_cortex.o
    0x080027e8   0x080027e8   0x00000024   Code   RO         3185    i.HAL_NVIC_SetPriorityGrouping  stm32f4xx_hal_cortex.o
    0x0800280c   0x0800280c   0x00000002   Code   RO         2085    i.HAL_PCDEx_LPM_Callback  stm32f4xx_hal_pcd_ex.o
    0x0800280e   0x0800280e   0x00000008   Code   RO         8608    i.HAL_PCD_ConnectCallback  usbd_conf.o
    0x08002816   0x08002816   0x00000012   Code   RO         8609    i.HAL_PCD_DataInStageCallback  usbd_conf.o
    0x08002828   0x08002828   0x00000014   Code   RO         8610    i.HAL_PCD_DataOutStageCallback  usbd_conf.o
    0x0800283c   0x0800283c   0x00000008   Code   RO         8611    i.HAL_PCD_DisconnectCallback  usbd_conf.o
    0x08002844   0x08002844   0x0000001e   Code   RO         1855    i.HAL_PCD_EP_Abort  stm32f4xx_hal_pcd.o
    0x08002862   0x08002862   0x0000005a   Code   RO         1857    i.HAL_PCD_EP_ClrStall  stm32f4xx_hal_pcd.o
    0x080028bc   0x080028bc   0x00000062   Code   RO         1860    i.HAL_PCD_EP_Open   stm32f4xx_hal_pcd.o
    0x0800291e   0x0800291e   0x00000038   Code   RO         1861    i.HAL_PCD_EP_Receive  stm32f4xx_hal_pcd.o
    0x08002956   0x08002956   0x00000072   Code   RO         1862    i.HAL_PCD_EP_SetStall  stm32f4xx_hal_pcd.o
    0x080029c8   0x080029c8   0x00000032   Code   RO         1863    i.HAL_PCD_EP_Transmit  stm32f4xx_hal_pcd.o
    0x080029fa   0x080029fa   0x00000002   PAD
    0x080029fc   0x080029fc   0x0000055c   Code   RO         1865    i.HAL_PCD_IRQHandler  stm32f4xx_hal_pcd.o
    0x08002f58   0x08002f58   0x00000008   Code   RO         8612    i.HAL_PCD_ISOINIncompleteCallback  usbd_conf.o
    0x08002f60   0x08002f60   0x00000008   Code   RO         8613    i.HAL_PCD_ISOOUTIncompleteCallback  usbd_conf.o
    0x08002f68   0x08002f68   0x0000002e   Code   RO         8616    i.HAL_PCD_ResetCallback  usbd_conf.o
    0x08002f96   0x08002f96   0x00000008   Code   RO         8617    i.HAL_PCD_ResumeCallback  usbd_conf.o
    0x08002f9e   0x08002f9e   0x00000008   Code   RO         8618    i.HAL_PCD_SOFCallback  usbd_conf.o
    0x08002fa6   0x08002fa6   0x00000026   Code   RO         1874    i.HAL_PCD_SetAddress  stm32f4xx_hal_pcd.o
    0x08002fcc   0x08002fcc   0x0000000e   Code   RO         8619    i.HAL_PCD_SetupStageCallback  usbd_conf.o
    0x08002fda   0x08002fda   0x00000002   PAD
    0x08002fdc   0x08002fdc   0x00000030   Code   RO         8620    i.HAL_PCD_SuspendCallback  usbd_conf.o
    0x0800300c   0x0800300c   0x00000134   Code   RO         2432    i.HAL_RCC_ClockConfig  stm32f4xx_hal_rcc.o
    0x08003140   0x08003140   0x00000040   Code   RO         2436    i.HAL_RCC_GetClockConfig  stm32f4xx_hal_rcc.o
    0x08003180   0x08003180   0x0000000c   Code   RO         2437    i.HAL_RCC_GetHCLKFreq  stm32f4xx_hal_rcc.o
    0x0800318c   0x0800318c   0x00000020   Code   RO         2439    i.HAL_RCC_GetPCLK1Freq  stm32f4xx_hal_rcc.o
    0x080031ac   0x080031ac   0x00000020   Code   RO         2440    i.HAL_RCC_GetPCLK2Freq  stm32f4xx_hal_rcc.o
    0x080031cc   0x080031cc   0x00000064   Code   RO         2441    i.HAL_RCC_GetSysClockFreq  stm32f4xx_hal_rcc.o
    0x08003230   0x08003230   0x0000036c   Code   RO         2444    i.HAL_RCC_OscConfig  stm32f4xx_hal_rcc.o
    0x0800359c   0x0800359c   0x000000bc   Code   RO         4281    i.HAL_SPI_Init      stm32f4xx_hal_spi.o
    0x08003658   0x08003658   0x000000fc   Code   RO          519    i.HAL_SPI_MspInit   spi.o
    0x08003754   0x08003754   0x000001f0   Code   RO         4290    i.HAL_SPI_TransmitReceive  stm32f4xx_hal_spi.o
    0x08003944   0x08003944   0x00000002   Code   RO         1579    i.HAL_TIMEx_BreakCallback  stm32f4xx_hal_tim_ex.o
    0x08003946   0x08003946   0x00000002   Code   RO         1580    i.HAL_TIMEx_CommutCallback  stm32f4xx_hal_tim_ex.o
    0x08003948   0x08003948   0x00000054   Code   RO         1582    i.HAL_TIMEx_ConfigBreakDeadTime  stm32f4xx_hal_tim_ex.o
    0x0800399c   0x0800399c   0x00000090   Code   RO         1598    i.HAL_TIMEx_MasterConfigSynchronization  stm32f4xx_hal_tim_ex.o
    0x08003a2c   0x08003a2c   0x0000005a   Code   RO          875    i.HAL_TIM_Base_Init  stm32f4xx_hal_tim.o
    0x08003a86   0x08003a86   0x00000002   PAD
    0x08003a88   0x08003a88   0x00000078   Code   RO          561    i.HAL_TIM_Base_MspInit  tim.o
    0x08003b00   0x08003b00   0x00000078   Code   RO          878    i.HAL_TIM_Base_Start  stm32f4xx_hal_tim.o
    0x08003b78   0x08003b78   0x00000080   Code   RO          880    i.HAL_TIM_Base_Start_IT  stm32f4xx_hal_tim.o
    0x08003bf8   0x08003bf8   0x000000dc   Code   RO          884    i.HAL_TIM_ConfigClockSource  stm32f4xx_hal_tim.o
    0x08003cd4   0x08003cd4   0x00000002   Code   RO          909    i.HAL_TIM_IC_CaptureCallback  stm32f4xx_hal_tim.o
    0x08003cd6   0x08003cd6   0x00000130   Code   RO          923    i.HAL_TIM_IRQHandler  stm32f4xx_hal_tim.o
    0x08003e06   0x08003e06   0x00000002   PAD
    0x08003e08   0x08003e08   0x000000dc   Code   RO          562    i.HAL_TIM_MspPostInit  tim.o
    0x08003ee4   0x08003ee4   0x00000002   Code   RO          926    i.HAL_TIM_OC_DelayElapsedCallback  stm32f4xx_hal_tim.o
    0x08003ee6   0x08003ee6   0x000000cc   Code   RO          947    i.HAL_TIM_PWM_ConfigChannel  stm32f4xx_hal_tim.o
    0x08003fb2   0x08003fb2   0x0000005a   Code   RO          950    i.HAL_TIM_PWM_Init  stm32f4xx_hal_tim.o
    0x0800400c   0x0800400c   0x00000002   Code   RO          952    i.HAL_TIM_PWM_MspInit  stm32f4xx_hal_tim.o
    0x0800400e   0x0800400e   0x00000002   Code   RO          953    i.HAL_TIM_PWM_PulseFinishedCallback  stm32f4xx_hal_tim.o
    0x08004010   0x08004010   0x000000c8   Code   RO          955    i.HAL_TIM_PWM_Start  stm32f4xx_hal_tim.o
    0x080040d8   0x080040d8   0x00000014   Code   RO           14    i.HAL_TIM_PeriodElapsedCallback  main.o
    0x080040ec   0x080040ec   0x00000002   Code   RO          966    i.HAL_TIM_TriggerCallback  stm32f4xx_hal_tim.o
    0x080040ee   0x080040ee   0x00000064   Code   RO         4622    i.HAL_UART_Init     stm32f4xx_hal_uart.o
    0x08004152   0x08004152   0x00000002   PAD
    0x08004154   0x08004154   0x00000260   Code   RO          627    i.HAL_UART_MspInit  usart.o
    0x080043b4   0x080043b4   0x00000002   Code   RO          692    i.HardFault_Handler  stm32f4xx_it.o
    0x080043b6   0x080043b6   0x00000002   PAD
    0x080043b8   0x080043b8   0x00000020   Code   RO         7878    i.Host2SCS          scs.o
    0x080043d8   0x080043d8   0x0000002e   Code   RO         3869    i.I2C_IsAcknowledgeFailed  stm32f4xx_hal_i2c.o
    0x08004406   0x08004406   0x00000002   PAD
    0x08004408   0x08004408   0x000000fc   Code   RO         3879    i.I2C_RequestMemoryRead  stm32f4xx_hal_i2c.o
    0x08004504   0x08004504   0x000000a8   Code   RO         3880    i.I2C_RequestMemoryWrite  stm32f4xx_hal_i2c.o
    0x080045ac   0x080045ac   0x00000056   Code   RO         3884    i.I2C_WaitOnBTFFlagUntilTimeout  stm32f4xx_hal_i2c.o
    0x08004602   0x08004602   0x00000002   PAD
    0x08004604   0x08004604   0x00000090   Code   RO         3885    i.I2C_WaitOnFlagUntilTimeout  stm32f4xx_hal_i2c.o
    0x08004694   0x08004694   0x000000bc   Code   RO         3886    i.I2C_WaitOnMasterAddressFlagUntilTimeout  stm32f4xx_hal_i2c.o
    0x08004750   0x08004750   0x00000070   Code   RO         3887    i.I2C_WaitOnRXNEFlagUntilTimeout  stm32f4xx_hal_i2c.o
    0x080047c0   0x080047c0   0x00000056   Code   RO         3888    i.I2C_WaitOnTXEFlagUntilTimeout  stm32f4xx_hal_i2c.o
    0x08004816   0x08004816   0x00000002   PAD
    0x08004818   0x08004818   0x00000228   Code   RO         7147    i.INS_task          ins_task.o
    0x08004a40   0x08004a40   0x00000044   Code   RO          405    i.MX_CAN1_Init      can.o
    0x08004a84   0x08004a84   0x00000044   Code   RO          406    i.MX_CAN2_Init      can.o
    0x08004ac8   0x08004ac8   0x0000009c   Code   RO          452    i.MX_DMA_Init       dma.o
    0x08004b64   0x08004b64   0x000000ec   Code   RO          300    i.MX_FREERTOS_Init  freertos.o
    0x08004c50   0x08004c50   0x000001a8   Code   RO          275    i.MX_GPIO_Init      gpio.o
    0x08004df8   0x08004df8   0x00000040   Code   RO          478    i.MX_I2C3_Init      i2c.o
    0x08004e38   0x08004e38   0x00000048   Code   RO          520    i.MX_SPI1_Init      spi.o
    0x08004e80   0x08004e80   0x000000f8   Code   RO          563    i.MX_TIM1_Init      tim.o
    0x08004f78   0x08004f78   0x00000098   Code   RO          564    i.MX_TIM4_Init      tim.o
    0x08005010   0x08005010   0x000000bc   Code   RO          565    i.MX_TIM5_Init      tim.o
    0x080050cc   0x080050cc   0x000000c8   Code   RO          566    i.MX_TIM8_Init      tim.o
    0x08005194   0x08005194   0x00000038   Code   RO          628    i.MX_USART1_UART_Init  usart.o
    0x080051cc   0x080051cc   0x00000040   Code   RO          629    i.MX_USART3_UART_Init  usart.o
    0x0800520c   0x0800520c   0x00000038   Code   RO          630    i.MX_USART6_UART_Init  usart.o
    0x08005244   0x08005244   0x00000002   Code   RO          693    i.MemManage_Handler  stm32f4xx_it.o
    0x08005246   0x08005246   0x00000002   Code   RO          694    i.NMI_Handler       stm32f4xx_it.o
    0x08005248   0x08005248   0x0000000c   Code   RO          695    i.OTG_FS_IRQHandler  stm32f4xx_it.o
    0x08005254   0x08005254   0x000000cc   Code   RO         1881    i.PCD_EP_OutXfrComplete_int  stm32f4xx_hal_pcd.o
    0x08005320   0x08005320   0x000000a2   Code   RO         1882    i.PCD_WriteEmptyTxFifo  stm32f4xx_hal_pcd.o
    0x080053c2   0x080053c2   0x00000002   PAD
    0x080053c4   0x080053c4   0x00000060   Code   RO         6532    i.RC_Init           bsp_rc.o
    0x08005424   0x08005424   0x000000cc   Code   RO         7880    i.Read              scs.o
    0x080054f0   0x080054f0   0x00000018   Code   RO         7881    i.SCS2Host          scs.o
    0x08005508   0x08005508   0x0000001c   Code   RO         8005    i.SCSCL_FeedBack    scscl.o
    0x08005524   0x08005524   0x0000002c   Code   RO         8009    i.SCSCL_ReadLoad    scscl.o
    0x08005550   0x08005550   0x00000018   Code   RO         8010    i.SCSCL_ReadMove    scscl.o
    0x08005568   0x08005568   0x0000001c   Code   RO         8011    i.SCSCL_ReadPos     scscl.o
    0x08005584   0x08005584   0x0000002c   Code   RO         8012    i.SCSCL_ReadSpeed   scscl.o
    0x080055b0   0x080055b0   0x00000018   Code   RO         8013    i.SCSCL_ReadTemper  scscl.o
    0x080055c8   0x080055c8   0x00000018   Code   RO         8014    i.SCSCL_ReadVoltage  scscl.o
    0x080055e0   0x080055e0   0x00000028   Code   RO         8018    i.SCSCL_WritePWM    scscl.o
    0x08005608   0x08005608   0x0000003a   Code   RO         8019    i.SCSCL_WritePos    scscl.o
    0x08005642   0x08005642   0x00000002   PAD
    0x08005644   0x08005644   0x00001274   Code   RO         6381    i.SPI1_DMA_enable   bsp_spi.o
    0x080068b8   0x080068b8   0x000000f0   Code   RO         6382    i.SPI1_DMA_init     bsp_spi.o
    0x080069a8   0x080069a8   0x0000006c   Code   RO         4319    i.SPI_EndRxTxTransaction  stm32f4xx_hal_spi.o
    0x08006a14   0x08006a14   0x000000b8   Code   RO         4324    i.SPI_WaitFlagStateUntilTimeout  stm32f4xx_hal_spi.o
    0x08006acc   0x08006acc   0x0000002c   Code   RO         6302    i.SysTick_Handler   port.o
    0x08006af8   0x08006af8   0x00000094   Code   RO           15    i.SystemClock_Config  main.o
    0x08006b8c   0x08006b8c   0x00000010   Code   RO         4956    i.SystemInit        system_stm32f4xx.o
    0x08006b9c   0x08006b9c   0x0000000c   Code   RO          696    i.TIM6_DAC_IRQHandler  stm32f4xx_it.o
    0x08006ba8   0x08006ba8   0x000000d8   Code   RO          968    i.TIM_Base_SetConfig  stm32f4xx_hal_tim.o
    0x08006c80   0x08006c80   0x0000001a   Code   RO          969    i.TIM_CCxChannelCmd  stm32f4xx_hal_tim.o
    0x08006c9a   0x08006c9a   0x00000014   Code   RO          979    i.TIM_ETR_SetConfig  stm32f4xx_hal_tim.o
    0x08006cae   0x08006cae   0x00000010   Code   RO          980    i.TIM_ITRx_SetConfig  stm32f4xx_hal_tim.o
    0x08006cbe   0x08006cbe   0x00000002   PAD
    0x08006cc0   0x08006cc0   0x00000060   Code   RO          981    i.TIM_OC1_SetConfig  stm32f4xx_hal_tim.o
    0x08006d20   0x08006d20   0x0000006c   Code   RO          982    i.TIM_OC2_SetConfig  stm32f4xx_hal_tim.o
    0x08006d8c   0x08006d8c   0x00000068   Code   RO          983    i.TIM_OC3_SetConfig  stm32f4xx_hal_tim.o
    0x08006df4   0x08006df4   0x00000050   Code   RO          984    i.TIM_OC4_SetConfig  stm32f4xx_hal_tim.o
    0x08006e44   0x08006e44   0x00000022   Code   RO          986    i.TIM_TI1_ConfigInputStage  stm32f4xx_hal_tim.o
    0x08006e66   0x08006e66   0x00000024   Code   RO          988    i.TIM_TI2_ConfigInputStage  stm32f4xx_hal_tim.o
    0x08006e8a   0x08006e8a   0x00000002   PAD
    0x08006e8c   0x08006e8c   0x0000010c   Code   RO         4648    i.UART_SetConfig    stm32f4xx_hal_uart.o
    0x08006f98   0x08006f98   0x00000070   Code   RO         7674    i.USART1_IRQHandler  servo_receive.o
    0x08007008   0x08007008   0x000000d0   Code   RO         7550    i.USART3_IRQHandler  remote_receive.o
    0x080070d8   0x080070d8   0x00000020   Code   RO         9147    i.USBD_CDC_SetTxBuffer  usbd_cdc.o
    0x080070f8   0x080070f8   0x00000054   Code   RO         9149    i.USBD_CDC_TransmitPacket  usbd_cdc.o
    0x0800714c   0x0800714c   0x00000014   Code   RO         8815    i.USBD_ClrClassConfig  usbd_core.o
    0x08007160   0x08007160   0x00000026   Code   RO         8977    i.USBD_ClrFeature   usbd_ctlreq.o
    0x08007186   0x08007186   0x00000004   Code   RO         8816    i.USBD_CoreFindEP   usbd_core.o
    0x0800718a   0x0800718a   0x00000004   Code   RO         8817    i.USBD_CoreFindIF   usbd_core.o
    0x0800718e   0x0800718e   0x00000010   Code   RO         9075    i.USBD_CtlContinueRx  usbd_ioreq.o
    0x0800719e   0x0800719e   0x00000010   Code   RO         9076    i.USBD_CtlContinueSendData  usbd_ioreq.o
    0x080071ae   0x080071ae   0x00000018   Code   RO         8978    i.USBD_CtlError     usbd_ctlreq.o
    0x080071c6   0x080071c6   0x00000016   Code   RO         9078    i.USBD_CtlReceiveStatus  usbd_ioreq.o
    0x080071dc   0x080071dc   0x0000001a   Code   RO         9079    i.USBD_CtlSendData  usbd_ioreq.o
    0x080071f6   0x080071f6   0x00000016   Code   RO         9080    i.USBD_CtlSendStatus  usbd_ioreq.o
    0x0800720c   0x0800720c   0x00000034   Code   RO         8979    i.USBD_GetConfig    usbd_ctlreq.o
    0x08007240   0x08007240   0x000001b4   Code   RO         8980    i.USBD_GetDescriptor  usbd_ctlreq.o
    0x080073f4   0x080073f4   0x00000036   Code   RO         8982    i.USBD_GetStatus    usbd_ctlreq.o
    0x0800742a   0x0800742a   0x00000024   Code   RO         8621    i.USBD_Get_USB_Status  usbd_conf.o
    0x0800744e   0x0800744e   0x00000012   Code   RO         8622    i.USBD_LL_ClearStallEP  usbd_conf.o
    0x08007460   0x08007460   0x000000dc   Code   RO         8822    i.USBD_LL_DataInStage  usbd_core.o
    0x0800753c   0x0800753c   0x000000d0   Code   RO         8823    i.USBD_LL_DataOutStage  usbd_core.o
    0x0800760c   0x0800760c   0x00000004   Code   RO         8824    i.USBD_LL_DevConnected  usbd_core.o
    0x08007610   0x08007610   0x00000020   Code   RO         8825    i.USBD_LL_DevDisconnected  usbd_core.o
    0x08007630   0x08007630   0x00000020   Code   RO         8629    i.USBD_LL_IsStallEP  usbd_conf.o
    0x08007650   0x08007650   0x0000002a   Code   RO         8826    i.USBD_LL_IsoINIncomplete  usbd_core.o
    0x0800767a   0x0800767a   0x0000002a   Code   RO         8827    i.USBD_LL_IsoOUTIncomplete  usbd_core.o
    0x080076a4   0x080076a4   0x00000018   Code   RO         8630    i.USBD_LL_OpenEP    usbd_conf.o
    0x080076bc   0x080076bc   0x00000012   Code   RO         8631    i.USBD_LL_PrepareReceive  usbd_conf.o
    0x080076ce   0x080076ce   0x00000060   Code   RO         8828    i.USBD_LL_Reset     usbd_core.o
    0x0800772e   0x0800772e   0x00000014   Code   RO         8829    i.USBD_LL_Resume    usbd_core.o
    0x08007742   0x08007742   0x0000001a   Code   RO         8830    i.USBD_LL_SOF       usbd_core.o
    0x0800775c   0x0800775c   0x00000006   Code   RO         8831    i.USBD_LL_SetSpeed  usbd_core.o
    0x08007762   0x08007762   0x00000012   Code   RO         8632    i.USBD_LL_SetUSBAddress  usbd_conf.o
    0x08007774   0x08007774   0x00000064   Code   RO         8832    i.USBD_LL_SetupStage  usbd_core.o
    0x080077d8   0x080077d8   0x00000012   Code   RO         8633    i.USBD_LL_StallEP   usbd_conf.o
    0x080077ea   0x080077ea   0x0000001a   Code   RO         8833    i.USBD_LL_Suspend   usbd_core.o
    0x08007804   0x08007804   0x00000012   Code   RO         8636    i.USBD_LL_Transmit  usbd_conf.o
    0x08007816   0x08007816   0x00000032   Code   RO         8984    i.USBD_ParseSetupRequest  usbd_ctlreq.o
    0x08007848   0x08007848   0x00000004   Code   RO         8835    i.USBD_RunTestMode  usbd_core.o
    0x0800784c   0x0800784c   0x00000058   Code   RO         8985    i.USBD_SetAddress   usbd_ctlreq.o
    0x080078a4   0x080078a4   0x00000014   Code   RO         8836    i.USBD_SetClassConfig  usbd_core.o
    0x080078b8   0x080078b8   0x000000dc   Code   RO         8986    i.USBD_SetConfig    usbd_ctlreq.o
    0x08007994   0x08007994   0x00000024   Code   RO         8987    i.USBD_SetFeature   usbd_ctlreq.o
    0x080079b8   0x080079b8   0x00000076   Code   RO         8988    i.USBD_StdDevReq    usbd_ctlreq.o
    0x08007a2e   0x08007a2e   0x0000022e   Code   RO         8989    i.USBD_StdEPReq     usbd_ctlreq.o
    0x08007c5c   0x08007c5c   0x0000008e   Code   RO         8990    i.USBD_StdItfReq    usbd_ctlreq.o
    0x08007cea   0x08007cea   0x00000002   PAD
    0x08007cec   0x08007cec   0x00000080   Code   RO         2127    i.USB_ActivateEndpoint  stm32f4xx_ll_usb.o
    0x08007d6c   0x08007d6c   0x0000001c   Code   RO         2129    i.USB_ActivateSetup  stm32f4xx_ll_usb.o
    0x08007d88   0x08007d88   0x00000058   Code   RO         2142    i.USB_EP0_OutStart  stm32f4xx_ll_usb.o
    0x08007de0   0x08007de0   0x00000058   Code   RO         2143    i.USB_EPClearStall  stm32f4xx_ll_usb.o
    0x08007e38   0x08007e38   0x00000058   Code   RO         2144    i.USB_EPSetStall    stm32f4xx_ll_usb.o
    0x08007e90   0x08007e90   0x00000238   Code   RO         2145    i.USB_EPStartXfer   stm32f4xx_ll_usb.o
    0x080080c8   0x080080c8   0x0000009e   Code   RO         2146    i.USB_EPStopXfer    stm32f4xx_ll_usb.o
    0x08008166   0x08008166   0x0000003c   Code   RO         2149    i.USB_FlushTxFifo   stm32f4xx_ll_usb.o
    0x080081a2   0x080081a2   0x0000001a   Code   RO         2151    i.USB_GetDevSpeed   stm32f4xx_ll_usb.o
    0x080081bc   0x080081bc   0x00000008   Code   RO         2153    i.USB_GetMode       stm32f4xx_ll_usb.o
    0x080081c4   0x080081c4   0x0000000e   Code   RO         2161    i.USB_ReadDevAllInEpInterrupt  stm32f4xx_ll_usb.o
    0x080081d2   0x080081d2   0x0000000e   Code   RO         2162    i.USB_ReadDevAllOutEpInterrupt  stm32f4xx_ll_usb.o
    0x080081e0   0x080081e0   0x00000024   Code   RO         2163    i.USB_ReadDevInEPInterrupt  stm32f4xx_ll_usb.o
    0x08008204   0x08008204   0x00000010   Code   RO         2164    i.USB_ReadDevOutEPInterrupt  stm32f4xx_ll_usb.o
    0x08008214   0x08008214   0x00000008   Code   RO         2165    i.USB_ReadInterrupts  stm32f4xx_ll_usb.o
    0x0800821c   0x0800821c   0x0000003e   Code   RO         2166    i.USB_ReadPacket    stm32f4xx_ll_usb.o
    0x0800825a   0x0800825a   0x00000022   Code   RO         2169    i.USB_SetDevAddress  stm32f4xx_ll_usb.o
    0x0800827c   0x0800827c   0x000000e8   Code   RO         2171    i.USB_SetTurnaroundTime  stm32f4xx_ll_usb.o
    0x08008364   0x08008364   0x00000028   Code   RO         2174    i.USB_WritePacket   stm32f4xx_ll_usb.o
    0x0800838c   0x0800838c   0x00000002   Code   RO          697    i.UsageFault_Handler  stm32f4xx_it.o
    0x0800838e   0x0800838e   0x00000002   PAD
    0x08008390   0x08008390   0x00000024   Code   RO         9566    i.__0vsprintf       mc_w.l(printfa.o)
    0x080083b4   0x080083b4   0x00000026   Code   RO         9587    i.__ARM_fpclassifyf  m_wm.l(fpclassifyf.o)
    0x080083da   0x080083da   0x00000020   Code   RO         3191    i.__NVIC_SetPriority  stm32f4xx_hal_cortex.o
    0x080083fa   0x080083fa   0x00000002   PAD
    0x080083fc   0x080083fc   0x0000012c   Code   RO         9496    i.__hardfp_asinf    m_wm.l(asinf.o)
    0x08008528   0x08008528   0x00000250   Code   RO         9508    i.__hardfp_atan2f   m_wm.l(atan2f.o)
    0x08008778   0x08008778   0x0000003a   Code   RO         9532    i.__hardfp_sqrtf    m_wm.l(sqrtf_full.o)
    0x080087b2   0x080087b2   0x00000006   Code   RO         9590    i.__mathlib_flt_infnan  m_wm.l(funder.o)
    0x080087b8   0x080087b8   0x00000006   Code   RO         9591    i.__mathlib_flt_infnan2  m_wm.l(funder.o)
    0x080087be   0x080087be   0x00000002   PAD
    0x080087c0   0x080087c0   0x00000010   Code   RO         9592    i.__mathlib_flt_invalid  m_wm.l(funder.o)
    0x080087d0   0x080087d0   0x00000010   Code   RO         9595    i.__mathlib_flt_underflow  m_wm.l(funder.o)
    0x080087e0   0x080087e0   0x0000000e   Code   RO         9661    i.__scatterload_copy  mc_w.l(handlers.o)
    0x080087ee   0x080087ee   0x00000002   Code   RO         9662    i.__scatterload_null  mc_w.l(handlers.o)
    0x080087f0   0x080087f0   0x0000000e   Code   RO         9663    i.__scatterload_zeroinit  mc_w.l(handlers.o)
    0x080087fe   0x080087fe   0x00000002   PAD
    0x08008800   0x08008800   0x0000000c   Code   RO         9631    i.__set_errno       mc_w.l(errno.o)
    0x0800880c   0x0800880c   0x00000184   Code   RO         9567    i._fp_digits        mc_w.l(printfa.o)
    0x08008990   0x08008990   0x000006dc   Code   RO         9568    i._printf_core      mc_w.l(printfa.o)
    0x0800906c   0x0800906c   0x00000024   Code   RO         9569    i._printf_post_padding  mc_w.l(printfa.o)
    0x08009090   0x08009090   0x0000002e   Code   RO         9570    i._printf_pre_padding  mc_w.l(printfa.o)
    0x080090be   0x080090be   0x0000000a   Code   RO         9572    i._sputc            mc_w.l(printfa.o)
    0x080090c8   0x080090c8   0x0000003c   Code   RO         6711    i.aRGB_led_show     bsp_led.o
    0x08009104   0x08009104   0x000001d0   Code   RO         9241    i.accel_comple_filter  AHRS.lib(ahrs.o)
    0x080092d4   0x080092d4   0x0000018c   Code   RO         9242    i.accel_update_kp_ki  AHRS.lib(ahrs.o)
    0x08009460   0x08009460   0x0000016c   Code   RO         9243    i.angle_to_quat     AHRS.lib(ahrs.o)
    0x080095cc   0x080095cc   0x00000128   Code   RO         6833    i.bmi088_accel_init  bmi088driver.o
    0x080096f4   0x080096f4   0x000002c0   Code   RO         6834    i.bmi088_accel_self_test  bmi088driver.o
    0x080099b4   0x080099b4   0x000000dc   Code   RO         6835    i.bmi088_gyro_init  bmi088driver.o
    0x08009a90   0x08009a90   0x000000ca   Code   RO         6836    i.bmi088_gyro_self_test  bmi088driver.o
    0x08009b5a   0x08009b5a   0x00000002   PAD
    0x08009b5c   0x08009b5c   0x00000010   Code   RO         6645    i.buzzer_off        bsp_buzzer.o
    0x08009b6c   0x08009b6c   0x00000010   Code   RO         6646    i.buzzer_on         bsp_buzzer.o
    0x08009b7c   0x08009b7c   0x00000090   Code   RO         7367    i.buzzer_task       buzzer_task.o
    0x08009c0c   0x08009c0c   0x00000058   Code   RO         6740    i.can_filter_init   bsp_can.o
    0x08009c64   0x08009c64   0x00000008   Code   RO         7647    i.car_task          car_task.o
    0x08009c6c   0x08009c6c   0x00000038   Code   RO         7882    i.checkHead         scs.o
    0x08009ca4   0x08009ca4   0x00000024   Code   RO         6495    i.delay_us          bsp_delay.o
    0x08009cc8   0x08009cc8   0x00000050   Code   RO         7475    i.detect_hook       detect_task.o
    0x08009d18   0x08009d18   0x00000078   Code   RO         7476    i.detect_init       detect_task.o
    0x08009d90   0x08009d90   0x000000f8   Code   RO         7477    i.detect_task       detect_task.o
    0x08009e88   0x08009e88   0x0000001c   Code   RO         6765    i.elongate_left_push_rog  bsp_push_rog.o
    0x08009ea4   0x08009ea4   0x0000001c   Code   RO         6766    i.elongate_right_push_rog  bsp_push_rog.o
    0x08009ec0   0x08009ec0   0x0000002c   Code   RO         7883    i.genWrite          scs.o
    0x08009eec   0x08009eec   0x0000000c   Code   RO         7884    i.getLastError      scs.o
    0x08009ef8   0x08009ef8   0x000000e8   Code   RO         9244    i.get_angle         AHRS.lib(ahrs.o)
    0x08009fe0   0x08009fe0   0x00000008   Code   RO         7478    i.get_error_list_point  detect_task.o
    0x08009fe8   0x08009fe8   0x00000008   Code   RO         7518    i.get_key_data_point  key_task.o
    0x08009ff0   0x08009ff0   0x00000008   Code   RO         7551    i.get_remote_ch_point  remote_receive.o
    0x08009ff8   0x08009ff8   0x0000001c   Code   RO         7675    i.get_servo_measure_point  servo_receive.o
    0x0800a014   0x0800a014   0x000000ec   Code   RO         7154    i.imu_cali_slove    ins_task.o
    0x0800a100   0x0800a100   0x00000110   Code   RO         7155    i.imu_cmd_spi_dma   ins_task.o
    0x0800a210   0x0800a210   0x00000002   Code   RO         7064    i.ist8310_GPIO_init  ist8310driver_middleware.o
    0x0800a212   0x0800a212   0x00000002   PAD
    0x0800a214   0x0800a214   0x0000001c   Code   RO         7065    i.ist8310_IIC_read_muli_reg  ist8310driver_middleware.o
    0x0800a230   0x0800a230   0x00000024   Code   RO         7066    i.ist8310_IIC_read_single_reg  ist8310driver_middleware.o
    0x0800a254   0x0800a254   0x00000024   Code   RO         7068    i.ist8310_IIC_write_single_reg  ist8310driver_middleware.o
    0x0800a278   0x0800a278   0x00000010   Code   RO         7069    i.ist8310_RST_H     ist8310driver_middleware.o
    0x0800a288   0x0800a288   0x00000010   Code   RO         7070    i.ist8310_RST_L     ist8310driver_middleware.o
    0x0800a298   0x0800a298   0x00000002   Code   RO         7071    i.ist8310_com_init  ist8310driver_middleware.o
    0x0800a29a   0x0800a29a   0x00000004   Code   RO         7072    i.ist8310_delay_ms  ist8310driver_middleware.o
    0x0800a29e   0x0800a29e   0x00000002   PAD
    0x0800a2a0   0x0800a2a0   0x00000080   Code   RO         7029    i.ist8310_init      ist8310driver.o
    0x0800a320   0x0800a320   0x00000054   Code   RO         7030    i.ist8310_read_mag  ist8310driver.o
    0x0800a374   0x0800a374   0x000000b4   Code   RO         7519    i.key_task          key_task.o
    0x0800a428   0x0800a428   0x00000118   Code   RO         7337    i.led_task          led_task.o
    0x0800a540   0x0800a540   0x0000001c   Code   RO         6767    i.left_push_rog_off  bsp_push_rog.o
    0x0800a55c   0x0800a55c   0x000000c4   Code   RO           16    i.main              main.o
    0x0800a620   0x0800a620   0x0000000c   Code   RO         5855    i.makeFreeRtosPriority  cmsis_os.o
    0x0800a62c   0x0800a62c   0x00000010   Code   RO         5857    i.osDelay           cmsis_os.o
    0x0800a63c   0x0800a63c   0x0000000a   Code   RO         5860    i.osKernelStart     cmsis_os.o
    0x0800a646   0x0800a646   0x0000005c   Code   RO         5894    i.osThreadCreate    cmsis_os.o
    0x0800a6a2   0x0800a6a2   0x00000002   PAD
    0x0800a6a4   0x0800a6a4   0x00000024   Code   RO         5480    i.pcTaskGetName     tasks.o
    0x0800a6c8   0x0800a6c8   0x00000080   Code   RO         5481    i.prvAddCurrentTaskToDelayedList  tasks.o
    0x0800a748   0x0800a748   0x00000088   Code   RO         5482    i.prvAddNewTaskToReadyList  tasks.o
    0x0800a7d0   0x0800a7d0   0x00000040   Code   RO         5483    i.prvCheckTasksWaitingTermination  tasks.o
    0x0800a810   0x0800a810   0x00000040   Code   RO         5484    i.prvDeleteTCB      tasks.o
    0x0800a850   0x0800a850   0x00000050   Code   RO         6234    i.prvHeapInit       heap_4.o
    0x0800a8a0   0x0800a8a0   0x00000028   Code   RO         5485    i.prvIdleTask       tasks.o
    0x0800a8c8   0x0800a8c8   0x00000098   Code   RO         5486    i.prvInitialiseNewTask  tasks.o
    0x0800a960   0x0800a960   0x00000060   Code   RO         5487    i.prvInitialiseTaskLists  tasks.o
    0x0800a9c0   0x0800a9c0   0x0000005c   Code   RO         6235    i.prvInsertBlockIntoFreeList  heap_4.o
    0x0800aa1c   0x0800aa1c   0x00000024   Code   RO         5488    i.prvResetNextTaskUnblockTime  tasks.o
    0x0800aa40   0x0800aa40   0x0000006e   Code   RO         5489    i.prvSearchForNameWithinSingleList  tasks.o
    0x0800aaae   0x0800aaae   0x00000018   Code   RO         5490    i.prvTaskCheckFreeStackSpace  tasks.o
    0x0800aac6   0x0800aac6   0x00000002   PAD
    0x0800aac8   0x0800aac8   0x00000030   Code   RO         6303    i.prvTaskExitError  port.o
    0x0800aaf8   0x0800aaf8   0x000000e8   Code   RO         6236    i.pvPortMalloc      heap_4.o
    0x0800abe0   0x0800abe0   0x0000002c   Code   RO         6304    i.pxPortInitialiseStack  port.o
    0x0800ac0c   0x0800ac0c   0x00000084   Code   RO         9249    i.quat_normalization  AHRS.lib(ahrs.o)
    0x0800ac90   0x0800ac90   0x00000006   Code   RO         8123    i.rFlushSCS         scserail.o
    0x0800ac96   0x0800ac96   0x0000001a   Code   RO         7886    i.readByte          scs.o
    0x0800acb0   0x0800acb0   0x00000018   Code   RO         8124    i.readSCS           scserail.o
    0x0800acc8   0x0800acc8   0x00000024   Code   RO         7887    i.readWord          scs.o
    0x0800acec   0x0800acec   0x00000020   Code   RO         7552    i.remote_receive_init  remote_receive.o
    0x0800ad0c   0x0800ad0c   0x0000001c   Code   RO         6768    i.right_push_rog_off  bsp_push_rog.o
    0x0800ad28   0x0800ad28   0x000001d0   Code   RO         7553    i.sbus_to_remote_ch  remote_receive.o
    0x0800aef8   0x0800aef8   0x00000044   Code   RO         7554    i.sbus_to_usart1    remote_receive.o
    0x0800af3c   0x0800af3c   0x0000007c   Code   RO         7676    i.servo_receive_task  servo_receive.o
    0x0800afb8   0x0800afb8   0x0000000c   Code   RO         7890    i.setEnd            scs.o
    0x0800afc4   0x0800afc4   0x0000001c   Code   RO         6769    i.shorten_left_push_rog  bsp_push_rog.o
    0x0800afe0   0x0800afe0   0x0000001c   Code   RO         6770    i.shorten_right_push_rog  bsp_push_rog.o
    0x0800affc   0x0800affc   0x0000003e   Code   RO         9534    i.sqrtf             m_wm.l(sqrtf_full.o)
    0x0800b03a   0x0800b03a   0x00000002   PAD
    0x0800b03c   0x0800b03c   0x00000054   Code   RO         7281    i.test_task         test_task.o
    0x0800b090   0x0800b090   0x00000018   Code   RO         7479    i.toe_is_error      detect_task.o
    0x0800b0a8   0x0800b0a8   0x00000086   Code   RO         7602    i.transform_set_control  transform_task.o
    0x0800b12e   0x0800b12e   0x00000002   PAD
    0x0800b130   0x0800b130   0x00000108   Code   RO         7603    i.transform_set_mode  transform_task.o
    0x0800b238   0x0800b238   0x0000004c   Code   RO         7604    i.transform_task    transform_task.o
    0x0800b284   0x0800b284   0x00000068   Code   RO         5493    i.ulTaskNotifyTake  tasks.o
    0x0800b2ec   0x0800b2ec   0x0000007a   Code   RO         9250    i.update_w          AHRS.lib(ahrs.o)
    0x0800b366   0x0800b366   0x00000002   PAD
    0x0800b368   0x0800b368   0x00000094   Code   RO         6570    i.usart1_rx_dma_init  bsp_usart.o
    0x0800b3fc   0x0800b3fc   0x00000064   Code   RO         6571    i.usart1_tx_dma_enable  bsp_usart.o
    0x0800b460   0x0800b460   0x00000048   Code   RO         6572    i.usart1_tx_dma_init  bsp_usart.o
    0x0800b4a8   0x0800b4a8   0x00000040   Code   RO         7398    i.usb_task          usb_task.o
    0x0800b4e8   0x0800b4e8   0x00000026   Code   RO         5094    i.uxListRemove      list.o
    0x0800b50e   0x0800b50e   0x00000002   PAD
    0x0800b510   0x0800b510   0x00000014   Code   RO         5496    i.uxTaskGetStackHighWaterMark  tasks.o
    0x0800b524   0x0800b524   0x00000014   Code   RO          310    i.vApplicationGetIdleTaskMemory  freertos.o
    0x0800b538   0x0800b538   0x00000016   Code   RO         5095    i.vListInitialise   list.o
    0x0800b54e   0x0800b54e   0x00000006   Code   RO         5096    i.vListInitialiseItem  list.o
    0x0800b554   0x0800b554   0x00000036   Code   RO         5097    i.vListInsert       list.o
    0x0800b58a   0x0800b58a   0x00000018   Code   RO         5098    i.vListInsertEnd    list.o
    0x0800b5a2   0x0800b5a2   0x00000002   PAD
    0x0800b5a4   0x0800b5a4   0x00000040   Code   RO         6306    i.vPortEnterCritical  port.o
    0x0800b5e4   0x0800b5e4   0x0000002c   Code   RO         6307    i.vPortExitCritical  port.o
    0x0800b610   0x0800b610   0x00000064   Code   RO         6237    i.vPortFree         heap_4.o
    0x0800b674   0x0800b674   0x00000024   Code   RO         6308    i.vPortSetupTimerInterrupt  port.o
    0x0800b698   0x0800b698   0x00000054   Code   RO         6309    i.vPortValidateInterruptPriority  port.o
    0x0800b6ec   0x0800b6ec   0x00000050   Code   RO         5501    i.vTaskDelay        tasks.o
    0x0800b73c   0x0800b73c   0x000000bc   Code   RO         5507    i.vTaskNotifyGiveFromISR  tasks.o
    0x0800b7f8   0x0800b7f8   0x00000088   Code   RO         5515    i.vTaskStartScheduler  tasks.o
    0x0800b880   0x0800b880   0x00000010   Code   RO         5517    i.vTaskSuspendAll   tasks.o
    0x0800b890   0x0800b890   0x00000060   Code   RO         5518    i.vTaskSwitchContext  tasks.o
    0x0800b8f0   0x0800b8f0   0x00000020   Code   RO         8125    i.wFlushSCS         scserail.o
    0x0800b910   0x0800b910   0x00000094   Code   RO         7893    i.writeBuf          scs.o
    0x0800b9a4   0x0800b9a4   0x00000028   Code   RO         8126    i.writeSCS          scserail.o
    0x0800b9cc   0x0800b9cc   0x00000104   Code   RO         6310    i.xPortStartScheduler  port.o
    0x0800bad0   0x0800bad0   0x0000006c   Code   RO         5522    i.xTaskCreate       tasks.o
    0x0800bb3c   0x0800bb3c   0x00000060   Code   RO         5523    i.xTaskCreateStatic  tasks.o
    0x0800bb9c   0x0800bb9c   0x0000008c   Code   RO         5527    i.xTaskGetHandle    tasks.o
    0x0800bc28   0x0800bc28   0x0000001c   Code   RO         5528    i.xTaskGetSchedulerState  tasks.o
    0x0800bc44   0x0800bc44   0x0000000c   Code   RO         5529    i.xTaskGetTickCount  tasks.o
    0x0800bc50   0x0800bc50   0x000000d4   Code   RO         5531    i.xTaskIncrementTick  tasks.o
    0x0800bd24   0x0800bd24   0x000000cc   Code   RO         5537    i.xTaskResumeAll    tasks.o
    0x0800bdf0   0x0800bdf0   0x00000118   Data   RO          312    .constdata          freertos.o
    0x0800bf08   0x0800bf08   0x00000008   Data   RO         2905    .constdata          stm32f4xx_hal_dma.o
    0x0800bf10   0x0800bf10   0x00000010   Data   RO         4957    .constdata          system_stm32f4xx.o
    0x0800bf20   0x0800bf20   0x00000008   Data   RO         4958    .constdata          system_stm32f4xx.o
    0x0800bf28   0x0800bf28   0x00000012   Data   RO         6841    .constdata          bmi088driver.o
    0x0800bf3a   0x0800bf3a   0x0000000c   Data   RO         7032    .constdata          ist8310driver.o
    0x0800bf46   0x0800bf46   0x00000002   PAD
    0x0800bf48   0x0800bf48   0x0000000c   Data   RO         7368    .constdata          buzzer_task.o
    0x0800bf54   0x0800bf54   0x0000001e   Data   RO         7481    .constdata          detect_task.o
    0x0800bf72   0x0800bf72   0x00000002   PAD
    0x0800bf74   0x0800bf74   0x0000000c   Data   RO         9251    .constdata          AHRS.lib(ahrs.o)
    0x0800bf80   0x0800bf80   0x00000804   Data   RO         9461    .constdata          arm_cortexM4lf_math.lib(arm_common_tables.o)
    0x0800c784   0x0800c784   0x00000068   Data   RO          313    .conststring        freertos.o
    0x0800c7ec   0x0800c7ec   0x00000020   Data   RO         9659    Region$$Table       anon$$obj.o


    Execution Region RW_IRAM1 (Exec base: 0x20000000, Load base: 0x0800c80c, Size: 0x00005a48, Max: 0x0001c000, ABSOLUTE, COMPRESSED[0x000000c4])

    Exec Addr    Load Addr    Size         Type   Attr      Idx    E Section Name        Object

    0x20000000   COMPRESSED   0x00000028   Data   RW          314    .data               freertos.o
    0x20000028   COMPRESSED   0x00000004   Data   RW          408    .data               can.o
    0x2000002c   COMPRESSED   0x0000000c   Data   RW         3350    .data               stm32f4xx_hal.o
    0x20000038   COMPRESSED   0x00000004   Data   RW         4959    .data               system_stm32f4xx.o
    0x2000003c   COMPRESSED   0x0000003c   Data   RW         5540    .data               tasks.o
    0x20000078   COMPRESSED   0x00000020   Data   RW         6243    .data               heap_4.o
    0x20000098   COMPRESSED   0x0000000c   Data   RW         6311    .data               port.o
    0x200000a4   COMPRESSED   0x00000008   Data   RW         6712    .data               bsp_led.o
    0x200000ac   COMPRESSED   0x0000002c   Data   RW         6842    .data               bmi088driver.o
    0x200000d8   COMPRESSED   0x000000a0   Data   RW         7160    .data               ins_task.o
    0x20000178   COMPRESSED   0x00000008   Data   RW         7282    .data               test_task.o
    0x20000180   COMPRESSED   0x0000001c   Data   RW         7338    .data               led_task.o
    0x2000019c   COMPRESSED   0x00000008   Data   RW         7369    .data               buzzer_task.o
    0x200001a4   COMPRESSED   0x00000004   Data   RW         7400    .data               usb_task.o
    0x200001a8   COMPRESSED   0x00000001   Data   RW         7453    .data               can_receive.o
    0x200001a9   COMPRESSED   0x00000003   PAD
    0x200001ac   COMPRESSED   0x0000000c   Data   RW         7482    .data               detect_task.o
    0x200001b8   COMPRESSED   0x00000004   Data   RW         7556    .data               remote_receive.o
    0x200001bc   COMPRESSED   0x00000002   Data   RW         7678    .data               servo_receive.o
    0x200001be   COMPRESSED   0x00000004   Data   RW         7896    .data               scs.o
    0x200001c2   COMPRESSED   0x00000001   Data   RW         8128    .data               scserail.o
    0x200001c3   COMPRESSED   0x00000001   Data   RW         8991    .data               usbd_ctlreq.o
    0x200001c4   COMPRESSED   0x00000053   Data   RW         9150    .data               usbd_cdc.o
    0x20000217   COMPRESSED   0x00000001   PAD
    0x20000218   COMPRESSED   0x00000010   Data   RW         9252    .data               AHRS.lib(ahrs.o)
    0x20000228   COMPRESSED   0x00000004   Data   RW         9632    .data               mc_w.l(errno.o)
    0x2000022c        -       0x00000254   Zero   RW          311    .bss                freertos.o
    0x20000480        -       0x00000050   Zero   RW          407    .bss                can.o
    0x200004d0        -       0x00000054   Zero   RW          479    .bss                i2c.o
    0x20000524        -       0x00000118   Zero   RW          521    .bss                spi.o
    0x2000063c        -       0x00000120   Zero   RW          567    .bss                tim.o
    0x2000075c        -       0x000002b8   Zero   RW          631    .bss                usart.o
    0x20000a14        -       0x00000048   Zero   RW          837    .bss                stm32f4xx_hal_timebase_tim.o
    0x20000a5c        -       0x000000f0   Zero   RW         5539    .bss                tasks.o
    0x20000b4c        -       0x00003c00   Zero   RW         6242    .bss                heap_4.o
    0x2000474c        -       0x000000d4   Zero   RW         7156    .bss                ins_task.o
    0x20004820        -       0x00000100   Zero   RW         7399    .bss                usb_task.o
    0x20004920        -       0x000000d8   Zero   RW         7480    .bss                detect_task.o
    0x200049f8        -       0x00000014   Zero   RW         7520    .bss                key_task.o
    0x20004a0c        -       0x0000007c   Zero   RW         7555    .bss                remote_receive.o
    0x20004a88        -       0x00000014   Zero   RW         7605    .bss                transform_task.o
    0x20004a9c        -       0x00000138   Zero   RW         7677    .bss                servo_receive.o
    0x20004bd4        -       0x0000000f   Zero   RW         8021    .bss                scscl.o
    0x20004be3        -       0x00000080   Zero   RW         8127    .bss                scserail.o
    0x20004c63   COMPRESSED   0x00000001   PAD
    0x20004c64        -       0x000002dc   Zero   RW         8425    .bss                usb_device.o
    0x20004f40        -       0x00000704   Zero   RW         8639    .bss                usbd_conf.o
    0x20005644   COMPRESSED   0x00000004   PAD
    0x20005648        -       0x00000400   Zero   RW            1    STACK               startup_stm32f407xx.o


    Execution Region RW_IRAM2 (Exec base: 0x2001c000, Load base: 0x0800c8d0, Size: 0x00000000, Max: 0x00004000, ABSOLUTE)

    **** No section assigned to this execution region ****


==============================================================================

Image component sizes


      Code (inc. data)   RO Data    RW Data    ZI Data      Debug   Object Name

        70          6          0          0          0       5240   ahrs_middleware.o
      2158         32         18         44          0      10907   bmi088driver.o
       108         28          0          0          0       4732   bmi088middleware.o
        32         10          0          0          0       1029   bsp_buzzer.o
        88          8          0          0          0        602   bsp_can.o
        36         10          0          0          0        595   bsp_delay.o
        60          8          0          8          0        636   bsp_led.o
       168         52          0          0          0       3017   bsp_push_rog.o
        96         12          0          0          0       1058   bsp_rc.o
      4964         74          0          0          0     610718   bsp_spi.o
       320         44          0          0          0       3141   bsp_usart.o
       144         10         12          8          0       1762   buzzer_task.o
       388         42          0          4         80       2618   can.o
        36          6          0          1          0       1430   can_receive.o
         8          0          0          0          0        515   car_task.o
       130          0          0          0          0      23183   cmsis_os.o
       480         38         30         12        216       4057   detect_task.o
       156          4          0          0          0        914   dma.o
         0          0          0          0          0      16752   event_groups.o
       256         12        384         40        596       2882   freertos.o
       424         26          0          0          0       1259   gpio.o
       504         32          0         32      15360       7775   heap_4.o
       200         32          0          0         84       1833   i2c.o
      1924        104          0        160        212      15377   ins_task.o
       212         10         12          0          0       2626   ist8310driver.o
       140         28          0          0          0       5143   ist8310driver_middleware.o
       188         14          0          0         20       1852   key_task.o
       280          8          0         28          0       1708   led_task.o
       144          0          0          0          0       3758   list.o
       368         32          0          0          0     766060   main.o
       814         92          0         12          0      12321   port.o
       780         42          0          4        124       4257   remote_receive.o
       702         32          0          4          0       8429   scs.o
       314         38          0          0         15       6274   scscl.o
       102         22          0          1        128       3133   scserail.o
       264         22          0          2        312       3560   servo_receive.o
       324         34          0          0        280       2023   spi.o
        36          8        392          0       1024        864   startup_stm32f407xx.o
        80         14          0         12          0       8242   stm32f4xx_hal.o
      1450          6          0          0          0      13716   stm32f4xx_hal_can.o
       158         14          0          0          0      33174   stm32f4xx_hal_cortex.o
       752         16          8          0          0       4208   stm32f4xx_hal_dma.o
       540         52          0          0          0       3618   stm32f4xx_hal_gpio.o
      2294         52          0          0          0      13526   stm32f4xx_hal_i2c.o
        56          4          0          0          0        922   stm32f4xx_hal_msp.o
      2214         12          0          0          0      10758   stm32f4xx_hal_pcd.o
         2          0          0          0          0        985   stm32f4xx_hal_pcd_ex.o
      1424         92          0          0          0       6593   stm32f4xx_hal_rcc.o
       976         14          0          0          0       5037   stm32f4xx_hal_spi.o
      2102        168          0          0          0      18407   stm32f4xx_hal_tim.o
       232         28          0          0          0       3441   stm32f4xx_hal_tim_ex.o
       152         20          0          0         72       1559   stm32f4xx_hal_timebase_tim.o
       368         10          0          0          0       2124   stm32f4xx_hal_uart.o
       132         48          0          0          0       8929   stm32f4xx_it.o
      1696         90          0          0          0      16222   stm32f4xx_ll_usb.o
         0          0          0          0          0        416   stream_buffer.o
        16          4         24          4          0       1211   system_stm32f4xx.o
      2326        200          0         60        240      28961   tasks.o
        84          6          0          8          0       2370   test_task.o
      1128         92          0          0        288       5267   tim.o
       474         30          0          0         20       4973   transform_task.o
       784         80          0          0        696       3815   usart.o
         0          0          0          0        732       2090   usb_device.o
        64         20          0          4        256       1483   usb_task.o
       116          4          0         83          0       4436   usbd_cdc.o
        44          4          0          0          0       1161   usbd_cdc_if.o
       376          4          0          0       1796      13622   usbd_conf.o
       874          0          0          0          0      13267   usbd_core.o
      1816         28          0          1          0      16899   usbd_ctlreq.o
       102          0          0          0          0       3968   usbd_ioreq.o

    ----------------------------------------------------------------------
     40322       2084        916        536      22556    1799440   Object Totals
         0          0         32          0          0          0   (incl. Generated)
        72          0          4          4          5          0   (incl. Padding)

    ----------------------------------------------------------------------

      Code (inc. data)   RO Data    RW Data    ZI Data      Debug   Library Member Name

      2718         84         12         16          0       9922   ahrs.o
         0          0       2052          0          0       4636   arm_common_tables.o
       120         12          0          0          0      16970   arm_cos_f32.o
       116         12          0          0          0        658   arm_sin_f32.o
       300         42          0          0          0        176   asinf.o
       592         90          0          0          0        184   atan2f.o
        38          0          0          0          0        116   fpclassifyf.o
        44         12          0          0          0        464   funder.o
       120          0          0          0          0        272   sqrtf_full.o
        86          0          0          0          0          0   __dczerorl2.o
         0          0          0          0          0          0   entry.o
         0          0          0          0          0          0   entry10a.o
         0          0          0          0          0          0   entry11a.o
         8          4          0          0          0          0   entry2.o
         4          0          0          0          0          0   entry5.o
         0          0          0          0          0          0   entry7b.o
         0          0          0          0          0          0   entry8b.o
         8          4          0          0          0          0   entry9a.o
        12          6          0          4          0         68   errno.o
        30          0          0          0          0          0   handlers.o
        36          8          0          0          0         68   init.o
         0          0          0          0          0          0   iusefp.o
        30          0          0          0          0         68   llshl.o
        36          0          0          0          0         68   llsshr.o
        32          0          0          0          0         68   llushr.o
        36          0          0          0          0         68   memcpya.o
        36          0          0          0          0        108   memseta.o
      2272         86          0          0          0        516   printfa.o
        14          0          0          0          0         68   strlen.o
        44          0          0          0          0         80   uidiv.o
        98          0          0          0          0         92   uldiv.o
        48          0          0          0          0         68   cdrcmple.o
       334          0          0          0          0        148   dadd.o
       222          0          0          0          0        100   ddiv.o
       186          0          0          0          0        176   depilogue.o
        48          0          0          0          0         68   dfixul.o
       228          0          0          0          0         96   dmul.o

    ----------------------------------------------------------------------
      7910        360       2064         20          0      35326   Library Totals
        14          0          0          0          0          0   (incl. Padding)

    ----------------------------------------------------------------------

      Code (inc. data)   RO Data    RW Data    ZI Data      Debug   Library Name

      2718         84         12         16          0       9922   AHRS.lib
       236         24       2052          0          0      22264   arm_cortexM4lf_math.lib
      1094        144          0          0          0       1212   m_wm.l
      2782        108          0          4          0       1272   mc_w.l
      1066          0          0          0          0        656   mf_w.l

    ----------------------------------------------------------------------
      7910        360       2064         20          0      35326   Library Totals

    ----------------------------------------------------------------------

==============================================================================


      Code (inc. data)   RO Data    RW Data    ZI Data      Debug   

     48232       2444       2980        556      22556    1796414   Grand Totals
     48232       2444       2980        196      22556    1796414   ELF Image Totals (compressed)
     48232       2444       2980        196          0          0   ROM Totals

==============================================================================

    Total RO  Size (Code + RO Data)                51212 (  50.01kB)
    Total RW  Size (RW Data + ZI Data)             23112 (  22.57kB)
    Total ROM Size (Code + RO Data + RW Data)      51408 (  50.20kB)

==============================================================================

