Component: ARM Compiler 5.06 update 5 (build 528) Tool: armlink [4d35e2]

==============================================================================

Section Cross References

    startup_stm32f407xx.o(RESET) refers to startup_stm32f407xx.o(STACK) for __initial_sp
    startup_stm32f407xx.o(RESET) refers to startup_stm32f407xx.o(.text) for Reset_Handler
    startup_stm32f407xx.o(RESET) refers to stm32f4xx_it.o(i.NMI_Handler) for NMI_Handler
    startup_stm32f407xx.o(RESET) refers to stm32f4xx_it.o(i.HardFault_Handler) for HardFault_Handler
    startup_stm32f407xx.o(RESET) refers to stm32f4xx_it.o(i.MemManage_Handler) for MemManage_Handler
    startup_stm32f407xx.o(RESET) refers to stm32f4xx_it.o(i.BusFault_Handler) for BusFault_Handler
    startup_stm32f407xx.o(RESET) refers to stm32f4xx_it.o(i.UsageFault_Handler) for UsageFault_Handler
    startup_stm32f407xx.o(RESET) refers to port.o(.emb_text) for SVC_Handler
    startup_stm32f407xx.o(RESET) refers to stm32f4xx_it.o(i.DebugMon_Handler) for DebugMon_Handler
    startup_stm32f407xx.o(RESET) refers to port.o(i.SysTick_Handler) for SysTick_Handler
    startup_stm32f407xx.o(RESET) refers to stm32f4xx_it.o(i.EXTI0_IRQHandler) for EXTI0_IRQHandler
    startup_stm32f407xx.o(RESET) refers to stm32f4xx_it.o(i.EXTI3_IRQHandler) for EXTI3_IRQHandler
    startup_stm32f407xx.o(RESET) refers to stm32f4xx_it.o(i.EXTI4_IRQHandler) for EXTI4_IRQHandler
    startup_stm32f407xx.o(RESET) refers to stm32f4xx_it.o(i.CAN1_RX0_IRQHandler) for CAN1_RX0_IRQHandler
    startup_stm32f407xx.o(RESET) refers to stm32f4xx_it.o(i.EXTI9_5_IRQHandler) for EXTI9_5_IRQHandler
    startup_stm32f407xx.o(RESET) refers to remote_receive.o(i.USART3_IRQHandler) for USART3_IRQHandler
    startup_stm32f407xx.o(RESET) refers to stm32f4xx_it.o(i.TIM6_DAC_IRQHandler) for TIM6_DAC_IRQHandler
    startup_stm32f407xx.o(RESET) refers to stm32f4xx_it.o(i.DMA2_Stream1_IRQHandler) for DMA2_Stream1_IRQHandler
    startup_stm32f407xx.o(RESET) refers to ins_task.o(i.DMA2_Stream2_IRQHandler) for DMA2_Stream2_IRQHandler
    startup_stm32f407xx.o(RESET) refers to stm32f4xx_it.o(i.CAN2_RX0_IRQHandler) for CAN2_RX0_IRQHandler
    startup_stm32f407xx.o(RESET) refers to stm32f4xx_it.o(i.OTG_FS_IRQHandler) for OTG_FS_IRQHandler
    startup_stm32f407xx.o(RESET) refers to stm32f4xx_it.o(i.DMA2_Stream6_IRQHandler) for DMA2_Stream6_IRQHandler
    startup_stm32f407xx.o(RESET) refers to stm32f4xx_it.o(i.DMA2_Stream7_IRQHandler) for DMA2_Stream7_IRQHandler
    startup_stm32f407xx.o(.text) refers to system_stm32f4xx.o(i.SystemInit) for SystemInit
    startup_stm32f407xx.o(.text) refers to entry.o(.ARM.Collect$$$$00000000) for __main
    main.o(i.HAL_TIM_PeriodElapsedCallback) refers to stm32f4xx_hal.o(i.HAL_IncTick) for HAL_IncTick
    main.o(i.SystemClock_Config) refers to memseta.o(.text) for __aeabi_memclr4
    main.o(i.SystemClock_Config) refers to stm32f4xx_hal_rcc.o(i.HAL_RCC_OscConfig) for HAL_RCC_OscConfig
    main.o(i.SystemClock_Config) refers to stm32f4xx_hal_rcc.o(i.HAL_RCC_ClockConfig) for HAL_RCC_ClockConfig
    main.o(i.main) refers to stm32f4xx_hal.o(i.HAL_Init) for HAL_Init
    main.o(i.main) refers to main.o(i.SystemClock_Config) for SystemClock_Config
    main.o(i.main) refers to gpio.o(i.MX_GPIO_Init) for MX_GPIO_Init
    main.o(i.main) refers to dma.o(i.MX_DMA_Init) for MX_DMA_Init
    main.o(i.main) refers to spi.o(i.MX_SPI1_Init) for MX_SPI1_Init
    main.o(i.main) refers to i2c.o(i.MX_I2C3_Init) for MX_I2C3_Init
    main.o(i.main) refers to usart.o(i.MX_USART3_UART_Init) for MX_USART3_UART_Init
    main.o(i.main) refers to tim.o(i.MX_TIM4_Init) for MX_TIM4_Init
    main.o(i.main) refers to can.o(i.MX_CAN1_Init) for MX_CAN1_Init
    main.o(i.main) refers to can.o(i.MX_CAN2_Init) for MX_CAN2_Init
    main.o(i.main) refers to usart.o(i.MX_USART1_UART_Init) for MX_USART1_UART_Init
    main.o(i.main) refers to tim.o(i.MX_TIM5_Init) for MX_TIM5_Init
    main.o(i.main) refers to tim.o(i.MX_TIM8_Init) for MX_TIM8_Init
    main.o(i.main) refers to usart.o(i.MX_USART6_UART_Init) for MX_USART6_UART_Init
    main.o(i.main) refers to tim.o(i.MX_TIM1_Init) for MX_TIM1_Init
    main.o(i.main) refers to stm32f4xx_hal_tim.o(i.HAL_TIM_Base_Start) for HAL_TIM_Base_Start
    main.o(i.main) refers to stm32f4xx_hal_tim.o(i.HAL_TIM_PWM_Start) for HAL_TIM_PWM_Start
    main.o(i.main) refers to remote_receive.o(i.remote_receive_init) for remote_receive_init
    main.o(i.main) refers to bsp_usart.o(i.usart1_tx_dma_init) for usart1_tx_dma_init
    main.o(i.main) refers to bsp_can.o(i.can_filter_init) for can_filter_init
    main.o(i.main) refers to freertos.o(i.MX_FREERTOS_Init) for MX_FREERTOS_Init
    main.o(i.main) refers to cmsis_os.o(i.osKernelStart) for osKernelStart
    main.o(i.main) refers to tim.o(.bss) for htim4
    gpio.o(i.MX_GPIO_Init) refers to memseta.o(.text) for __aeabi_memclr4
    gpio.o(i.MX_GPIO_Init) refers to stm32f4xx_hal_gpio.o(i.HAL_GPIO_WritePin) for HAL_GPIO_WritePin
[...]
    SPI1_DMA_init                            0x08006731   Thumb Code   216  bsp_spi.o(i.SPI1_DMA_init)
    SysTick_Handler                          0x08006945   Thumb Code    38  port.o(i.SysTick_Handler)
    SystemClock_Config                       0x08006971   Thumb Code   140  main.o(i.SystemClock_Config)
    SystemInit                               0x08006a05   Thumb Code    12  system_stm32f4xx.o(i.SystemInit)
    TIM6_DAC_IRQHandler                      0x08006a15   Thumb Code     6  stm32f4xx_it.o(i.TIM6_DAC_IRQHandler)
    TIM_Base_SetConfig                       0x08006a21   Thumb Code   170  stm32f4xx_hal_tim.o(i.TIM_Base_SetConfig)
    TIM_CCxChannelCmd                        0x08006af9   Thumb Code    26  stm32f4xx_hal_tim.o(i.TIM_CCxChannelCmd)
    TIM_ETR_SetConfig                        0x08006b13   Thumb Code    20  stm32f4xx_hal_tim.o(i.TIM_ETR_SetConfig)
    TIM_OC2_SetConfig                        0x08006b99   Thumb Code    98  stm32f4xx_hal_tim.o(i.TIM_OC2_SetConfig)
    USART3_IRQHandler                        0x08006ed1   Thumb Code   162  remote_receive.o(i.USART3_IRQHandler)
    USBD_CDC_SetTxBuffer                     0x08006f8d   Thumb Code    32  usbd_cdc.o(i.USBD_CDC_SetTxBuffer)
    USBD_CDC_TransmitPacket                  0x08006fad   Thumb Code    80  usbd_cdc.o(i.USBD_CDC_TransmitPacket)
    USBD_ClrClassConfig                      0x08007001   Thumb Code    20  usbd_core.o(i.USBD_ClrClassConfig)
    USBD_CoreFindEP                          0x0800703b   Thumb Code     4  usbd_core.o(i.USBD_CoreFindEP)
    USBD_CoreFindIF                          0x0800703f   Thumb Code     4  usbd_core.o(i.USBD_CoreFindIF)
    USBD_CtlContinueRx                       0x08007043   Thumb Code    16  usbd_ioreq.o(i.USBD_CtlContinueRx)
    USBD_CtlContinueSendData                 0x08007053   Thumb Code    16  usbd_ioreq.o(i.USBD_CtlContinueSendData)
    USBD_CtlError                            0x08007063   Thumb Code    24  usbd_ctlreq.o(i.USBD_CtlError)
    USBD_CtlReceiveStatus                    0x0800707b   Thumb Code    22  usbd_ioreq.o(i.USBD_CtlReceiveStatus)
    USBD_CtlSendData                         0x08007091   Thumb Code    26  usbd_ioreq.o(i.USBD_CtlSendData)
    USBD_CtlSendStatus                       0x080070ab   Thumb Code    22  usbd_ioreq.o(i.USBD_CtlSendStatus)
    USBD_Get_USB_Status                      0x080072df   Thumb Code    36  usbd_conf.o(i.USBD_Get_USB_Status)
    USBD_LL_ClearStallEP                     0x08007303   Thumb Code    18  usbd_conf.o(i.USBD_LL_ClearStallEP)
    USBD_LL_DataInStage                      0x08007315   Thumb Code   220  usbd_core.o(i.USBD_LL_DataInStage)
    USBD_LL_DataOutStage                     0x080073f1   Thumb Code   208  usbd_core.o(i.USBD_LL_DataOutStage)
    USBD_LL_DevConnected                     0x080074c1   Thumb Code     4  usbd_core.o(i.USBD_LL_DevConnected)
    USBD_LL_DevDisconnected                  0x080074c5   Thumb Code    32  usbd_core.o(i.USBD_LL_DevDisconnected)
    USBD_LL_IsStallEP                        0x080074e5   Thumb Code    32  usbd_conf.o(i.USBD_LL_IsStallEP)
    USBD_LL_IsoINIncomplete                  0x08007505   Thumb Code    42  usbd_core.o(i.USBD_LL_IsoINIncomplete)
    USBD_LL_IsoOUTIncomplete                 0x0800752f   Thumb Code    42  usbd_core.o(i.USBD_LL_IsoOUTIncomplete)
    USBD_LL_OpenEP                           0x08007559   Thumb Code    24  usbd_conf.o(i.USBD_LL_OpenEP)
    USBD_LL_PrepareReceive                   0x08007571   Thumb Code    18  usbd_conf.o(i.USBD_LL_PrepareReceive)
    USBD_LL_Reset                            0x08007583   Thumb Code    96  usbd_core.o(i.USBD_LL_Reset)
    USBD_LL_Resume                           0x080075e3   Thumb Code    20  usbd_core.o(i.USBD_LL_Resume)
    USBD_LL_SOF                              0x080075f7   Thumb Code    26  usbd_core.o(i.USBD_LL_SOF)
    USBD_LL_SetSpeed                         0x08007611   Thumb Code     6  usbd_core.o(i.USBD_LL_SetSpeed)
    USBD_LL_SetUSBAddress                    0x08007617   Thumb Code    18  usbd_conf.o(i.USBD_LL_SetUSBAddress)
    USBD_LL_SetupStage                       0x08007629   Thumb Code   100  usbd_core.o(i.USBD_LL_SetupStage)
    USBD_LL_StallEP                          0x0800768d   Thumb Code    18  usbd_conf.o(i.USBD_LL_StallEP)
    USBD_LL_Suspend                          0x0800769f   Thumb Code    26  usbd_core.o(i.USBD_LL_Suspend)
    USBD_LL_Transmit                         0x080076b9   Thumb Code    18  usbd_conf.o(i.USBD_LL_Transmit)
    USBD_ParseSetupRequest                   0x080076cb   Thumb Code    50  usbd_ctlreq.o(i.USBD_ParseSetupRequest)
    USBD_RunTestMode                         0x080076fd   Thumb Code     4  usbd_core.o(i.USBD_RunTestMode)
    USBD_SetClassConfig                      0x08007759   Thumb Code    20  usbd_core.o(i.USBD_SetClassConfig)
    USBD_StdDevReq                           0x0800786d   Thumb Code   118  usbd_ctlreq.o(i.USBD_StdDevReq)
    USBD_StdEPReq                            0x080078e3   Thumb Code   558  usbd_ctlreq.o(i.USBD_StdEPReq)
    USBD_StdItfReq                           0x08007b11   Thumb Code   142  usbd_ctlreq.o(i.USBD_StdItfReq)
    USB_ActivateEndpoint                     0x08007ba1   Thumb Code   122  stm32f4xx_ll_usb.o(i.USB_ActivateEndpoint)
    USB_ActivateSetup                        0x08007c21   Thumb Code    28  stm32f4xx_ll_usb.o(i.USB_ActivateSetup)
    USB_EP0_OutStart                         0x08007c3d   Thumb Code    84  stm32f4xx_ll_usb.o(i.USB_EP0_OutStart)
    USB_EPClearStall                         0x08007c95   Thumb Code    88  stm32f4xx_ll_usb.o(i.USB_EPClearStall)
    USB_EPSetStall                           0x08007ced   Thumb Code    88  stm32f4xx_ll_usb.o(i.USB_EPSetStall)
    USB_EPStartXfer                          0x08007d45   Thumb Code   562  stm32f4xx_ll_usb.o(i.USB_EPStartXfer)
    USB_EPStopXfer                           0x08007f7d   Thumb Code   158  stm32f4xx_ll_usb.o(i.USB_EPStopXfer)
    USB_FlushTxFifo                          0x0800801b   Thumb Code    60  stm32f4xx_ll_usb.o(i.USB_FlushTxFifo)
    USB_GetDevSpeed                          0x08008057   Thumb Code    26  stm32f4xx_ll_usb.o(i.USB_GetDevSpeed)
    USB_GetMode                              0x08008071   Thumb Code     8  stm32f4xx_ll_usb.o(i.USB_GetMode)
    USB_ReadDevAllInEpInterrupt              0x08008079   Thumb Code    14  stm32f4xx_ll_usb.o(i.USB_ReadDevAllInEpInterrupt)
    USB_ReadDevAllOutEpInterrupt             0x08008087   Thumb Code    14  stm32f4xx_ll_usb.o(i.USB_ReadDevAllOutEpInterrupt)
    USB_ReadDevInEPInterrupt                 0x08008095   Thumb Code    36  stm32f4xx_ll_usb.o(i.USB_ReadDevInEPInterrupt)
    USB_ReadDevOutEPInterrupt                0x080080b9   Thumb Code    16  stm32f4xx_ll_usb.o(i.USB_ReadDevOutEPInterrupt)
    USB_ReadInterrupts                       0x080080c9   Thumb Code     8  stm32f4xx_ll_usb.o(i.USB_ReadInterrupts)
    USB_ReadPacket                           0x080080d1   Thumb Code    62  stm32f4xx_ll_usb.o(i.USB_ReadPacket)
    USB_SetDevAddress                        0x0800810f   Thumb Code    34  stm32f4xx_ll_usb.o(i.USB_SetDevAddress)
    USB_SetTurnaroundTime                    0x08008131   Thumb Code   158  stm32f4xx_ll_usb.o(i.USB_SetTurnaroundTime)
    USB_WritePacket                          0x08008219   Thumb Code    40  stm32f4xx_ll_usb.o(i.USB_WritePacket)
    UsageFault_Handler                       0x08008241   Thumb Code     2  stm32f4xx_it.o(i.UsageFault_Handler)
    __0vsprintf                              0x08008245   Thumb Code    30  printfa.o(i.__0vsprintf)
    __1vsprintf                              0x08008245   Thumb Code     0  printfa.o(i.__0vsprintf)
    __2vsprintf                              0x08008245   Thumb Code     0  printfa.o(i.__0vsprintf)
    __c89vsprintf                            0x08008245   Thumb Code     0  printfa.o(i.__0vsprintf)
    vsprintf                                 0x08008245   Thumb Code     0  printfa.o(i.__0vsprintf)
    __ARM_fpclassifyf                        0x08008269   Thumb Code    38  fpclassifyf.o(i.__ARM_fpclassifyf)
    __hardfp_asinf                           0x080082b1   Thumb Code   258  asinf.o(i.__hardfp_asinf)
    __hardfp_atan2f                          0x080083dd   Thumb Code   502  atan2f.o(i.__hardfp_atan2f)
    __hardfp_sqrtf                           0x0800862d   Thumb Code    58  sqrtf_full.o(i.__hardfp_sqrtf)
    __mathlib_flt_infnan                     0x08008667   Thumb Code     6  funder.o(i.__mathlib_flt_infnan)
    __mathlib_flt_infnan2                    0x0800866d   Thumb Code     6  funder.o(i.__mathlib_flt_infnan2)
    __mathlib_flt_invalid                    0x08008675   Thumb Code    10  funder.o(i.__mathlib_flt_invalid)
    __mathlib_flt_underflow                  0x08008685   Thumb Code    10  funder.o(i.__mathlib_flt_underflow)
    __scatterload_copy                       0x08008695   Thumb Code    14  handlers.o(i.__scatterload_copy)
    __scatterload_null                       0x080086a3   Thumb Code     2  handlers.o(i.__scatterload_null)
    __scatterload_zeroinit                   0x080086a5   Thumb Code    14  handlers.o(i.__scatterload_zeroinit)
    __set_errno                              0x080086b5   Thumb Code     6  errno.o(i.__set_errno)
    aRGB_led_show                            0x08008f7d   Thumb Code    52  bsp_led.o(i.aRGB_led_show)
    bmi088_accel_init                        0x080094ed   Thumb Code   292  bmi088driver.o(i.bmi088_accel_init)
    bmi088_accel_self_test                   0x08009615   Thumb Code   698  bmi088driver.o(i.bmi088_accel_self_test)
    bmi088_gyro_init                         0x080098d5   Thumb Code   214  bmi088driver.o(i.bmi088_gyro_init)
    bmi088_gyro_self_test                    0x080099b1   Thumb Code   202  bmi088driver.o(i.bmi088_gyro_self_test)
    buzzer_off                               0x08009a7d   Thumb Code    10  bsp_buzzer.o(i.buzzer_off)
    buzzer_on                                0x08009a8d   Thumb Code    12  bsp_buzzer.o(i.buzzer_on)
    buzzer_task                              0x08009a9d   Thumb Code   134  buzzer_task.o(i.buzzer_task)
    can_filter_init                          0x08009b2d   Thumb Code    80  bsp_can.o(i.can_filter_init)
    car_task                                 0x08009b85   Thumb Code     8  car_task.o(i.car_task)
    delay_us                                 0x08009bc5   Thumb Code    26  bsp_delay.o(i.delay_us)
    detect_hook                              0x08009be9   Thumb Code    74  detect_task.o(i.detect_hook)
    detect_task                              0x08009cb1   Thumb Code   236  detect_task.o(i.detect_task)
    elongate_left_push_rog                   0x08009da9   Thumb Code    28  bsp_push_rog.o(i.elongate_left_push_rog)
    elongate_right_push_rog                  0x08009dc9   Thumb Code    30  bsp_push_rog.o(i.elongate_right_push_rog)
    ft_protocol_gen_write                    0x08009ded   Thumb Code    44  ft_servo_protocol.o(i.ft_protocol_gen_write)
    ft_protocol_host2scs                     0x08009e19   Thumb Code    26  ft_servo_protocol.o(i.ft_protocol_host2scs)
    ft_protocol_init                         0x08009e39   Thumb Code    16  ft_servo_protocol.o(i.ft_protocol_init)
    ft_protocol_read                         0x08009e4d   Thumb Code   200  ft_servo_protocol.o(i.ft_protocol_read)
    ft_protocol_read_byte                    0x08009f19   Thumb Code    26  ft_servo_protocol.o(i.ft_protocol_read_byte)
    ft_protocol_read_word                    0x08009f33   Thumb Code    36  ft_servo_protocol.o(i.ft_protocol_read_word)
    ft_protocol_scs2host                     0x08009f59   Thumb Code    20  ft_servo_protocol.o(i.ft_protocol_scs2host)
    ft_protocol_write_byte                   0x08009f71   Thumb Code    42  ft_servo_protocol.o(i.ft_protocol_write_byte)
    ft_servo_app_init                        0x08009f9d   Thumb Code    22  ft_servo_app.o(i.ft_servo_app_init)
    ft_servo_app_read_current                0x08009fb9   Thumb Code    46  ft_servo_app.o(i.ft_servo_app_read_current)
    ft_servo_app_read_load                   0x08009fed   Thumb Code    46  ft_servo_app.o(i.ft_servo_app_read_load)
    ft_servo_app_read_move                   0x0800a021   Thumb Code    16  ft_servo_app.o(i.ft_servo_app_read_move)
    ft_servo_app_read_pos                    0x0800a035   Thumb Code    46  ft_servo_app.o(i.ft_servo_app_read_pos)
    ft_servo_app_read_speed                  0x0800a069   Thumb Code    46  ft_servo_app.o(i.ft_servo_app_read_speed)
    ft_servo_app_read_temperature            0x0800a09d   Thumb Code    16  ft_servo_app.o(i.ft_servo_app_read_temperature)
    ft_servo_app_read_voltage                0x0800a0b1   Thumb Code    16  ft_servo_app.o(i.ft_servo_app_read_voltage)
    ft_servo_app_torque_enable               0x0800a0c5   Thumb Code     8  ft_servo_app.o(i.ft_servo_app_torque_enable)
    ft_servo_app_write_pos                   0x0800a0cd   Thumb Code    68  ft_servo_app.o(i.ft_servo_app_write_pos)
    ft_servo_hw_flush_rx                     0x0800a111   Thumb Code     4  ft_servo_hw.o(i.ft_servo_hw_flush_rx)
    ft_servo_hw_flush_tx                     0x0800a115   Thumb Code    22  ft_servo_hw.o(i.ft_servo_hw_flush_tx)
    ft_servo_hw_init                         0x0800a135   Thumb Code    14  ft_servo_hw.o(i.ft_servo_hw_init)
    ft_servo_hw_read                         0x0800a149   Thumb Code     4  ft_servo_hw.o(i.ft_servo_hw_read)
    ft_servo_hw_write                        0x0800a14d   Thumb Code    34  ft_servo_hw.o(i.ft_servo_hw_write)
    ft_servo_uart_delay                      0x0800a179   Thumb Code     6  ft_servo_uart.o(i.ft_servo_uart_delay)
    ft_servo_uart_init                       0x0800a181   Thumb Code    28  ft_servo_uart.o(i.ft_servo_uart_init)
    ft_servo_uart_receive                    0x0800a1a1   Thumb Code    28  ft_servo_uart.o(i.ft_servo_uart_receive)
    ft_servo_uart_send                       0x0800a1c1   Thumb Code    28  ft_servo_uart.o(i.ft_servo_uart_send)
    get_angle                                0x0800a1e1   Thumb Code   232  ahrs.o(i.get_angle)
    get_error_list_point                     0x0800a2c9   Thumb Code     4  detect_task.o(i.get_error_list_point)
    get_key_data_point                       0x0800a2d1   Thumb Code     4  key_task.o(i.get_key_data_point)
    get_remote_ch_point                      0x0800a2d9   Thumb Code     4  remote_receive.o(i.get_remote_ch_point)
    get_servo_measure_point                  0x0800a2e1   Thumb Code    22  servo_receive.o(i.get_servo_measure_point)
    ist8310_GPIO_init                        0x0800a4f9   Thumb Code     2  ist8310driver_middleware.o(i.ist8310_GPIO_init)
    ist8310_IIC_read_muli_reg                0x0800a4fd   Thumb Code    22  ist8310driver_middleware.o(i.ist8310_IIC_read_muli_reg)
    ist8310_IIC_read_single_reg              0x0800a519   Thumb Code    32  ist8310driver_middleware.o(i.ist8310_IIC_read_single_reg)
    ist8310_IIC_write_single_reg             0x0800a53d   Thumb Code    30  ist8310driver_middleware.o(i.ist8310_IIC_write_single_reg)
    ist8310_RST_H                            0x0800a561   Thumb Code    10  ist8310driver_middleware.o(i.ist8310_RST_H)
    ist8310_RST_L                            0x0800a571   Thumb Code    10  ist8310driver_middleware.o(i.ist8310_RST_L)
    ist8310_com_init                         0x0800a581   Thumb Code     2  ist8310driver_middleware.o(i.ist8310_com_init)
    ist8310_delay_ms                         0x0800a583   Thumb Code     4  ist8310driver_middleware.o(i.ist8310_delay_ms)
    ist8310_init                             0x0800a589   Thumb Code   122  ist8310driver.o(i.ist8310_init)
    ist8310_read_mag                         0x0800a609   Thumb Code    80  ist8310driver.o(i.ist8310_read_mag)
    key_task                                 0x0800a65d   Thumb Code   170  key_task.o(i.key_task)
    led_task                                 0x0800a711   Thumb Code   272  led_task.o(i.led_task)
    left_push_rog_off                        0x0800a829   Thumb Code    28  bsp_push_rog.o(i.left_push_rog_off)
    main                                     0x0800a849   Thumb Code   162  main.o(i.main)
    osDelay                                  0x0800a909   Thumb Code    16  cmsis_os.o(i.osDelay)
    osKernelStart                            0x0800a919   Thumb Code    10  cmsis_os.o(i.osKernelStart)
    osThreadCreate                           0x0800a923   Thumb Code    92  cmsis_os.o(i.osThreadCreate)
    pcTaskGetName                            0x0800a981   Thumb Code    30  tasks.o(i.pcTaskGetName)
    pvPortMalloc                             0x0800add5   Thumb Code   224  heap_4.o(i.pvPortMalloc)
    pxPortInitialiseStack                    0x0800aebd   Thumb Code    38  port.o(i.pxPortInitialiseStack)
    remote_receive_init                      0x0800af6d   Thumb Code    28  remote_receive.o(i.remote_receive_init)
    right_push_rog_off                       0x0800af8d   Thumb Code    32  bsp_push_rog.o(i.right_push_rog_off)
    servo_receive_task                       0x0800b181   Thumb Code    92  servo_receive.o(i.servo_receive_task)
    shorten_left_push_rog                    0x0800b1e5   Thumb Code    28  bsp_push_rog.o(i.shorten_left_push_rog)
    shorten_right_push_rog                   0x0800b205   Thumb Code    30  bsp_push_rog.o(i.shorten_right_push_rog)
    sqrtf                                    0x0800b229   Thumb Code    62  sqrtf_full.o(i.sqrtf)
    test_task                                0x0800b269   Thumb Code   108  test_task.o(i.test_task)
    toe_is_error                             0x0800b2d9   Thumb Code    18  detect_task.o(i.toe_is_error)
    transform_task                           0x0800b48d   Thumb Code    94  transform_task.o(i.transform_task)
    ulTaskNotifyTake                         0x0800b4f1   Thumb Code    96  tasks.o(i.ulTaskNotifyTake)
    usart1_tx_dma_init                       0x0800b5d5   Thumb Code    60  bsp_usart.o(i.usart1_tx_dma_init)
    usb_task                                 0x0800b61d   Thumb Code    44  usb_task.o(i.usb_task)
    uxListRemove                             0x0800b65d   Thumb Code    38  list.o(i.uxListRemove)
    uxTaskGetStackHighWaterMark              0x0800b685   Thumb Code    14  tasks.o(i.uxTaskGetStackHighWaterMark)
    vApplicationGetIdleTaskMemory            0x0800b699   Thumb Code    16  freertos.o(i.vApplicationGetIdleTaskMemory)
    vListInitialise                          0x0800b6ad   Thumb Code    22  list.o(i.vListInitialise)
    vListInitialiseItem                      0x0800b6c3   Thumb Code     6  list.o(i.vListInitialiseItem)
    vListInsert                              0x0800b6c9   Thumb Code    54  list.o(i.vListInsert)
    vListInsertEnd                           0x0800b6ff   Thumb Code    24  list.o(i.vListInsertEnd)
    vPortEnterCritical                       0x0800b719   Thumb Code    54  port.o(i.vPortEnterCritical)
    vPortExitCritical                        0x0800b759   Thumb Code    38  port.o(i.vPortExitCritical)
    vPortFree                                0x0800b785   Thumb Code    94  heap_4.o(i.vPortFree)
    vPortSetupTimerInterrupt                 0x0800b7e9   Thumb Code    32  port.o(i.vPortSetupTimerInterrupt)
    vPortValidateInterruptPriority           0x0800b80d   Thumb Code    74  port.o(i.vPortValidateInterruptPriority)
    vTaskDelay                               0x0800b861   Thumb Code    70  tasks.o(i.vTaskDelay)
    vTaskNotifyGiveFromISR                   0x0800b8b1   Thumb Code   176  tasks.o(i.vTaskNotifyGiveFromISR)
    vTaskStartScheduler                      0x0800b96d   Thumb Code   120  tasks.o(i.vTaskStartScheduler)
    vTaskSuspendAll                          0x0800b9f5   Thumb Code    10  tasks.o(i.vTaskSuspendAll)
    vTaskSwitchContext                       0x0800ba05   Thumb Code    86  tasks.o(i.vTaskSwitchContext)
    xPortStartScheduler                      0x0800baf9   Thumb Code   232  port.o(i.xPortStartScheduler)
    xTaskCreate                              0x0800bbfd   Thumb Code   108  tasks.o(i.xTaskCreate)
    xTaskCreateStatic                        0x0800bc69   Thumb Code    96  tasks.o(i.xTaskCreateStatic)
    xTaskGetHandle                           0x0800bcc9   Thumb Code   124  tasks.o(i.xTaskGetHandle)
    xTaskGetSchedulerState                   0x0800bd55   Thumb Code    24  tasks.o(i.xTaskGetSchedulerState)
    xTaskGetTickCount                        0x0800bd71   Thumb Code     6  tasks.o(i.xTaskGetTickCount)
    xTaskIncrementTick                       0x0800bd7d   Thumb Code   202  tasks.o(i.xTaskIncrementTick)
    xTaskResumeAll                           0x0800be51   Thumb Code   190  tasks.o(i.xTaskResumeAll)
    AHBPrescTable                            0x0800c03c   Data          16  system_stm32f4xx.o(.constdata)
    APBPrescTable                            0x0800c04c   Data           8  system_stm32f4xx.o(.constdata)
    sinTable_f32                             0x0800c0ac   Data        2052  arm_common_tables.o(.constdata)
    Region$$Table$$Base                      0x0800c918   Number         0  anon$$obj.o(Region$$Table)
    Region$$Table$$Limit                     0x0800c938   Number         0  anon$$obj.o(Region$$Table)
    imuTaskHandle                            0x20000000   Data           4  freertos.o(.data)
    testTaskHandle                           0x20000004   Data           4  freertos.o(.data)
    buzzerTaskHandle                         0x20000008   Data           4  freertos.o(.data)
    ledTaskHandle                            0x2000000c   Data           4  freertos.o(.data)
    usbTaskHandle                            0x20000010   Data           4  freertos.o(.data)
    detectTaskHandle                         0x20000014   Data           4  freertos.o(.data)
    keyTaskHandle                            0x20000018   Data           4  freertos.o(.data)
    transformTaskHandle                      0x2000001c   Data           4  freertos.o(.data)
    carTaskHandle                            0x20000020   Data           4  freertos.o(.data)
    servoRxTaskHandle                        0x20000024   Data           4  freertos.o(.data)
    uwTickFreq                               0x2000002c   Data           1  stm32f4xx_hal.o(.data)
    uwTickPrio                               0x20000030   Data           4  stm32f4xx_hal.o(.data)
    uwTick                                   0x20000034   Data           4  stm32f4xx_hal.o(.data)
    SystemCoreClock                          0x20000038   Data           4  system_stm32f4xx.o(.data)
    pxCurrentTCB                             0x2000003c   Data           4  tasks.o(.data)
    BMI088_ACCEL_SEN                         0x200000ac   Data           4  bmi088driver.o(.data)
    BMI088_GYRO_SEN                          0x200000b0   Data           4  bmi088driver.o(.data)
    gyro_update_flag                         0x200000d8   Data           1  ins_task.o(.data)
    accel_update_flag                        0x200000d9   Data           1  ins_task.o(.data)
    accel_temp_update_flag                   0x200000da   Data           1  ins_task.o(.data)
    mag_update_flag                          0x200000db   Data           1  ins_task.o(.data)
    imu_start_dma_flag                       0x200000dc   Data           1  ins_task.o(.data)
    accel_temp_dma_tx_buf                    0x200000dd   Data           4  ins_task.o(.data)
    accel_temp_dma_rx_buf                    0x200000ec   Data           4  ins_task.o(.data)
    gyro_dma_tx_buf                          0x200000f0   Data           8  ins_task.o(.data)
    gyro_dma_rx_buf                          0x200000f8   Data           8  ins_task.o(.data)
    accel_dma_tx_buf                         0x20000100   Data           9  ins_task.o(.data)
    gyro_scale_factor                        0x2000010c   Data          36  ins_task.o(.data)
    accel_scale_factor                       0x20000130   Data          36  ins_task.o(.data)
    mag_scale_factor                         0x20000154   Data          36  ins_task.o(.data)
    test_short_press_cnt                     0x20000178   Data           1  test_task.o(.data)
    test_long_press_cnt                      0x20000179   Data           1  test_task.o(.data)
    key_data_point                           0x2000017c   Data           4  test_task.o(.data)
    RGB_flow_color                           0x20000180   Data          28  led_task.o(.data)
    error_list_test_local                    0x200001a0   Data           4  buzzer_task.o(.data)
    detect_task_stack                        0x200001b4   Data           4  detect_task.o(.data)
    hcan1                                    0x20000484   Data          40  can.o(.bss)
    hcan2                                    0x200004ac   Data          40  can.o(.bss)
    hi2c3                                    0x200004d4   Data          84  i2c.o(.bss)
    hspi1                                    0x20000528   Data          88  spi.o(.bss)
    hdma_spi1_rx                             0x20000580   Data          96  spi.o(.bss)
    hdma_spi1_tx                             0x200005e0   Data          96  spi.o(.bss)
    htim1                                    0x20000640   Data          72  tim.o(.bss)
    htim4                                    0x20000688   Data          72  tim.o(.bss)
    htim5                                    0x200006d0   Data          72  tim.o(.bss)
    htim8                                    0x20000718   Data          72  tim.o(.bss)
    huart1                                   0x20000760   Data          72  usart.o(.bss)
    huart3                                   0x200007a8   Data          72  usart.o(.bss)
    huart6                                   0x200007f0   Data          72  usart.o(.bss)
    hdma_usart1_tx                           0x20000838   Data          96  usart.o(.bss)
    hdma_usart3_rx                           0x20000898   Data          96  usart.o(.bss)
    hdma_usart6_rx                           0x200008f8   Data          96  usart.o(.bss)
    hdma_usart6_tx                           0x20000958   Data          96  usart.o(.bss)
    htim6                                    0x200009b8   Data          72  stm32f4xx_hal_timebase_tim.o(.bss)
    INS_angle                                0x20004748   Data          12  ins_task.o(.bss)
    accel_dma_rx_buf                         0x20004754   Data           9  ins_task.o(.bss)
    bmi088_real_data                         0x20004760   Data          36  ins_task.o(.bss)
    gyro_offset                              0x20004784   Data          12  ins_task.o(.bss)
    gyro_cali_offset                         0x20004790   Data          12  ins_task.o(.bss)
    accel_offset                             0x2000479c   Data          12  ins_task.o(.bss)
    ist8310_real_data                        0x200047a8   Data          16  ins_task.o(.bss)
    mag_offset                               0x200047b8   Data          12  ins_task.o(.bss)
    error_list                               0x200048c4   Data         216  detect_task.o(.bss)
    hUsbDeviceFS                             0x20004af4   Data         732  usb_device.o(.bss)
    hpcd_USB_OTG_FS                          0x20004ff0   Data        1252  usbd_conf.o(.bss)
    __initial_sp                             0x200058d8   Data           0  startup_stm32f407xx.o(STACK)



==============================================================================

Memory Map of the image

  Image Entry point : 0x08000189

  Load Region LR_IROM1 (Base: 0x08000000, Size: 0x0000cb68, Max: 0x00100000, ABSOLUTE, COMPRESSED[0x0000c9fc])

    Execution Region ER_IROM1 (Exec base: 0x08000000, Load base: 0x08000000, Size: 0x0000c938, Max: 0x00100000, ABSOLUTE)

    Exec Addr    Load Addr    Size         Type   Attr      Idx    E Section Name        Object

    0x08000000   0x08000000   0x00000188   Data   RO            3    RESET               startup_stm32f407xx.o
    0x08000188   0x08000188   0x00000000   Code   RO         9915  * .ARM.Collect$$$$00000000  mc_w.l(entry.o)
    0x08000188   0x08000188   0x00000004   Code   RO         9977    .ARM.Collect$$$$00000001  mc_w.l(entry2.o)
    0x0800018c   0x0800018c   0x00000004   Code   RO         9980    .ARM.Collect$$$$00000004  mc_w.l(entry5.o)
    0x08000190   0x08000190   0x00000000   Code   RO         9982    .ARM.Collect$$$$00000008  mc_w.l(entry7b.o)
    0x08000190   0x08000190   0x00000000   Code   RO         9984    .ARM.Collect$$$$0000000A  mc_w.l(entry8b.o)
    0x08000190   0x08000190   0x00000008   Code   RO         9985    .ARM.Collect$$$$0000000B  mc_w.l(entry9a.o)
    0x08000198   0x08000198   0x00000000   Code   RO         9987    .ARM.Collect$$$$0000000D  mc_w.l(entry10a.o)
    0x08000198   0x08000198   0x00000000   Code   RO         9989    .ARM.Collect$$$$0000000F  mc_w.l(entry11a.o)
    0x08000198   0x08000198   0x00000004   Code   RO         9978    .ARM.Collect$$$$00002712  mc_w.l(entry2.o)
    0x0800019c   0x0800019c   0x000000be   Code   RO         6295    .emb_text           port.o
    0x0800025a   0x0800025a   0x00000002   PAD
    0x0800025c   0x0800025c   0x00000024   Code   RO            4    .text               startup_stm32f407xx.o
    0x08000280   0x08000280   0x00000078   Code   RO         9699    .text               arm_cortexM4lf_math.lib(arm_cos_f32.o)
    0x080002f8   0x080002f8   0x00000074   Code   RO         9752    .text               arm_cortexM4lf_math.lib(arm_sin_f32.o)
    0x0800036c   0x0800036c   0x00000062   Code   RO         9918    .text               mc_w.l(uldiv.o)
    0x080003ce   0x080003ce   0x00000024   Code   RO         9920    .text               mc_w.l(memcpya.o)
    0x080003f2   0x080003f2   0x00000024   Code   RO         9924    .text               mc_w.l(memseta.o)
    0x08000416   0x08000416   0x0000000e   Code   RO         9926    .text               mc_w.l(strlen.o)
    0x08000424   0x08000424   0x0000002c   Code   RO         9994    .text               mc_w.l(uidiv.o)
    0x08000450   0x08000450   0x0000001e   Code   RO         9996    .text               mc_w.l(llshl.o)
    0x0800046e   0x0800046e   0x00000020   Code   RO         9998    .text               mc_w.l(llushr.o)
    0x0800048e   0x0800048e   0x00000000   Code   RO        10007    .text               mc_w.l(iusefp.o)
    0x0800048e   0x0800048e   0x0000014e   Code   RO        10008    .text               mf_w.l(dadd.o)
    0x080005dc   0x080005dc   0x000000e4   Code   RO        10010    .text               mf_w.l(dmul.o)
    0x080006c0   0x080006c0   0x000000de   Code   RO        10012    .text               mf_w.l(ddiv.o)
    0x0800079e   0x0800079e   0x00000030   Code   RO        10014    .text               mf_w.l(dfixul.o)
    0x080007ce   0x080007ce   0x00000002   PAD
    0x080007d0   0x080007d0   0x00000030   Code   RO        10016    .text               mf_w.l(cdrcmple.o)
    0x08000800   0x08000800   0x00000024   Code   RO        10020    .text               mc_w.l(init.o)
    0x08000824   0x08000824   0x00000024   Code   RO        10023    .text               mc_w.l(llsshr.o)
    0x08000848   0x08000848   0x000000ba   Code   RO        10028    .text               mf_w.l(depilogue.o)
    0x08000902   0x08000902   0x00000056   Code   RO        10038    .text               mc_w.l(__dczerorl2.o)
    0x08000958   0x08000958   0x00000004   Code   RO         7707    i.AHRS_asinf        ahrs_middleware.o
    0x0800095c   0x0800095c   0x00000004   Code   RO         7708    i.AHRS_atan2f       ahrs_middleware.o
    0x08000960   0x08000960   0x00000004   Code   RO         7709    i.AHRS_cosf         ahrs_middleware.o
    0x08000964   0x08000964   0x0000001a   Code   RO         9609    i.AHRS_fabs         AHRS.lib(ahrs.o)
    0x0800097e   0x0800097e   0x00000002   PAD
    0x08000980   0x08000980   0x00000014   Code   RO         7710    i.AHRS_get_height   ahrs_middleware.o
    0x08000994   0x08000994   0x0000000e   Code   RO         7711    i.AHRS_get_latitude  ahrs_middleware.o
    0x080009a2   0x080009a2   0x00000002   PAD
    0x080009a4   0x080009a4   0x0000029c   Code   RO         9610    i.AHRS_init         AHRS.lib(ahrs.o)
    0x08000c40   0x08000c40   0x00000014   Code   RO         7712    i.AHRS_invSqrt      ahrs_middleware.o
    0x08000c54   0x08000c54   0x00000004   Code   RO         7713    i.AHRS_sinf         ahrs_middleware.o
    0x08000c58   0x08000c58   0x0000013a   Code   RO         9611    i.AHRS_update       AHRS.lib(ahrs.o)
    0x08000d92   0x08000d92   0x00000002   PAD
    0x08000d94   0x08000d94   0x00000010   Code   RO         6947    i.BMI088_ACCEL_NS_H  bmi088middleware.o
    0x08000da4   0x08000da4   0x00000010   Code   RO         6948    i.BMI088_ACCEL_NS_L  bmi088middleware.o
    0x08000db4   0x08000db4   0x00000002   Code   RO         6949    i.BMI088_GPIO_init  bmi088middleware.o
    0x08000db6   0x08000db6   0x00000002   PAD
    0x08000db8   0x08000db8   0x00000010   Code   RO         6950    i.BMI088_GYRO_NS_H  bmi088middleware.o
    0x08000dc8   0x08000dc8   0x00000010   Code   RO         6951    i.BMI088_GYRO_NS_L  bmi088middleware.o
    0x08000dd8   0x08000dd8   0x00000080   Code   RO         6811    i.BMI088_accel_read_over  bmi088driver.o
    0x08000e58   0x08000e58   0x00000002   Code   RO         6952    i.BMI088_com_init   bmi088middleware.o
    0x08000e5a   0x08000e5a   0x00000004   Code   RO         6953    i.BMI088_delay_ms   bmi088middleware.o
    0x08000e5e   0x08000e5e   0x00000004   Code   RO         6954    i.BMI088_delay_us   bmi088middleware.o
    0x08000e62   0x08000e62   0x00000002   PAD
    0x08000e64   0x08000e64   0x00000060   Code   RO         6812    i.BMI088_gyro_read_over  bmi088driver.o
    0x08000ec4   0x08000ec4   0x0000002e   Code   RO         6813    i.BMI088_init       bmi088driver.o
    0x08000ef2   0x08000ef2   0x00000002   PAD
    0x08000ef4   0x08000ef4   0x00000158   Code   RO         6814    i.BMI088_read       bmi088driver.o
    0x0800104c   0x0800104c   0x00000024   Code   RO         6817    i.BMI088_read_muli_reg  bmi088driver.o
    0x08001070   0x08001070   0x00000016   Code   RO         6818    i.BMI088_read_single_reg  bmi088driver.o
    0x08001086   0x08001086   0x00000002   PAD
    0x08001088   0x08001088   0x00000020   Code   RO         6955    i.BMI088_read_write_byte  bmi088middleware.o
    0x080010a8   0x080010a8   0x0000002e   Code   RO         6819    i.BMI088_temperature_read_over  bmi088driver.o
    0x080010d6   0x080010d6   0x00000012   Code   RO         6820    i.BMI088_write_single_reg  bmi088driver.o
    0x080010e8   0x080010e8   0x00000002   Code   RO          680    i.BusFault_Handler  stm32f4xx_it.o
    0x080010ea   0x080010ea   0x00000002   PAD
    0x080010ec   0x080010ec   0x0000000c   Code   RO          681    i.CAN1_RX0_IRQHandler  stm32f4xx_it.o
    0x080010f8   0x080010f8   0x0000000c   Code   RO          682    i.CAN2_RX0_IRQHandler  stm32f4xx_it.o
    0x08001104   0x08001104   0x0000002c   Code   RO         8927    i.CDC_Transmit_FS   usbd_cdc_if.o
    0x08001130   0x08001130   0x0000000c   Code   RO          683    i.DMA2_Stream1_IRQHandler  stm32f4xx_it.o
    0x0800113c   0x0800113c   0x000002d4   Code   RO         7131    i.DMA2_Stream2_IRQHandler  ins_task.o
    0x08001410   0x08001410   0x0000000c   Code   RO          684    i.DMA2_Stream6_IRQHandler  stm32f4xx_it.o
    0x0800141c   0x0800141c   0x0000000c   Code   RO          685    i.DMA2_Stream7_IRQHandler  stm32f4xx_it.o
    0x08001428   0x08001428   0x00000028   Code   RO         2884    i.DMA_CalcBaseAndBitshift  stm32f4xx_hal_dma.o
    0x08001450   0x08001450   0x00000054   Code   RO         2885    i.DMA_CheckFifoParam  stm32f4xx_hal_dma.o
    0x080014a4   0x080014a4   0x00000002   Code   RO          686    i.DebugMon_Handler  stm32f4xx_it.o
    0x080014a6   0x080014a6   0x00000006   Code   RO          687    i.EXTI0_IRQHandler  stm32f4xx_it.o
    0x080014ac   0x080014ac   0x00000006   Code   RO          688    i.EXTI3_IRQHandler  stm32f4xx_it.o
    0x080014b2   0x080014b2   0x00000006   Code   RO          689    i.EXTI4_IRQHandler  stm32f4xx_it.o
    0x080014b8   0x080014b8   0x00000006   Code   RO          690    i.EXTI9_5_IRQHandler  stm32f4xx_it.o
    0x080014be   0x080014be   0x00000004   Code   RO           13    i.Error_Handler     main.o
    0x080014c2   0x080014c2   0x00000024   Code   RO         3576    i.HAL_CAN_ActivateNotification  stm32f4xx_hal_can.o
    0x080014e6   0x080014e6   0x00000002   PAD
    0x080014e8   0x080014e8   0x0000010c   Code   RO         3578    i.HAL_CAN_ConfigFilter  stm32f4xx_hal_can.o
    0x080015f4   0x080015f4   0x00000002   Code   RO         3581    i.HAL_CAN_ErrorCallback  stm32f4xx_hal_can.o
    0x080015f6   0x080015f6   0x000000f4   Code   RO         3584    i.HAL_CAN_GetRxMessage  stm32f4xx_hal_can.o
    0x080016ea   0x080016ea   0x000001fc   Code   RO         3588    i.HAL_CAN_IRQHandler  stm32f4xx_hal_can.o
    0x080018e6   0x080018e6   0x0000011a   Code   RO         3589    i.HAL_CAN_Init      stm32f4xx_hal_can.o
    0x08001a00   0x08001a00   0x000000fc   Code   RO          404    i.HAL_CAN_MspInit   can.o
    0x08001afc   0x08001afc   0x00000002   Code   RO         3596    i.HAL_CAN_RxFifo0FullCallback  stm32f4xx_hal_can.o
    0x08001afe   0x08001afe   0x00000002   PAD
    0x08001b00   0x08001b00   0x00000024   Code   RO         7449    i.HAL_CAN_RxFifo0MsgPendingCallback  can_receive.o
    0x08001b24   0x08001b24   0x00000002   Code   RO         3598    i.HAL_CAN_RxFifo1FullCallback  stm32f4xx_hal_can.o
    0x08001b26   0x08001b26   0x00000002   Code   RO         3599    i.HAL_CAN_RxFifo1MsgPendingCallback  stm32f4xx_hal_can.o
    0x08001b28   0x08001b28   0x00000002   Code   RO         3600    i.HAL_CAN_SleepCallback  stm32f4xx_hal_can.o
    0x08001b2a   0x08001b2a   0x00000002   PAD
    0x08001b2c   0x08001b2c   0x00000058   Code   RO         3601    i.HAL_CAN_Start     stm32f4xx_hal_can.o
    0x08001b84   0x08001b84   0x00000002   Code   RO         3603    i.HAL_CAN_TxMailbox0AbortCallback  stm32f4xx_hal_can.o
    0x08001b86   0x08001b86   0x00000002   Code   RO         3604    i.HAL_CAN_TxMailbox0CompleteCallback  stm32f4xx_hal_can.o
    0x08001b88   0x08001b88   0x00000002   Code   RO         3605    i.HAL_CAN_TxMailbox1AbortCallback  stm32f4xx_hal_can.o
    0x08001b8a   0x08001b8a   0x00000002   Code   RO         3606    i.HAL_CAN_TxMailbox1CompleteCallback  stm32f4xx_hal_can.o
    0x08001b8c   0x08001b8c   0x00000002   Code   RO         3607    i.HAL_CAN_TxMailbox2AbortCallback  stm32f4xx_hal_can.o
    0x08001b8e   0x08001b8e   0x00000002   Code   RO         3608    i.HAL_CAN_TxMailbox2CompleteCallback  stm32f4xx_hal_can.o
    0x08001b90   0x08001b90   0x00000002   Code   RO         3610    i.HAL_CAN_WakeUpFromRxMsgCallback  stm32f4xx_hal_can.o
    0x08001b92   0x08001b92   0x00000002   PAD
    0x08001b94   0x08001b94   0x000001a0   Code   RO         2892    i.HAL_DMA_IRQHandler  stm32f4xx_hal_dma.o
    0x08001d34   0x08001d34   0x000000d4   Code   RO         2893    i.HAL_DMA_Init      stm32f4xx_hal_dma.o
    0x08001e08   0x08001e08   0x00000024   Code   RO         3324    i.HAL_Delay         stm32f4xx_hal.o
    0x08001e2c   0x08001e2c   0x0000008c   Code   RO         7132    i.HAL_GPIO_EXTI_Callback  ins_task.o
    0x08001eb8   0x08001eb8   0x00000018   Code   RO         2779    i.HAL_GPIO_EXTI_IRQHandler  stm32f4xx_hal_gpio.o
    0x08001ed0   0x08001ed0   0x000001f0   Code   RO         2780    i.HAL_GPIO_Init     stm32f4xx_hal_gpio.o
    0x080020c0   0x080020c0   0x0000000a   Code   RO         2782    i.HAL_GPIO_ReadPin  stm32f4xx_hal_gpio.o
    0x080020ca   0x080020ca   0x0000000a   Code   RO         2784    i.HAL_GPIO_WritePin  stm32f4xx_hal_gpio.o
    0x080020d4   0x080020d4   0x0000000c   Code   RO         3330    i.HAL_GetTick       stm32f4xx_hal.o
    0x080020e0   0x080020e0   0x00000188   Code   RO         3820    i.HAL_I2C_Init      stm32f4xx_hal_i2c.o
    0x08002268   0x08002268   0x00000204   Code   RO         3838    i.HAL_I2C_Mem_Read  stm32f4xx_hal_i2c.o
    0x0800246c   0x0800246c   0x00000130   Code   RO         3841    i.HAL_I2C_Mem_Write  stm32f4xx_hal_i2c.o
    0x0800259c   0x0800259c   0x00000088   Code   RO          477    i.HAL_I2C_MspInit   i2c.o
    0x08002624   0x08002624   0x00000010   Code   RO         3336    i.HAL_IncTick       stm32f4xx_hal.o
    0x08002634   0x08002634   0x00000034   Code   RO         3337    i.HAL_Init          stm32f4xx_hal.o
    0x08002668   0x08002668   0x00000098   Code   RO          828    i.HAL_InitTick      stm32f4xx_hal_timebase_tim.o
    0x08002700   0x08002700   0x00000038   Code   RO          804    i.HAL_MspInit       stm32f4xx_hal_msp.o
    0x08002738   0x08002738   0x0000001a   Code   RO         3172    i.HAL_NVIC_EnableIRQ  stm32f4xx_hal_cortex.o
    0x08002752   0x08002752   0x00000002   PAD
    0x08002754   0x08002754   0x00000040   Code   RO         3178    i.HAL_NVIC_SetPriority  stm32f4xx_hal_cortex.o
    0x08002794   0x08002794   0x00000024   Code   RO         3179    i.HAL_NVIC_SetPriorityGrouping  stm32f4xx_hal_cortex.o
    0x080027b8   0x080027b8   0x00000002   Code   RO         2079    i.HAL_PCDEx_LPM_Callback  stm32f4xx_hal_pcd_ex.o
    0x080027ba   0x080027ba   0x00000008   Code   RO         8979    i.HAL_PCD_ConnectCallback  usbd_conf.o
    0x080027c2   0x080027c2   0x00000012   Code   RO         8980    i.HAL_PCD_DataInStageCallback  usbd_conf.o
    0x080027d4   0x080027d4   0x00000014   Code   RO         8981    i.HAL_PCD_DataOutStageCallback  usbd_conf.o
    0x080027e8   0x080027e8   0x00000008   Code   RO         8982    i.HAL_PCD_DisconnectCallback  usbd_conf.o
    0x080027f0   0x080027f0   0x0000001e   Code   RO         1849    i.HAL_PCD_EP_Abort  stm32f4xx_hal_pcd.o
    0x0800280e   0x0800280e   0x0000005a   Code   RO         1851    i.HAL_PCD_EP_ClrStall  stm32f4xx_hal_pcd.o
    0x08002868   0x08002868   0x00000062   Code   RO         1854    i.HAL_PCD_EP_Open   stm32f4xx_hal_pcd.o
    0x080028ca   0x080028ca   0x00000038   Code   RO         1855    i.HAL_PCD_EP_Receive  stm32f4xx_hal_pcd.o
    0x08002902   0x08002902   0x00000072   Code   RO         1856    i.HAL_PCD_EP_SetStall  stm32f4xx_hal_pcd.o
    0x08002974   0x08002974   0x00000032   Code   RO         1857    i.HAL_PCD_EP_Transmit  stm32f4xx_hal_pcd.o
    0x080029a6   0x080029a6   0x00000002   PAD
    0x080029a8   0x080029a8   0x0000055c   Code   RO         1859    i.HAL_PCD_IRQHandler  stm32f4xx_hal_pcd.o
    0x08002f04   0x08002f04   0x00000008   Code   RO         8983    i.HAL_PCD_ISOINIncompleteCallback  usbd_conf.o
    0x08002f0c   0x08002f0c   0x00000008   Code   RO         8984    i.HAL_PCD_ISOOUTIncompleteCallback  usbd_conf.o
    0x08002f14   0x08002f14   0x0000002e   Code   RO         8987    i.HAL_PCD_ResetCallback  usbd_conf.o
    0x08002f42   0x08002f42   0x00000008   Code   RO         8988    i.HAL_PCD_ResumeCallback  usbd_conf.o
    0x08002f4a   0x08002f4a   0x00000008   Code   RO         8989    i.HAL_PCD_SOFCallback  usbd_conf.o
    0x08002f52   0x08002f52   0x00000026   Code   RO         1868    i.HAL_PCD_SetAddress  stm32f4xx_hal_pcd.o
    0x08002f78   0x08002f78   0x0000000e   Code   RO         8990    i.HAL_PCD_SetupStageCallback  usbd_conf.o
    0x08002f86   0x08002f86   0x00000002   PAD
    0x08002f88   0x08002f88   0x00000030   Code   RO         8991    i.HAL_PCD_SuspendCallback  usbd_conf.o
    0x08002fb8   0x08002fb8   0x00000134   Code   RO         2426    i.HAL_RCC_ClockConfig  stm32f4xx_hal_rcc.o
    0x080030ec   0x080030ec   0x00000040   Code   RO         2430    i.HAL_RCC_GetClockConfig  stm32f4xx_hal_rcc.o
    0x0800312c   0x0800312c   0x0000000c   Code   RO         2431    i.HAL_RCC_GetHCLKFreq  stm32f4xx_hal_rcc.o
    0x08003138   0x08003138   0x00000020   Code   RO         2433    i.HAL_RCC_GetPCLK1Freq  stm32f4xx_hal_rcc.o
    0x08003158   0x08003158   0x00000020   Code   RO         2434    i.HAL_RCC_GetPCLK2Freq  stm32f4xx_hal_rcc.o
    0x08003178   0x08003178   0x00000064   Code   RO         2435    i.HAL_RCC_GetSysClockFreq  stm32f4xx_hal_rcc.o
    0x080031dc   0x080031dc   0x0000036c   Code   RO         2438    i.HAL_RCC_OscConfig  stm32f4xx_hal_rcc.o
    0x08003548   0x08003548   0x000000bc   Code   RO         4275    i.HAL_SPI_Init      stm32f4xx_hal_spi.o
    0x08003604   0x08003604   0x000000fc   Code   RO          519    i.HAL_SPI_MspInit   spi.o
    0x08003700   0x08003700   0x000001f0   Code   RO         4284    i.HAL_SPI_TransmitReceive  stm32f4xx_hal_spi.o
    0x080038f0   0x080038f0   0x00000002   Code   RO         1573    i.HAL_TIMEx_BreakCallback  stm32f4xx_hal_tim_ex.o
    0x080038f2   0x080038f2   0x00000002   Code   RO         1574    i.HAL_TIMEx_CommutCallback  stm32f4xx_hal_tim_ex.o
    0x080038f4   0x080038f4   0x00000054   Code   RO         1576    i.HAL_TIMEx_ConfigBreakDeadTime  stm32f4xx_hal_tim_ex.o
    0x08003948   0x08003948   0x00000090   Code   RO         1592    i.HAL_TIMEx_MasterConfigSynchronization  stm32f4xx_hal_tim_ex.o
    0x080039d8   0x080039d8   0x0000005a   Code   RO          869    i.HAL_TIM_Base_Init  stm32f4xx_hal_tim.o
    0x08003a32   0x08003a32   0x00000002   PAD
    0x08003a34   0x08003a34   0x00000078   Code   RO          561    i.HAL_TIM_Base_MspInit  tim.o
    0x08003aac   0x08003aac   0x00000078   Code   RO          872    i.HAL_TIM_Base_Start  stm32f4xx_hal_tim.o
    0x08003b24   0x08003b24   0x00000080   Code   RO          874    i.HAL_TIM_Base_Start_IT  stm32f4xx_hal_tim.o
    0x08003ba4   0x08003ba4   0x000000dc   Code   RO          878    i.HAL_TIM_ConfigClockSource  stm32f4xx_hal_tim.o
    0x08003c80   0x08003c80   0x00000002   Code   RO          903    i.HAL_TIM_IC_CaptureCallback  stm32f4xx_hal_tim.o
    0x08003c82   0x08003c82   0x00000130   Code   RO          917    i.HAL_TIM_IRQHandler  stm32f4xx_hal_tim.o
    0x08003db2   0x08003db2   0x00000002   PAD
    0x08003db4   0x08003db4   0x000000dc   Code   RO          562    i.HAL_TIM_MspPostInit  tim.o
    0x08003e90   0x08003e90   0x00000002   Code   RO          920    i.HAL_TIM_OC_DelayElapsedCallback  stm32f4xx_hal_tim.o
    0x08003e92   0x08003e92   0x000000cc   Code   RO          941    i.HAL_TIM_PWM_ConfigChannel  stm32f4xx_hal_tim.o
    0x08003f5e   0x08003f5e   0x0000005a   Code   RO          944    i.HAL_TIM_PWM_Init  stm32f4xx_hal_tim.o
    0x08003fb8   0x08003fb8   0x00000002   Code   RO          946    i.HAL_TIM_PWM_MspInit  stm32f4xx_hal_tim.o
    0x08003fba   0x08003fba   0x00000002   Code   RO          947    i.HAL_TIM_PWM_PulseFinishedCallback  stm32f4xx_hal_tim.o
    0x08003fbc   0x08003fbc   0x000000c8   Code   RO          949    i.HAL_TIM_PWM_Start  stm32f4xx_hal_tim.o
    0x08004084   0x08004084   0x00000014   Code   RO           14    i.HAL_TIM_PeriodElapsedCallback  main.o
    0x08004098   0x08004098   0x00000002   Code   RO          960    i.HAL_TIM_TriggerCallback  stm32f4xx_hal_tim.o
    0x0800409a   0x0800409a   0x00000064   Code   RO         4616    i.HAL_UART_Init     stm32f4xx_hal_uart.o
    0x080040fe   0x080040fe   0x00000002   PAD
    0x08004100   0x08004100   0x00000228   Code   RO          627    i.HAL_UART_MspInit  usart.o
    0x08004328   0x08004328   0x000000b0   Code   RO         4619    i.HAL_UART_Receive  stm32f4xx_hal_uart.o
    0x080043d8   0x080043d8   0x000000a0   Code   RO         4624    i.HAL_UART_Transmit  stm32f4xx_hal_uart.o
    0x08004478   0x08004478   0x00000002   Code   RO          691    i.HardFault_Handler  stm32f4xx_it.o
    0x0800447a   0x0800447a   0x0000002e   Code   RO         3863    i.I2C_IsAcknowledgeFailed  stm32f4xx_hal_i2c.o
    0x080044a8   0x080044a8   0x000000fc   Code   RO         3873    i.I2C_RequestMemoryRead  stm32f4xx_hal_i2c.o
    0x080045a4   0x080045a4   0x000000a8   Code   RO         3874    i.I2C_RequestMemoryWrite  stm32f4xx_hal_i2c.o
    0x0800464c   0x0800464c   0x00000056   Code   RO         3878    i.I2C_WaitOnBTFFlagUntilTimeout  stm32f4xx_hal_i2c.o
    0x080046a2   0x080046a2   0x00000002   PAD
    0x080046a4   0x080046a4   0x00000090   Code   RO         3879    i.I2C_WaitOnFlagUntilTimeout  stm32f4xx_hal_i2c.o
    0x08004734   0x08004734   0x000000bc   Code   RO         3880    i.I2C_WaitOnMasterAddressFlagUntilTimeout  stm32f4xx_hal_i2c.o
    0x080047f0   0x080047f0   0x00000070   Code   RO         3881    i.I2C_WaitOnRXNEFlagUntilTimeout  stm32f4xx_hal_i2c.o
    0x08004860   0x08004860   0x00000056   Code   RO         3882    i.I2C_WaitOnTXEFlagUntilTimeout  stm32f4xx_hal_i2c.o
    0x080048b6   0x080048b6   0x00000002   PAD
    0x080048b8   0x080048b8   0x00000228   Code   RO         7135    i.INS_task          ins_task.o
    0x08004ae0   0x08004ae0   0x00000044   Code   RO          405    i.MX_CAN1_Init      can.o
    0x08004b24   0x08004b24   0x00000044   Code   RO          406    i.MX_CAN2_Init      can.o
    0x08004b68   0x08004b68   0x0000008c   Code   RO          452    i.MX_DMA_Init       dma.o
    0x08004bf4   0x08004bf4   0x000000ec   Code   RO          300    i.MX_FREERTOS_Init  freertos.o
    0x08004ce0   0x08004ce0   0x000001d0   Code   RO          275    i.MX_GPIO_Init      gpio.o
    0x08004eb0   0x08004eb0   0x00000040   Code   RO          478    i.MX_I2C3_Init      i2c.o
    0x08004ef0   0x08004ef0   0x00000048   Code   RO          520    i.MX_SPI1_Init      spi.o
    0x08004f38   0x08004f38   0x000000d8   Code   RO          563    i.MX_TIM1_Init      tim.o
    0x08005010   0x08005010   0x00000098   Code   RO          564    i.MX_TIM4_Init      tim.o
    0x080050a8   0x080050a8   0x000000bc   Code   RO          565    i.MX_TIM5_Init      tim.o
    0x08005164   0x08005164   0x000000c8   Code   RO          566    i.MX_TIM8_Init      tim.o
    0x0800522c   0x0800522c   0x00000038   Code   RO          628    i.MX_USART1_UART_Init  usart.o
    0x08005264   0x08005264   0x00000040   Code   RO          629    i.MX_USART3_UART_Init  usart.o
    0x080052a4   0x080052a4   0x00000038   Code   RO          630    i.MX_USART6_UART_Init  usart.o
    0x080052dc   0x080052dc   0x00000002   Code   RO          692    i.MemManage_Handler  stm32f4xx_it.o
    0x080052de   0x080052de   0x00000002   Code   RO          693    i.NMI_Handler       stm32f4xx_it.o
    0x080052e0   0x080052e0   0x0000000c   Code   RO          694    i.OTG_FS_IRQHandler  stm32f4xx_it.o
    0x080052ec   0x080052ec   0x000000cc   Code   RO         1875    i.PCD_EP_OutXfrComplete_int  stm32f4xx_hal_pcd.o
    0x080053b8   0x080053b8   0x000000a2   Code   RO         1876    i.PCD_WriteEmptyTxFifo  stm32f4xx_hal_pcd.o
    0x0800545a   0x0800545a   0x00000002   PAD
    0x0800545c   0x0800545c   0x00000060   Code   RO         6526    i.RC_Init           bsp_rc.o
    0x080054bc   0x080054bc   0x00001274   Code   RO         6375    i.SPI1_DMA_enable   bsp_spi.o
    0x08006730   0x08006730   0x000000f0   Code   RO         6376    i.SPI1_DMA_init     bsp_spi.o
    0x08006820   0x08006820   0x0000006c   Code   RO         4313    i.SPI_EndRxTxTransaction  stm32f4xx_hal_spi.o
    0x0800688c   0x0800688c   0x000000b8   Code   RO         4318    i.SPI_WaitFlagStateUntilTimeout  stm32f4xx_hal_spi.o
    0x08006944   0x08006944   0x0000002c   Code   RO         6296    i.SysTick_Handler   port.o
    0x08006970   0x08006970   0x00000094   Code   RO           15    i.SystemClock_Config  main.o
    0x08006a04   0x08006a04   0x00000010   Code   RO         4950    i.SystemInit        system_stm32f4xx.o
    0x08006a14   0x08006a14   0x0000000c   Code   RO          695    i.TIM6_DAC_IRQHandler  stm32f4xx_it.o
    0x08006a20   0x08006a20   0x000000d8   Code   RO          962    i.TIM_Base_SetConfig  stm32f4xx_hal_tim.o
    0x08006af8   0x08006af8   0x0000001a   Code   RO          963    i.TIM_CCxChannelCmd  stm32f4xx_hal_tim.o
    0x08006b12   0x08006b12   0x00000014   Code   RO          973    i.TIM_ETR_SetConfig  stm32f4xx_hal_tim.o
    0x08006b26   0x08006b26   0x00000010   Code   RO          974    i.TIM_ITRx_SetConfig  stm32f4xx_hal_tim.o
    0x08006b36   0x08006b36   0x00000002   PAD
    0x08006b38   0x08006b38   0x00000060   Code   RO          975    i.TIM_OC1_SetConfig  stm32f4xx_hal_tim.o
    0x08006b98   0x08006b98   0x0000006c   Code   RO          976    i.TIM_OC2_SetConfig  stm32f4xx_hal_tim.o
    0x08006c04   0x08006c04   0x00000068   Code   RO          977    i.TIM_OC3_SetConfig  stm32f4xx_hal_tim.o
    0x08006c6c   0x08006c6c   0x00000050   Code   RO          978    i.TIM_OC4_SetConfig  stm32f4xx_hal_tim.o
    0x08006cbc   0x08006cbc   0x00000022   Code   RO          980    i.TIM_TI1_ConfigInputStage  stm32f4xx_hal_tim.o
    0x08006cde   0x08006cde   0x00000024   Code   RO          982    i.TIM_TI2_ConfigInputStage  stm32f4xx_hal_tim.o
    0x08006d02   0x08006d02   0x0000004e   Code   RO         4639    i.UART_EndRxTransfer  stm32f4xx_hal_uart.o
    0x08006d50   0x08006d50   0x0000010c   Code   RO         4642    i.UART_SetConfig    stm32f4xx_hal_uart.o
    0x08006e5c   0x08006e5c   0x00000072   Code   RO         4645    i.UART_WaitOnFlagUntilTimeout  stm32f4xx_hal_uart.o
    0x08006ece   0x08006ece   0x00000002   PAD
    0x08006ed0   0x08006ed0   0x000000bc   Code   RO         7547    i.USART3_IRQHandler  remote_receive.o
    0x08006f8c   0x08006f8c   0x00000020   Code   RO         9518    i.USBD_CDC_SetTxBuffer  usbd_cdc.o
    0x08006fac   0x08006fac   0x00000054   Code   RO         9520    i.USBD_CDC_TransmitPacket  usbd_cdc.o
    0x08007000   0x08007000   0x00000014   Code   RO         9186    i.USBD_ClrClassConfig  usbd_core.o
    0x08007014   0x08007014   0x00000026   Code   RO         9348    i.USBD_ClrFeature   usbd_ctlreq.o
    0x0800703a   0x0800703a   0x00000004   Code   RO         9187    i.USBD_CoreFindEP   usbd_core.o
    0x0800703e   0x0800703e   0x00000004   Code   RO         9188    i.USBD_CoreFindIF   usbd_core.o
    0x08007042   0x08007042   0x00000010   Code   RO         9446    i.USBD_CtlContinueRx  usbd_ioreq.o
    0x08007052   0x08007052   0x00000010   Code   RO         9447    i.USBD_CtlContinueSendData  usbd_ioreq.o
    0x08007062   0x08007062   0x00000018   Code   RO         9349    i.USBD_CtlError     usbd_ctlreq.o
    0x0800707a   0x0800707a   0x00000016   Code   RO         9449    i.USBD_CtlReceiveStatus  usbd_ioreq.o
    0x08007090   0x08007090   0x0000001a   Code   RO         9450    i.USBD_CtlSendData  usbd_ioreq.o
    0x080070aa   0x080070aa   0x00000016   Code   RO         9451    i.USBD_CtlSendStatus  usbd_ioreq.o
    0x080070c0   0x080070c0   0x00000034   Code   RO         9350    i.USBD_GetConfig    usbd_ctlreq.o
    0x080070f4   0x080070f4   0x000001b4   Code   RO         9351    i.USBD_GetDescriptor  usbd_ctlreq.o
    0x080072a8   0x080072a8   0x00000036   Code   RO         9353    i.USBD_GetStatus    usbd_ctlreq.o
    0x080072de   0x080072de   0x00000024   Code   RO         8992    i.USBD_Get_USB_Status  usbd_conf.o
    0x08007302   0x08007302   0x00000012   Code   RO         8993    i.USBD_LL_ClearStallEP  usbd_conf.o
    0x08007314   0x08007314   0x000000dc   Code   RO         9193    i.USBD_LL_DataInStage  usbd_core.o
    0x080073f0   0x080073f0   0x000000d0   Code   RO         9194    i.USBD_LL_DataOutStage  usbd_core.o
    0x080074c0   0x080074c0   0x00000004   Code   RO         9195    i.USBD_LL_DevConnected  usbd_core.o
    0x080074c4   0x080074c4   0x00000020   Code   RO         9196    i.USBD_LL_DevDisconnected  usbd_core.o
    0x080074e4   0x080074e4   0x00000020   Code   RO         9000    i.USBD_LL_IsStallEP  usbd_conf.o
    0x08007504   0x08007504   0x0000002a   Code   RO         9197    i.USBD_LL_IsoINIncomplete  usbd_core.o
    0x0800752e   0x0800752e   0x0000002a   Code   RO         9198    i.USBD_LL_IsoOUTIncomplete  usbd_core.o
    0x08007558   0x08007558   0x00000018   Code   RO         9001    i.USBD_LL_OpenEP    usbd_conf.o
    0x08007570   0x08007570   0x00000012   Code   RO         9002    i.USBD_LL_PrepareReceive  usbd_conf.o
    0x08007582   0x08007582   0x00000060   Code   RO         9199    i.USBD_LL_Reset     usbd_core.o
    0x080075e2   0x080075e2   0x00000014   Code   RO         9200    i.USBD_LL_Resume    usbd_core.o
    0x080075f6   0x080075f6   0x0000001a   Code   RO         9201    i.USBD_LL_SOF       usbd_core.o
    0x08007610   0x08007610   0x00000006   Code   RO         9202    i.USBD_LL_SetSpeed  usbd_core.o
    0x08007616   0x08007616   0x00000012   Code   RO         9003    i.USBD_LL_SetUSBAddress  usbd_conf.o
    0x08007628   0x08007628   0x00000064   Code   RO         9203    i.USBD_LL_SetupStage  usbd_core.o
    0x0800768c   0x0800768c   0x00000012   Code   RO         9004    i.USBD_LL_StallEP   usbd_conf.o
    0x0800769e   0x0800769e   0x0000001a   Code   RO         9204    i.USBD_LL_Suspend   usbd_core.o
    0x080076b8   0x080076b8   0x00000012   Code   RO         9007    i.USBD_LL_Transmit  usbd_conf.o
    0x080076ca   0x080076ca   0x00000032   Code   RO         9355    i.USBD_ParseSetupRequest  usbd_ctlreq.o
    0x080076fc   0x080076fc   0x00000004   Code   RO         9206    i.USBD_RunTestMode  usbd_core.o
    0x08007700   0x08007700   0x00000058   Code   RO         9356    i.USBD_SetAddress   usbd_ctlreq.o
    0x08007758   0x08007758   0x00000014   Code   RO         9207    i.USBD_SetClassConfig  usbd_core.o
    0x0800776c   0x0800776c   0x000000dc   Code   RO         9357    i.USBD_SetConfig    usbd_ctlreq.o
    0x08007848   0x08007848   0x00000024   Code   RO         9358    i.USBD_SetFeature   usbd_ctlreq.o
    0x0800786c   0x0800786c   0x00000076   Code   RO         9359    i.USBD_StdDevReq    usbd_ctlreq.o
    0x080078e2   0x080078e2   0x0000022e   Code   RO         9360    i.USBD_StdEPReq     usbd_ctlreq.o
    0x08007b10   0x08007b10   0x0000008e   Code   RO         9361    i.USBD_StdItfReq    usbd_ctlreq.o
    0x08007b9e   0x08007b9e   0x00000002   PAD
    0x08007ba0   0x08007ba0   0x00000080   Code   RO         2121    i.USB_ActivateEndpoint  stm32f4xx_ll_usb.o
    0x08007c20   0x08007c20   0x0000001c   Code   RO         2123    i.USB_ActivateSetup  stm32f4xx_ll_usb.o
    0x08007c3c   0x08007c3c   0x00000058   Code   RO         2136    i.USB_EP0_OutStart  stm32f4xx_ll_usb.o
    0x08007c94   0x08007c94   0x00000058   Code   RO         2137    i.USB_EPClearStall  stm32f4xx_ll_usb.o
    0x08007cec   0x08007cec   0x00000058   Code   RO         2138    i.USB_EPSetStall    stm32f4xx_ll_usb.o
    0x08007d44   0x08007d44   0x00000238   Code   RO         2139    i.USB_EPStartXfer   stm32f4xx_ll_usb.o
    0x08007f7c   0x08007f7c   0x0000009e   Code   RO         2140    i.USB_EPStopXfer    stm32f4xx_ll_usb.o
    0x0800801a   0x0800801a   0x0000003c   Code   RO         2143    i.USB_FlushTxFifo   stm32f4xx_ll_usb.o
    0x08008056   0x08008056   0x0000001a   Code   RO         2145    i.USB_GetDevSpeed   stm32f4xx_ll_usb.o
    0x08008070   0x08008070   0x00000008   Code   RO         2147    i.USB_GetMode       stm32f4xx_ll_usb.o
    0x08008078   0x08008078   0x0000000e   Code   RO         2155    i.USB_ReadDevAllInEpInterrupt  stm32f4xx_ll_usb.o
    0x08008086   0x08008086   0x0000000e   Code   RO         2156    i.USB_ReadDevAllOutEpInterrupt  stm32f4xx_ll_usb.o
    0x08008094   0x08008094   0x00000024   Code   RO         2157    i.USB_ReadDevInEPInterrupt  stm32f4xx_ll_usb.o
    0x080080b8   0x080080b8   0x00000010   Code   RO         2158    i.USB_ReadDevOutEPInterrupt  stm32f4xx_ll_usb.o
    0x080080c8   0x080080c8   0x00000008   Code   RO         2159    i.USB_ReadInterrupts  stm32f4xx_ll_usb.o
    0x080080d0   0x080080d0   0x0000003e   Code   RO         2160    i.USB_ReadPacket    stm32f4xx_ll_usb.o
    0x0800810e   0x0800810e   0x00000022   Code   RO         2163    i.USB_SetDevAddress  stm32f4xx_ll_usb.o
    0x08008130   0x08008130   0x000000e8   Code   RO         2165    i.USB_SetTurnaroundTime  stm32f4xx_ll_usb.o
    0x08008218   0x08008218   0x00000028   Code   RO         2168    i.USB_WritePacket   stm32f4xx_ll_usb.o
    0x08008240   0x08008240   0x00000002   Code   RO          696    i.UsageFault_Handler  stm32f4xx_it.o
    0x08008242   0x08008242   0x00000002   PAD
    0x08008244   0x08008244   0x00000024   Code   RO         9937    i.__0vsprintf       mc_w.l(printfa.o)
    0x08008268   0x08008268   0x00000026   Code   RO         9958    i.__ARM_fpclassifyf  m_wm.l(fpclassifyf.o)
    0x0800828e   0x0800828e   0x00000020   Code   RO         3185    i.__NVIC_SetPriority  stm32f4xx_hal_cortex.o
    0x080082ae   0x080082ae   0x00000002   PAD
    0x080082b0   0x080082b0   0x0000012c   Code   RO         9867    i.__hardfp_asinf    m_wm.l(asinf.o)
    0x080083dc   0x080083dc   0x00000250   Code   RO         9879    i.__hardfp_atan2f   m_wm.l(atan2f.o)
    0x0800862c   0x0800862c   0x0000003a   Code   RO         9903    i.__hardfp_sqrtf    m_wm.l(sqrtf_full.o)
    0x08008666   0x08008666   0x00000006   Code   RO         9961    i.__mathlib_flt_infnan  m_wm.l(funder.o)
    0x0800866c   0x0800866c   0x00000006   Code   RO         9962    i.__mathlib_flt_infnan2  m_wm.l(funder.o)
    0x08008672   0x08008672   0x00000002   PAD
    0x08008674   0x08008674   0x00000010   Code   RO         9963    i.__mathlib_flt_invalid  m_wm.l(funder.o)
    0x08008684   0x08008684   0x00000010   Code   RO         9966    i.__mathlib_flt_underflow  m_wm.l(funder.o)
    0x08008694   0x08008694   0x0000000e   Code   RO        10032    i.__scatterload_copy  mc_w.l(handlers.o)
    0x080086a2   0x080086a2   0x00000002   Code   RO        10033    i.__scatterload_null  mc_w.l(handlers.o)
    0x080086a4   0x080086a4   0x0000000e   Code   RO        10034    i.__scatterload_zeroinit  mc_w.l(handlers.o)
    0x080086b2   0x080086b2   0x00000002   PAD
    0x080086b4   0x080086b4   0x0000000c   Code   RO        10002    i.__set_errno       mc_w.l(errno.o)
    0x080086c0   0x080086c0   0x00000184   Code   RO         9938    i._fp_digits        mc_w.l(printfa.o)
    0x08008844   0x08008844   0x000006dc   Code   RO         9939    i._printf_core      mc_w.l(printfa.o)
    0x08008f20   0x08008f20   0x00000024   Code   RO         9940    i._printf_post_padding  mc_w.l(printfa.o)
    0x08008f44   0x08008f44   0x0000002e   Code   RO         9941    i._printf_pre_padding  mc_w.l(printfa.o)
    0x08008f72   0x08008f72   0x0000000a   Code   RO         9943    i._sputc            mc_w.l(printfa.o)
    0x08008f7c   0x08008f7c   0x0000003c   Code   RO         6699    i.aRGB_led_show     bsp_led.o
    0x08008fb8   0x08008fb8   0x000001d0   Code   RO         9612    i.accel_comple_filter  AHRS.lib(ahrs.o)
    0x08009188   0x08009188   0x0000018c   Code   RO         9613    i.accel_update_kp_ki  AHRS.lib(ahrs.o)
    0x08009314   0x08009314   0x0000006c   Code   RO         8609    i.ack               ft_servo_protocol.o
    0x08009380   0x08009380   0x0000016c   Code   RO         9614    i.angle_to_quat     AHRS.lib(ahrs.o)
    0x080094ec   0x080094ec   0x00000128   Code   RO         6821    i.bmi088_accel_init  bmi088driver.o
    0x08009614   0x08009614   0x000002c0   Code   RO         6822    i.bmi088_accel_self_test  bmi088driver.o
    0x080098d4   0x080098d4   0x000000dc   Code   RO         6823    i.bmi088_gyro_init  bmi088driver.o
    0x080099b0   0x080099b0   0x000000ca   Code   RO         6824    i.bmi088_gyro_self_test  bmi088driver.o
    0x08009a7a   0x08009a7a   0x00000002   PAD
    0x08009a7c   0x08009a7c   0x00000010   Code   RO         6633    i.buzzer_off        bsp_buzzer.o
    0x08009a8c   0x08009a8c   0x00000010   Code   RO         6634    i.buzzer_on         bsp_buzzer.o
    0x08009a9c   0x08009a9c   0x00000090   Code   RO         7364    i.buzzer_task       buzzer_task.o
    0x08009b2c   0x08009b2c   0x00000058   Code   RO         6728    i.can_filter_init   bsp_can.o
    0x08009b84   0x08009b84   0x00000008   Code   RO         7637    i.car_task          car_task.o
    0x08009b8c   0x08009b8c   0x00000038   Code   RO         8610    i.check_head        ft_servo_protocol.o
    0x08009bc4   0x08009bc4   0x00000024   Code   RO         6489    i.delay_us          bsp_delay.o
    0x08009be8   0x08009be8   0x00000050   Code   RO         7472    i.detect_hook       detect_task.o
    0x08009c38   0x08009c38   0x00000078   Code   RO         7473    i.detect_init       detect_task.o
    0x08009cb0   0x08009cb0   0x000000f8   Code   RO         7474    i.detect_task       detect_task.o
    0x08009da8   0x08009da8   0x00000020   Code   RO         6753    i.elongate_left_push_rog  bsp_push_rog.o
    0x08009dc8   0x08009dc8   0x00000024   Code   RO         6754    i.elongate_right_push_rog  bsp_push_rog.o
    0x08009dec   0x08009dec   0x0000002c   Code   RO         8611    i.ft_protocol_gen_write  ft_servo_protocol.o
    0x08009e18   0x08009e18   0x00000020   Code   RO         8615    i.ft_protocol_host2scs  ft_servo_protocol.o
    0x08009e38   0x08009e38   0x00000014   Code   RO         8616    i.ft_protocol_init  ft_servo_protocol.o
    0x08009e4c   0x08009e4c   0x000000cc   Code   RO         8618    i.ft_protocol_read  ft_servo_protocol.o
    0x08009f18   0x08009f18   0x0000001a   Code   RO         8619    i.ft_protocol_read_byte  ft_servo_protocol.o
    0x08009f32   0x08009f32   0x00000024   Code   RO         8620    i.ft_protocol_read_word  ft_servo_protocol.o
    0x08009f56   0x08009f56   0x00000002   PAD
    0x08009f58   0x08009f58   0x00000018   Code   RO         8623    i.ft_protocol_scs2host  ft_servo_protocol.o
    0x08009f70   0x08009f70   0x0000002a   Code   RO         8627    i.ft_protocol_write_byte  ft_servo_protocol.o
    0x08009f9a   0x08009f9a   0x00000002   PAD
    0x08009f9c   0x08009f9c   0x0000001c   Code   RO         8477    i.ft_servo_app_init  ft_servo_app.o
    0x08009fb8   0x08009fb8   0x00000034   Code   RO         8479    i.ft_servo_app_read_current  ft_servo_app.o
    0x08009fec   0x08009fec   0x00000034   Code   RO         8480    i.ft_servo_app_read_load  ft_servo_app.o
    0x0800a020   0x0800a020   0x00000014   Code   RO         8481    i.ft_servo_app_read_move  ft_servo_app.o
    0x0800a034   0x0800a034   0x00000034   Code   RO         8482    i.ft_servo_app_read_pos  ft_servo_app.o
    0x0800a068   0x0800a068   0x00000034   Code   RO         8483    i.ft_servo_app_read_speed  ft_servo_app.o
    0x0800a09c   0x0800a09c   0x00000014   Code   RO         8484    i.ft_servo_app_read_temperature  ft_servo_app.o
    0x0800a0b0   0x0800a0b0   0x00000014   Code   RO         8485    i.ft_servo_app_read_voltage  ft_servo_app.o
    0x0800a0c4   0x0800a0c4   0x00000008   Code   RO         8489    i.ft_servo_app_torque_enable  ft_servo_app.o
    0x0800a0cc   0x0800a0cc   0x00000044   Code   RO         8492    i.ft_servo_app_write_pos  ft_servo_app.o
    0x0800a110   0x0800a110   0x00000004   Code   RO         7994    i.ft_servo_hw_flush_rx  ft_servo_hw.o
    0x0800a114   0x0800a114   0x00000020   Code   RO         7995    i.ft_servo_hw_flush_tx  ft_servo_hw.o
    0x0800a134   0x0800a134   0x00000014   Code   RO         7996    i.ft_servo_hw_init  ft_servo_hw.o
    0x0800a148   0x0800a148   0x00000004   Code   RO         7997    i.ft_servo_hw_read  ft_servo_hw.o
    0x0800a14c   0x0800a14c   0x0000002c   Code   RO         7998    i.ft_servo_hw_write  ft_servo_hw.o
    0x0800a178   0x0800a178   0x00000006   Code   RO         8751    i.ft_servo_uart_delay  ft_servo_uart.o
    0x0800a17e   0x0800a17e   0x00000002   PAD
    0x0800a180   0x0800a180   0x00000020   Code   RO         8752    i.ft_servo_uart_init  ft_servo_uart.o
    0x0800a1a0   0x0800a1a0   0x00000020   Code   RO         8753    i.ft_servo_uart_receive  ft_servo_uart.o
    0x0800a1c0   0x0800a1c0   0x00000020   Code   RO         8754    i.ft_servo_uart_send  ft_servo_uart.o
    0x0800a1e0   0x0800a1e0   0x000000e8   Code   RO         9615    i.get_angle         AHRS.lib(ahrs.o)
    0x0800a2c8   0x0800a2c8   0x00000008   Code   RO         7475    i.get_error_list_point  detect_task.o
    0x0800a2d0   0x0800a2d0   0x00000008   Code   RO         7515    i.get_key_data_point  key_task.o
    0x0800a2d8   0x0800a2d8   0x00000008   Code   RO         7548    i.get_remote_ch_point  remote_receive.o
    0x0800a2e0   0x0800a2e0   0x0000001c   Code   RO         7664    i.get_servo_measure_point  servo_receive.o
    0x0800a2fc   0x0800a2fc   0x000000ec   Code   RO         7142    i.imu_cali_slove    ins_task.o
    0x0800a3e8   0x0800a3e8   0x00000110   Code   RO         7143    i.imu_cmd_spi_dma   ins_task.o
    0x0800a4f8   0x0800a4f8   0x00000002   Code   RO         7052    i.ist8310_GPIO_init  ist8310driver_middleware.o
    0x0800a4fa   0x0800a4fa   0x00000002   PAD
    0x0800a4fc   0x0800a4fc   0x0000001c   Code   RO         7053    i.ist8310_IIC_read_muli_reg  ist8310driver_middleware.o
    0x0800a518   0x0800a518   0x00000024   Code   RO         7054    i.ist8310_IIC_read_single_reg  ist8310driver_middleware.o
    0x0800a53c   0x0800a53c   0x00000024   Code   RO         7056    i.ist8310_IIC_write_single_reg  ist8310driver_middleware.o
    0x0800a560   0x0800a560   0x00000010   Code   RO         7057    i.ist8310_RST_H     ist8310driver_middleware.o
    0x0800a570   0x0800a570   0x00000010   Code   RO         7058    i.ist8310_RST_L     ist8310driver_middleware.o
    0x0800a580   0x0800a580   0x00000002   Code   RO         7059    i.ist8310_com_init  ist8310driver_middleware.o
    0x0800a582   0x0800a582   0x00000004   Code   RO         7060    i.ist8310_delay_ms  ist8310driver_middleware.o
    0x0800a586   0x0800a586   0x00000002   PAD
    0x0800a588   0x0800a588   0x00000080   Code   RO         7017    i.ist8310_init      ist8310driver.o
    0x0800a608   0x0800a608   0x00000054   Code   RO         7018    i.ist8310_read_mag  ist8310driver.o
    0x0800a65c   0x0800a65c   0x000000b4   Code   RO         7516    i.key_task          key_task.o
    0x0800a710   0x0800a710   0x00000118   Code   RO         7334    i.led_task          led_task.o
    0x0800a828   0x0800a828   0x00000020   Code   RO         6755    i.left_push_rog_off  bsp_push_rog.o
    0x0800a848   0x0800a848   0x000000b4   Code   RO           16    i.main              main.o
    0x0800a8fc   0x0800a8fc   0x0000000c   Code   RO         5849    i.makeFreeRtosPriority  cmsis_os.o
    0x0800a908   0x0800a908   0x00000010   Code   RO         5851    i.osDelay           cmsis_os.o
    0x0800a918   0x0800a918   0x0000000a   Code   RO         5854    i.osKernelStart     cmsis_os.o
    0x0800a922   0x0800a922   0x0000005c   Code   RO         5888    i.osThreadCreate    cmsis_os.o
    0x0800a97e   0x0800a97e   0x00000002   PAD
    0x0800a980   0x0800a980   0x00000024   Code   RO         5474    i.pcTaskGetName     tasks.o
    0x0800a9a4   0x0800a9a4   0x00000080   Code   RO         5475    i.prvAddCurrentTaskToDelayedList  tasks.o
    0x0800aa24   0x0800aa24   0x00000088   Code   RO         5476    i.prvAddNewTaskToReadyList  tasks.o
    0x0800aaac   0x0800aaac   0x00000040   Code   RO         5477    i.prvCheckTasksWaitingTermination  tasks.o
    0x0800aaec   0x0800aaec   0x00000040   Code   RO         5478    i.prvDeleteTCB      tasks.o
    0x0800ab2c   0x0800ab2c   0x00000050   Code   RO         6228    i.prvHeapInit       heap_4.o
    0x0800ab7c   0x0800ab7c   0x00000028   Code   RO         5479    i.prvIdleTask       tasks.o
    0x0800aba4   0x0800aba4   0x00000098   Code   RO         5480    i.prvInitialiseNewTask  tasks.o
    0x0800ac3c   0x0800ac3c   0x00000060   Code   RO         5481    i.prvInitialiseTaskLists  tasks.o
    0x0800ac9c   0x0800ac9c   0x0000005c   Code   RO         6229    i.prvInsertBlockIntoFreeList  heap_4.o
    0x0800acf8   0x0800acf8   0x00000024   Code   RO         5482    i.prvResetNextTaskUnblockTime  tasks.o
    0x0800ad1c   0x0800ad1c   0x0000006e   Code   RO         5483    i.prvSearchForNameWithinSingleList  tasks.o
    0x0800ad8a   0x0800ad8a   0x00000018   Code   RO         5484    i.prvTaskCheckFreeStackSpace  tasks.o
    0x0800ada2   0x0800ada2   0x00000002   PAD
    0x0800ada4   0x0800ada4   0x00000030   Code   RO         6297    i.prvTaskExitError  port.o
    0x0800add4   0x0800add4   0x000000e8   Code   RO         6230    i.pvPortMalloc      heap_4.o
    0x0800aebc   0x0800aebc   0x0000002c   Code   RO         6298    i.pxPortInitialiseStack  port.o
    0x0800aee8   0x0800aee8   0x00000084   Code   RO         9620    i.quat_normalization  AHRS.lib(ahrs.o)
    0x0800af6c   0x0800af6c   0x00000020   Code   RO         7549    i.remote_receive_init  remote_receive.o
    0x0800af8c   0x0800af8c   0x00000024   Code   RO         6756    i.right_push_rog_off  bsp_push_rog.o
    0x0800afb0   0x0800afb0   0x000001d0   Code   RO         7550    i.sbus_to_remote_ch  remote_receive.o
    0x0800b180   0x0800b180   0x00000064   Code   RO         7665    i.servo_receive_task  servo_receive.o
    0x0800b1e4   0x0800b1e4   0x00000020   Code   RO         6757    i.shorten_left_push_rog  bsp_push_rog.o
    0x0800b204   0x0800b204   0x00000024   Code   RO         6758    i.shorten_right_push_rog  bsp_push_rog.o
    0x0800b228   0x0800b228   0x0000003e   Code   RO         9905    i.sqrtf             m_wm.l(sqrtf_full.o)
    0x0800b266   0x0800b266   0x00000002   PAD
    0x0800b268   0x0800b268   0x00000070   Code   RO         7269    i.test_task         test_task.o
    0x0800b2d8   0x0800b2d8   0x00000018   Code   RO         7476    i.toe_is_error      detect_task.o
    0x0800b2f0   0x0800b2f0   0x00000092   Code   RO         7592    i.transform_set_control  transform_task.o
    0x0800b382   0x0800b382   0x00000002   PAD
    0x0800b384   0x0800b384   0x00000108   Code   RO         7593    i.transform_set_mode  transform_task.o
    0x0800b48c   0x0800b48c   0x00000064   Code   RO         7594    i.transform_task    transform_task.o
    0x0800b4f0   0x0800b4f0   0x00000068   Code   RO         5487    i.ulTaskNotifyTake  tasks.o
    0x0800b558   0x0800b558   0x0000007a   Code   RO         9621    i.update_w          AHRS.lib(ahrs.o)
    0x0800b5d2   0x0800b5d2   0x00000002   PAD
    0x0800b5d4   0x0800b5d4   0x00000048   Code   RO         6565    i.usart1_tx_dma_init  bsp_usart.o
    0x0800b61c   0x0800b61c   0x00000040   Code   RO         7395    i.usb_task          usb_task.o
    0x0800b65c   0x0800b65c   0x00000026   Code   RO         5088    i.uxListRemove      list.o
    0x0800b682   0x0800b682   0x00000002   PAD
    0x0800b684   0x0800b684   0x00000014   Code   RO         5490    i.uxTaskGetStackHighWaterMark  tasks.o
    0x0800b698   0x0800b698   0x00000014   Code   RO          310    i.vApplicationGetIdleTaskMemory  freertos.o
    0x0800b6ac   0x0800b6ac   0x00000016   Code   RO         5089    i.vListInitialise   list.o
    0x0800b6c2   0x0800b6c2   0x00000006   Code   RO         5090    i.vListInitialiseItem  list.o
    0x0800b6c8   0x0800b6c8   0x00000036   Code   RO         5091    i.vListInsert       list.o
    0x0800b6fe   0x0800b6fe   0x00000018   Code   RO         5092    i.vListInsertEnd    list.o
    0x0800b716   0x0800b716   0x00000002   PAD
    0x0800b718   0x0800b718   0x00000040   Code   RO         6300    i.vPortEnterCritical  port.o
    0x0800b758   0x0800b758   0x0000002c   Code   RO         6301    i.vPortExitCritical  port.o
    0x0800b784   0x0800b784   0x00000064   Code   RO         6231    i.vPortFree         heap_4.o
    0x0800b7e8   0x0800b7e8   0x00000024   Code   RO         6302    i.vPortSetupTimerInterrupt  port.o
    0x0800b80c   0x0800b80c   0x00000054   Code   RO         6303    i.vPortValidateInterruptPriority  port.o
    0x0800b860   0x0800b860   0x00000050   Code   RO         5495    i.vTaskDelay        tasks.o
    0x0800b8b0   0x0800b8b0   0x000000bc   Code   RO         5501    i.vTaskNotifyGiveFromISR  tasks.o
    0x0800b96c   0x0800b96c   0x00000088   Code   RO         5509    i.vTaskStartScheduler  tasks.o
    0x0800b9f4   0x0800b9f4   0x00000010   Code   RO         5511    i.vTaskSuspendAll   tasks.o
    0x0800ba04   0x0800ba04   0x00000060   Code   RO         5512    i.vTaskSwitchContext  tasks.o
    0x0800ba64   0x0800ba64   0x00000094   Code   RO         8629    i.write_buf         ft_servo_protocol.o
    0x0800baf8   0x0800baf8   0x00000104   Code   RO         6304    i.xPortStartScheduler  port.o
    0x0800bbfc   0x0800bbfc   0x0000006c   Code   RO         5516    i.xTaskCreate       tasks.o
    0x0800bc68   0x0800bc68   0x00000060   Code   RO         5517    i.xTaskCreateStatic  tasks.o
    0x0800bcc8   0x0800bcc8   0x0000008c   Code   RO         5521    i.xTaskGetHandle    tasks.o
    0x0800bd54   0x0800bd54   0x0000001c   Code   RO         5522    i.xTaskGetSchedulerState  tasks.o
    0x0800bd70   0x0800bd70   0x0000000c   Code   RO         5523    i.xTaskGetTickCount  tasks.o
    0x0800bd7c   0x0800bd7c   0x000000d4   Code   RO         5525    i.xTaskIncrementTick  tasks.o
    0x0800be50   0x0800be50   0x000000cc   Code   RO         5531    i.xTaskResumeAll    tasks.o
    0x0800bf1c   0x0800bf1c   0x00000118   Data   RO          312    .constdata          freertos.o
    0x0800c034   0x0800c034   0x00000008   Data   RO         2899    .constdata          stm32f4xx_hal_dma.o
    0x0800c03c   0x0800c03c   0x00000010   Data   RO         4951    .constdata          system_stm32f4xx.o
    0x0800c04c   0x0800c04c   0x00000008   Data   RO         4952    .constdata          system_stm32f4xx.o
    0x0800c054   0x0800c054   0x00000012   Data   RO         6829    .constdata          bmi088driver.o
    0x0800c066   0x0800c066   0x0000000c   Data   RO         7020    .constdata          ist8310driver.o
    0x0800c072   0x0800c072   0x00000002   PAD
    0x0800c074   0x0800c074   0x0000000c   Data   RO         7365    .constdata          buzzer_task.o
    0x0800c080   0x0800c080   0x0000001e   Data   RO         7478    .constdata          detect_task.o
    0x0800c09e   0x0800c09e   0x00000002   PAD
    0x0800c0a0   0x0800c0a0   0x0000000c   Data   RO         9622    .constdata          AHRS.lib(ahrs.o)
    0x0800c0ac   0x0800c0ac   0x00000804   Data   RO         9832    .constdata          arm_cortexM4lf_math.lib(arm_common_tables.o)
    0x0800c8b0   0x0800c8b0   0x00000068   Data   RO          313    .conststring        freertos.o
    0x0800c918   0x0800c918   0x00000020   Data   RO        10030    Region$$Table       anon$$obj.o


    Execution Region RW_IRAM1 (Exec base: 0x20000000, Load base: 0x0800c938, Size: 0x000058d8, Max: 0x0001c000, ABSOLUTE, COMPRESSED[0x000000c4])

    Exec Addr    Load Addr    Size         Type   Attr      Idx    E Section Name        Object

    0x20000000   COMPRESSED   0x00000028   Data   RW          314    .data               freertos.o
    0x20000028   COMPRESSED   0x00000004   Data   RW          408    .data               can.o
    0x2000002c   COMPRESSED   0x0000000c   Data   RW         3344    .data               stm32f4xx_hal.o
    0x20000038   COMPRESSED   0x00000004   Data   RW         4953    .data               system_stm32f4xx.o
    0x2000003c   COMPRESSED   0x0000003c   Data   RW         5534    .data               tasks.o
    0x20000078   COMPRESSED   0x00000020   Data   RW         6237    .data               heap_4.o
    0x20000098   COMPRESSED   0x0000000c   Data   RW         6305    .data               port.o
    0x200000a4   COMPRESSED   0x00000008   Data   RW         6700    .data               bsp_led.o
    0x200000ac   COMPRESSED   0x0000002c   Data   RW         6830    .data               bmi088driver.o
    0x200000d8   COMPRESSED   0x000000a0   Data   RW         7148    .data               ins_task.o
    0x20000178   COMPRESSED   0x00000008   Data   RW         7270    .data               test_task.o
    0x20000180   COMPRESSED   0x0000001c   Data   RW         7335    .data               led_task.o
    0x2000019c   COMPRESSED   0x00000008   Data   RW         7366    .data               buzzer_task.o
    0x200001a4   COMPRESSED   0x00000004   Data   RW         7397    .data               usb_task.o
    0x200001a8   COMPRESSED   0x00000001   Data   RW         7450    .data               can_receive.o
    0x200001a9   COMPRESSED   0x00000003   PAD
    0x200001ac   COMPRESSED   0x0000000c   Data   RW         7479    .data               detect_task.o
    0x200001b8   COMPRESSED   0x00000002   Data   RW         7552    .data               remote_receive.o
    0x200001ba   COMPRESSED   0x00000002   Data   RW         8000    .data               ft_servo_hw.o
    0x200001bc   COMPRESSED   0x00000004   Data   RW         8630    .data               ft_servo_protocol.o
    0x200001c0   COMPRESSED   0x00000004   Data   RW         8755    .data               ft_servo_uart.o
    0x200001c4   COMPRESSED   0x00000001   Data   RW         9362    .data               usbd_ctlreq.o
    0x200001c5   COMPRESSED   0x00000003   PAD
    0x200001c8   COMPRESSED   0x00000053   Data   RW         9521    .data               usbd_cdc.o
    0x2000021b   COMPRESSED   0x00000001   PAD
    0x2000021c   COMPRESSED   0x00000010   Data   RW         9623    .data               AHRS.lib(ahrs.o)
    0x2000022c   COMPRESSED   0x00000004   Data   RW        10003    .data               mc_w.l(errno.o)
    0x20000230        -       0x00000254   Zero   RW          311    .bss                freertos.o
    0x20000484        -       0x00000050   Zero   RW          407    .bss                can.o
    0x200004d4        -       0x00000054   Zero   RW          479    .bss                i2c.o
    0x20000528        -       0x00000118   Zero   RW          521    .bss                spi.o
    0x20000640        -       0x00000120   Zero   RW          567    .bss                tim.o
    0x20000760        -       0x00000258   Zero   RW          631    .bss                usart.o
    0x200009b8        -       0x00000048   Zero   RW          831    .bss                stm32f4xx_hal_timebase_tim.o
    0x20000a00        -       0x000000f0   Zero   RW         5533    .bss                tasks.o
    0x20000af0        -       0x00003c00   Zero   RW         6236    .bss                heap_4.o
    0x200046f0        -       0x000000d4   Zero   RW         7144    .bss                ins_task.o
    0x200047c4        -       0x00000100   Zero   RW         7396    .bss                usb_task.o
    0x200048c4        -       0x000000d8   Zero   RW         7477    .bss                detect_task.o
    0x2000499c        -       0x00000014   Zero   RW         7517    .bss                key_task.o
    0x200049b0        -       0x00000068   Zero   RW         7551    .bss                remote_receive.o
    0x20004a18        -       0x00000014   Zero   RW         7595    .bss                transform_task.o
    0x20004a2c        -       0x00000038   Zero   RW         7666    .bss                servo_receive.o
    0x20004a64        -       0x00000080   Zero   RW         7999    .bss                ft_servo_hw.o
    0x20004ae4        -       0x0000000f   Zero   RW         8494    .bss                ft_servo_app.o
    0x20004af3   COMPRESSED   0x00000001   PAD
    0x20004af4        -       0x000002dc   Zero   RW         8796    .bss                usb_device.o
    0x20004dd0        -       0x00000704   Zero   RW         9010    .bss                usbd_conf.o
    0x200054d4   COMPRESSED   0x00000004   PAD
    0x200054d8        -       0x00000400   Zero   RW            1    STACK               startup_stm32f407xx.o


    Execution Region RW_IRAM2 (Exec base: 0x2001c000, Load base: 0x0800c9fc, Size: 0x00000000, Max: 0x00004000, ABSOLUTE)

    **** No section assigned to this execution region ****


==============================================================================

Image component sizes


      Code (inc. data)   RO Data    RW Data    ZI Data      Debug   Object Name

        70          6          0          0          0       5296   ahrs_middleware.o
      2158         32         18         44          0      10983   bmi088driver.o
       108         28          0          0          0       4776   bmi088middleware.o
        32         10          0          0          0       1037   bsp_buzzer.o
        88          8          0          0          0        610   bsp_can.o
        36         10          0          0          0        603   bsp_delay.o
        60          8          0          8          0        640   bsp_led.o
       204         28          0          0          0       3361   bsp_push_rog.o
        96         12          0          0          0       1070   bsp_rc.o
      4964         74          0          0          0     610766   bsp_spi.o
        72         12          0          0          0       1125   bsp_usart.o
       144         10         12          8          0       1782   buzzer_task.o
       388         42          0          4         80       2642   can.o
        36          6          0          1          0       1438   can_receive.o
         8          0          0          0          0        519   car_task.o
       130          0          0          0          0      23239   cmsis_os.o
       480         38         30         12        216       4101   detect_task.o
       140          4          0          0          0        918   dma.o
         0          0          0          0          0      16776   event_groups.o
       256         12        384         40        596       2910   freertos.o
       372         42          0          0         15       7618   ft_servo_app.o
       104         26          0          2        128       3636   ft_servo_hw.o
       740         24          0          4          0       9351   ft_servo_protocol.o
       102         12          0          4          0       3192   ft_servo_uart.o
       464         30          0          0          0       1295   gpio.o
       504         32          0         32      15360       7815   heap_4.o
       200         32          0          0         84       1853   i2c.o
      1924        104          0        160        212      15437   ins_task.o
       212         10         12          0          0       2662   ist8310driver.o
       140         28          0          0          0       5199   ist8310driver_middleware.o
       188         14          0          0         20       1880   key_task.o
       280          8          0         28          0       1720   led_task.o
       144          0          0          0          0       3790   list.o
       352         32          0          0          0     766216   main.o
       814         92          0         12          0      12377   port.o
       692         34          0          2        104       3636   remote_receive.o
       128         14          0          0         56       2808   servo_receive.o
       324         34          0          0        280       2043   spi.o
        36          8        392          0       1024        868   startup_stm32f407xx.o
       116         18          0         12          0       8954   stm32f4xx_hal.o
      1450          6          0          0          0      13832   stm32f4xx_hal_can.o
       158         14          0          0          0      33210   stm32f4xx_hal_cortex.o
       752         16          8          0          0       4240   stm32f4xx_hal_dma.o
       540         52          0          0          0       3638   stm32f4xx_hal_gpio.o
      2294         52          0          0          0      13598   stm32f4xx_hal_i2c.o
        56          4          0          0          0        934   stm32f4xx_hal_msp.o
      2214         12          0          0          0      10822   stm32f4xx_hal_pcd.o
         2          0          0          0          0       1001   stm32f4xx_hal_pcd_ex.o
      1424         92          0          0          0       6641   stm32f4xx_hal_rcc.o
       976         14          0          0          0       5069   stm32f4xx_hal_spi.o
      2102        168          0          0          0      18551   stm32f4xx_hal_tim.o
       232         28          0          0          0       3469   stm32f4xx_hal_tim_ex.o
       152         20          0          0         72       1579   stm32f4xx_hal_timebase_tim.o
       896         10          0          0          0       6223   stm32f4xx_hal_uart.o
       120         42          0          0          0       8543   stm32f4xx_it.o
      1696         90          0          0          0      16346   stm32f4xx_ll_usb.o
         0          0          0          0          0        416   stream_buffer.o
        16          4         24          4          0       1223   system_stm32f4xx.o
      2326        200          0         60        240      29137   tasks.o
       112          4          0          8          0       2562   test_task.o
      1096         92          0          0        288       5291   tim.o
       510         30          0          0         20       5169   transform_task.o
       728         80          0          0        600       3776   usart.o
         0          0          0          0        732       2102   usb_device.o
        64         20          0          4        256       1495   usb_task.o
       116          4          0         83          0       4464   usbd_cdc.o
        44          4          0          0          0       1169   usbd_cdc_if.o
       376          4          0          0       1796      13766   usbd_conf.o
       874          0          0          0          0      13387   usbd_core.o
      1816         28          0          1          0      16979   usbd_ctlreq.o
       102          0          0          0          0       4004   usbd_ioreq.o

    ----------------------------------------------------------------------
     40622       2024        916        540      22184    1809578   Object Totals
         0          0         32          0          0          0   (incl. Generated)
        72          0          4          7          5          0   (incl. Padding)

    ----------------------------------------------------------------------

      Code (inc. data)   RO Data    RW Data    ZI Data      Debug   Library Member Name

      2718         84         12         16          0       9922   ahrs.o
         0          0       2052          0          0       4636   arm_common_tables.o
       120         12          0          0          0      16970   arm_cos_f32.o
       116         12          0          0          0        658   arm_sin_f32.o
       300         42          0          0          0        176   asinf.o
       592         90          0          0          0        184   atan2f.o
        38          0          0          0          0        116   fpclassifyf.o
        44         12          0          0          0        464   funder.o
       120          0          0          0          0        272   sqrtf_full.o
        86          0          0          0          0          0   __dczerorl2.o
         0          0          0          0          0          0   entry.o
         0          0          0          0          0          0   entry10a.o
         0          0          0          0          0          0   entry11a.o
         8          4          0          0          0          0   entry2.o
         4          0          0          0          0          0   entry5.o
         0          0          0          0          0          0   entry7b.o
         0          0          0          0          0          0   entry8b.o
         8          4          0          0          0          0   entry9a.o
        12          6          0          4          0         68   errno.o
        30          0          0          0          0          0   handlers.o
        36          8          0          0          0         68   init.o
         0          0          0          0          0          0   iusefp.o
        30          0          0          0          0         68   llshl.o
        36          0          0          0          0         68   llsshr.o
        32          0          0          0          0         68   llushr.o
        36          0          0          0          0         68   memcpya.o
        36          0          0          0          0        108   memseta.o
      2272         86          0          0          0        516   printfa.o
        14          0          0          0          0         68   strlen.o
        44          0          0          0          0         80   uidiv.o
        98          0          0          0          0         92   uldiv.o
        48          0          0          0          0         68   cdrcmple.o
       334          0          0          0          0        148   dadd.o
       222          0          0          0          0        100   ddiv.o
       186          0          0          0          0        176   depilogue.o
        48          0          0          0          0         68   dfixul.o
       228          0          0          0          0         96   dmul.o

    ----------------------------------------------------------------------
      7910        360       2064         20          0      35326   Library Totals
        14          0          0          0          0          0   (incl. Padding)

    ----------------------------------------------------------------------

      Code (inc. data)   RO Data    RW Data    ZI Data      Debug   Library Name

      2718         84         12         16          0       9922   AHRS.lib
       236         24       2052          0          0      22264   arm_cortexM4lf_math.lib
      1094        144          0          0          0       1212   m_wm.l
      2782        108          0          4          0       1272   mc_w.l
      1066          0          0          0          0        656   mf_w.l

    ----------------------------------------------------------------------
      7910        360       2064         20          0      35326   Library Totals

    ----------------------------------------------------------------------

==============================================================================


      Code (inc. data)   RO Data    RW Data    ZI Data      Debug   

     48532       2384       2980        560      22184    1805952   Grand Totals
     48532       2384       2980        196      22184    1805952   ELF Image Totals (compressed)
     48532       2384       2980        196          0          0   ROM Totals

==============================================================================

    Total RO  Size (Code + RO Data)                51512 (  50.30kB)
    Total RW  Size (RW Data + ZI Data)             22744 (  22.21kB)
    Total ROM Size (Code + RO Data + RW Data)      51708 (  50.50kB)

==============================================================================

